<html>
<body>
<pre>
<h1>礦ision Build Log</h1>
<h2>Tool Versions:</h2>
IDE-Version: μVision V5.13.0.0
Copyright (C) 2014 ARM Ltd and ARM Germany GmbH. All rights reserved.
License Information: peng yechang, Wuhan, LIC=IK101-CY7UJ-PZFWB-2PH7F-E1BV1-F7PPH
 
Tool Versions:
Toolchain:       MDK-ARM Standard  Version: 5.13.0.0
Toolchain Path:  C:\Keil_v5\ARM\ARMCC\Bin
C Compiler:      Armcc.exe V5.05 update 1 (build 106)
Assembler:       Armasm.exe V5.05 update 1 (build 106)
Linker/Locator:  ArmLink.exe V5.05 update 1 (build 106)
Library Manager: ArmAr.exe V5.05 update 1 (build 106)
Hex Converter:   FromElf.exe V5.05 update 1 (build 106)
CPU DLL:         SARMCM3.DLL V5.13.0.0
Dialog DLL:      DCM.DLL V1.13.1.0
Target DLL:      Segger\JL2CM3.dll V2.99.11.0
Dialog DLL:      TCM.DLL V1.14.4.0
 
<h2>Project:</h2>
C:\Users\User\Documents\飞思卡尔比赛\2017飞思卡尔\Freescale 2017 - 摄像头部分\PRJ\Freescale 2016.uvprojx
Project File Date:  03/12/2017

<h2>Output:</h2>
Build target 'MK60DN'
compiling main.c...
..\SRC\HARDWARE\SERVO\servo.h(8): warning:  #1295-D: Deprecated declaration servoPidInit - give arg types
  void servoPidInit();
..\SRC\HARDWARE\SERVO\servo.h(9): warning:  #1295-D: Deprecated declaration updateServoPid - give arg types
  void updateServoPid();
..\SRC\HARDWARE\USART\usart.h(9): warning:  #1-D: last line of file ends without a newline
  #endif
..\SRC\HARDWARE\IMAGEDEAL\image_control.h(17): warning:  #1-D: last line of file ends without a newline
  #endif
..\SRC\USER\main.c(20): warning:  #177-D: variable "ImgDealTimes" was declared but never referenced
        uint8_t ImgDealTimes = 0;                       //1s内的图像处理次数
..\SRC\USER\main.c(21): warning:  #177-D: variable "StartTime" was declared but never referenced
        uint32_t StartTime = 0;             //主程序开始时的时间
..\SRC\USER\main.c(22): warning:  #177-D: variable "EndTime" was declared but never referenced
        uint32_t EndTime = 0;                           //主程序结束时的时间
..\SRC\USER\main.c: 7 warnings, 0 errors
linking...
Program Size: Code=26392 RO-data=1628 RW-data=196 ZI-data=39636  
FromELF: creating hex file...
"..\OBJ\Freescale 2016.axf" - 0 Error(s), 7 Warning(s).

<h2>Collection of Component include folders:</h2>
  C:\Users\User\Documents\飞思卡尔比赛\2017飞思卡尔\Freescale 2017 - 摄像头部分\PRJ\RTE
  C:\Keil_v5\ARM\PACK\Keil\Kinetis_K60_DFP\1.4.0\Device\Include

<h2>Collection of Component Files used:</h2>
</pre>
</body>
</html>
