Component: ARM Compiler 5.05 update 1 (build 106) Tool: armlink [4d0efa]

==============================================================================

Section Cross References

    startup_mk60d10.o(STACK) refers (Special) to heapauxi.o(.text) for __use_two_region_memory
    startup_mk60d10.o(HEAP) refers (Special) to heapauxi.o(.text) for __use_two_region_memory
    startup_mk60d10.o(RESET) refers (Special) to heapauxi.o(.text) for __use_two_region_memory
    startup_mk60d10.o(RESET) refers to startup_mk60d10.o(STACK) for __initial_sp
    startup_mk60d10.o(RESET) refers to startup_mk60d10.o(.text) for Reset_Handler
    startup_mk60d10.o(RESET) refers to common.o(.text) for NMI_Handler
    startup_mk60d10.o(RESET) refers to dma.o(.text) for DMA0_IRQHandler
    startup_mk60d10.o(RESET) refers to wdog.o(.text) for Watchdog_IRQHandler
    startup_mk60d10.o(RESET) refers to spi.o(.text) for SPI0_IRQHandler
    startup_mk60d10.o(RESET) refers to uart.o(.text) for UART0_RX_TX_IRQHandler
    startup_mk60d10.o(RESET) refers to adc.o(.text) for ADC0_IRQHandler
    startup_mk60d10.o(RESET) refers to ftm.o(.text) for FTM0_IRQHandler
    startup_mk60d10.o(RESET) refers to rtc.o(.text) for RTC_IRQHandler
    startup_mk60d10.o(RESET) refers to pit.o(.text) for PIT0_IRQHandler
    startup_mk60d10.o(RESET) refers to dac.o(.text) for DAC0_IRQHandler
    startup_mk60d10.o(RESET) refers to lptmr.o(.text) for LPTimer_IRQHandler
    startup_mk60d10.o(RESET) refers to gpio.o(.text) for PORTA_IRQHandler
    startup_mk60d10.o(.ARM.__at_0x400) refers (Special) to heapauxi.o(.text) for __use_two_region_memory
    startup_mk60d10.o(.text) refers (Special) to heapauxi.o(.text) for __use_two_region_memory
    startup_mk60d10.o(.text) refers to system_mk60d10.o(.text) for SystemInit
    startup_mk60d10.o(.text) refers to __main.o(!!!main) for __main
    startup_mk60d10.o(.text) refers to startup_mk60d10.o(HEAP) for Heap_Mem
    startup_mk60d10.o(.text) refers to startup_mk60d10.o(STACK) for Stack_Mem
    system_mk60d10.o(.text) refers to system_mk60d10.o(.data) for SystemCoreClock
    main.o(.text) refers to common.o(.text) for DelayInit
    main.o(.text) refers to servo.o(.text) for Servo_Init
    main.o(.text) refers to freecars.o(.text) for FreeCars_Init
    main.o(.text) refers to camera.o(.text) for Camera_Init
    main.o(.text) refers to isr.o(.text) for ISR_Config
    main.o(.text) refers to ftm.o(.text) for FTM_PWM_ChangeDuty
    main.o(.text) refers to image_control.o(.text) for findCenterLine
    main.o(.text) refers to servo.o(.data) for Servo_Middle
    main.o(.text) refers to isr.o(.data) for ImgOK
    main.o(.text) refers to camera.o(.bss) for Image_Buff1
    main.o(.text) refers to camera.o(.data) for Image_Deal
    main.o(.text) refers to main.o(.data) for center
    isr.o(.text) refers to gpio.o(.text) for GPIO_ITDMAConfig
    isr.o(.text) refers to dma.o(.text) for DMA_DisableRequest
    isr.o(.text) refers to common.o(.text) for NVIC_Init
    isr.o(.text) refers to isr.o(.data) for ImgDealOK
    isr.o(.text) refers to camera.o(.bss) for Image_Buff1
    adc.o(.text) refers to adc.o(.constdata) for ADC_InstanceTable
    adc.o(.text) refers to gpio.o(.text) for PORT_PinMuxConfig
    adc.o(.text) refers to adc.o(.data) for ADC_CallBackTable
    common.o(.text) refers to system_mk60d10.o(.text) for SystemCoreClockUpdate
    common.o(.text) refers to system_mk60d10.o(.data) for SystemCoreClock
    cpuidy.o(.text) refers to cpuidy.o(.data) for CPUIDY_FamIDTable
    cpuidy.o(.text) refers to cpuidy.o(.constdata) for CPUIDY_PinCountTable
    cpuidy.o(.data) refers to cpuidy.o(.conststring) for .conststring
    dac.o(.text) refers to dac.o(.constdata) for DAC_InstanceTable
    dac.o(.text) refers to dac.o(.data) for DAC_CallBackTable
    dma.o(.text) refers to dma.o(.constdata) for DMAMUX_InstanceTable
    dma.o(.text) refers to dma.o(.data) for DMAChlMAP
    dma.o(.text) refers to dma.o(.bss) for DMA_CallBackTable
    ftm.o(.text) refers to ftm.o(.constdata) for SIM_FTMClockGateTable
    ftm.o(.text) refers to gpio.o(.text) for PORT_PinMuxConfig
    ftm.o(.text) refers to common.o(.text) for GetClock
    ftm.o(.text) refers to ftm.o(.bss) for FTM_CallBackTable
    gpio.o(.text) refers to gpio.o(.constdata) for SIM_GPIOClockGateTable
    gpio.o(.text) refers to gpio.o(.bss) for GPIO_CallBackTable
    i2c.o(.text) refers to gpio.o(.text) for GPIO_QuickInit
    i2c.o(.text) refers to common.o(.text) for DelayUs
    i2c.o(.text) refers to i2c.o(.bss) for i2c
    lptmr.o(.text) refers to gpio.o(.text) for PORT_PinMuxConfig
    lptmr.o(.text) refers to lptmr.o(.constdata) for SIM_LPTMRClockGateTable
    lptmr.o(.text) refers to lptmr.o(.data) for LPTMR_CallBackTable
    pit.o(.text) refers to common.o(.text) for GetClock
    pit.o(.text) refers to pit.o(.data) for fac_us
    pit.o(.text) refers to pit.o(.constdata) for PIT_IRQnTable
    pit.o(.text) refers to pit.o(.bss) for PIT_CallBackTable
[...]
    ../clib/signal.c                         0x00000000   Number         0  defsig_cppl_inner.o ABSOLUTE
    ../clib/signal.c                         0x00000000   Number         0  defsig_other.o ABSOLUTE
    ../clib/signal.c                         0x00000000   Number         0  defsig_exit.o ABSOLUTE
    ../clib/signal.s                         0x00000000   Number         0  defsig.o ABSOLUTE
    ../clib/stdlib.c                         0x00000000   Number         0  exit.o ABSOLUTE
    ../fplib/daddsub.s                       0x00000000   Number         0  daddsub_clz.o ABSOLUTE
    ../fplib/dcmpi.s                         0x00000000   Number         0  dcmpi.o ABSOLUTE
    ../fplib/ddiv.s                          0x00000000   Number         0  ddiv.o ABSOLUTE
    ../fplib/deqf.s                          0x00000000   Number         0  deqf.o ABSOLUTE
    ../fplib/dfix.s                          0x00000000   Number         0  dfix.o ABSOLUTE
    ../fplib/dfixu.s                         0x00000000   Number         0  dfixu.o ABSOLUTE
    ../fplib/dflt.s                          0x00000000   Number         0  dflt_clz.o ABSOLUTE
    ../fplib/dleqf.s                         0x00000000   Number         0  dleqf.o ABSOLUTE
    ../fplib/dmul.s                          0x00000000   Number         0  dmul.o ABSOLUTE
    ../fplib/dnaninf.s                       0x00000000   Number         0  dnaninf.o ABSOLUTE
    ../fplib/dretinf.s                       0x00000000   Number         0  dretinf.o ABSOLUTE
    ../fplib/drleqf.s                        0x00000000   Number         0  drleqf.o ABSOLUTE
    ../fplib/f2d.s                           0x00000000   Number         0  f2d.o ABSOLUTE
    ../fplib/faddsub.s                       0x00000000   Number         0  faddsub_clz.o ABSOLUTE
    ../fplib/fdiv.s                          0x00000000   Number         0  fdiv.o ABSOLUTE
    ../fplib/ffixu.s                         0x00000000   Number         0  ffixu.o ABSOLUTE
    ../fplib/fflt.s                          0x00000000   Number         0  fflt_clz.o ABSOLUTE
    ../fplib/fmul.s                          0x00000000   Number         0  fmul.o ABSOLUTE
    ../fplib/fnaninf.s                       0x00000000   Number         0  fnaninf.o ABSOLUTE
    ../fplib/fpinit.s                        0x00000000   Number         0  fpinit.o ABSOLUTE
    ../fplib/fretinf.s                       0x00000000   Number         0  fretinf.o ABSOLUTE
    ../fplib/usenofp.s                       0x00000000   Number         0  usenofp.o ABSOLUTE
    ..\SRC\ALGORITHM\FUZZYSPEED\fuzzzySpeed.c 0x00000000   Number         0  fuzzzyspeed.o ABSOLUTE
    ..\SRC\ALGORITHM\MYMATH\MyMath.c         0x00000000   Number         0  mymath.o ABSOLUTE
    ..\SRC\FWLIB\ADC\adc.c                   0x00000000   Number         0  adc.o ABSOLUTE
    ..\SRC\FWLIB\COMMON\common.c             0x00000000   Number         0  common.o ABSOLUTE
    ..\SRC\FWLIB\CPUIDY\cpuidy.c             0x00000000   Number         0  cpuidy.o ABSOLUTE
    ..\SRC\FWLIB\DAC\dac.c                   0x00000000   Number         0  dac.o ABSOLUTE
    ..\SRC\FWLIB\DMA\dma.c                   0x00000000   Number         0  dma.o ABSOLUTE
    ..\SRC\FWLIB\FTM\ftm.c                   0x00000000   Number         0  ftm.o ABSOLUTE
    ..\SRC\FWLIB\GPIO\gpio.c                 0x00000000   Number         0  gpio.o ABSOLUTE
    ..\SRC\FWLIB\I2C\i2c.c                   0x00000000   Number         0  i2c.o ABSOLUTE
    ..\SRC\FWLIB\LPTMR\lptmr.c               0x00000000   Number         0  lptmr.o ABSOLUTE
    ..\SRC\FWLIB\PIT\pit.c                   0x00000000   Number         0  pit.o ABSOLUTE
    ..\SRC\FWLIB\RTC\rtc.c                   0x00000000   Number         0  rtc.o ABSOLUTE
    ..\SRC\FWLIB\SD\sd.c                     0x00000000   Number         0  sd.o ABSOLUTE
    ..\SRC\FWLIB\SPI\spi.c                   0x00000000   Number         0  spi.o ABSOLUTE
    ..\SRC\FWLIB\SYSTICK\SysTick.c           0x00000000   Number         0  systick.o ABSOLUTE
    ..\SRC\FWLIB\UART\uart.c                 0x00000000   Number         0  uart.o ABSOLUTE
    ..\SRC\FWLIB\VREF\vref.c                 0x00000000   Number         0  vref.o ABSOLUTE
    ..\SRC\FWLIB\WDOG\wdog.c                 0x00000000   Number         0  wdog.o ABSOLUTE
    ..\SRC\HARDWARE\BOMASWITCH\BomaSwitch.c  0x00000000   Number         0  bomaswitch.o ABSOLUTE
    ..\SRC\HARDWARE\CAMERA\camera.c          0x00000000   Number         0  camera.o ABSOLUTE
    ..\SRC\HARDWARE\FREECARS\FreeCars.c      0x00000000   Number         0  freecars.o ABSOLUTE
    ..\SRC\HARDWARE\IMAGEDEAL\image_control.c 0x00000000   Number         0  image_control.o ABSOLUTE
    ..\SRC\HARDWARE\SERVO\servo.c            0x00000000   Number         0  servo.o ABSOLUTE
    ..\SRC\HARDWARE\USART\usart.c            0x00000000   Number         0  usart.o ABSOLUTE
    ..\SRC\STARTUP\DeviceSupport\startup_MK60D10.s 0x00000000   Number         0  startup_mk60d10.o ABSOLUTE
    ..\SRC\STARTUP\DeviceSupport\system_MK60D10.c 0x00000000   Number         0  system_mk60d10.o ABSOLUTE
    ..\SRC\USER\isr.c                        0x00000000   Number         0  isr.o ABSOLUTE
    ..\SRC\USER\main.c                       0x00000000   Number         0  main.o ABSOLUTE
    ..\\SRC\\ALGORITHM\\FUZZYSPEED\\fuzzzySpeed.c 0x00000000   Number         0  fuzzzyspeed.o ABSOLUTE
    ..\\SRC\\FWLIB\\ADC\\adc.c               0x00000000   Number         0  adc.o ABSOLUTE
    ..\\SRC\\FWLIB\\COMMON\\common.c         0x00000000   Number         0  common.o ABSOLUTE
    ..\\SRC\\FWLIB\\CPUIDY\\cpuidy.c         0x00000000   Number         0  cpuidy.o ABSOLUTE
    ..\\SRC\\FWLIB\\DAC\\dac.c               0x00000000   Number         0  dac.o ABSOLUTE
    ..\\SRC\\FWLIB\\DMA\\dma.c               0x00000000   Number         0  dma.o ABSOLUTE
    ..\\SRC\\FWLIB\\FTM\\ftm.c               0x00000000   Number         0  ftm.o ABSOLUTE
    ..\\SRC\\FWLIB\\GPIO\\gpio.c             0x00000000   Number         0  gpio.o ABSOLUTE
    ..\\SRC\\FWLIB\\I2C\\i2c.c               0x00000000   Number         0  i2c.o ABSOLUTE
    ..\\SRC\\FWLIB\\LPTMR\\lptmr.c           0x00000000   Number         0  lptmr.o ABSOLUTE
    ..\\SRC\\FWLIB\\PIT\\pit.c               0x00000000   Number         0  pit.o ABSOLUTE
    ..\\SRC\\FWLIB\\RTC\\rtc.c               0x00000000   Number         0  rtc.o ABSOLUTE
    ..\\SRC\\FWLIB\\SD\\sd.c                 0x00000000   Number         0  sd.o ABSOLUTE
    ..\\SRC\\FWLIB\\SPI\\spi.c               0x00000000   Number         0  spi.o ABSOLUTE
    ..\\SRC\\FWLIB\\SYSTICK\\SysTick.c       0x00000000   Number         0  systick.o ABSOLUTE
    ..\\SRC\\FWLIB\\UART\\uart.c             0x00000000   Number         0  uart.o ABSOLUTE
    ..\\SRC\\FWLIB\\VREF\\vref.c             0x00000000   Number         0  vref.o ABSOLUTE
    ..\\SRC\\FWLIB\\WDOG\\wdog.c             0x00000000   Number         0  wdog.o ABSOLUTE
    ..\\SRC\\HARDWARE\\BOMASWITCH\\BomaSwitch.c 0x00000000   Number         0  bomaswitch.o ABSOLUTE
    ..\\SRC\\HARDWARE\\CAMERA\\camera.c      0x00000000   Number         0  camera.o ABSOLUTE
    ..\\SRC\\HARDWARE\\FREECARS\\FreeCars.c  0x00000000   Number         0  freecars.o ABSOLUTE
    ..\\SRC\\HARDWARE\\IMAGEDEAL\\image_control.c 0x00000000   Number         0  image_control.o ABSOLUTE
    ..\\SRC\\HARDWARE\\SERVO\\servo.c        0x00000000   Number         0  servo.o ABSOLUTE
    ..\\SRC\\STARTUP\\DeviceSupport\\system_MK60D10.c 0x00000000   Number         0  system_mk60d10.o ABSOLUTE
    ..\\SRC\\USER\\isr.c                     0x00000000   Number         0  isr.o ABSOLUTE
    ..\\SRC\\USER\\main.c                    0x00000000   Number         0  main.o ABSOLUTE
    dc.s                                     0x00000000   Number         0  dc.o ABSOLUTE
    .ARM.__at_0x400                          0x00000400   Section       16  startup_mk60d10.o(.ARM.__at_0x400)
    !!!main                                  0x00000410   Section        8  __main.o(!!!main)
    !!!scatter                               0x00000418   Section       52  __scatter.o(!!!scatter)
    !!handler_copy                           0x0000044c   Section       26  __scatter_copy.o(!!handler_copy)
    !!handler_zi                             0x00000468   Section       28  __scatter_zi.o(!!handler_zi)
    .ARM.Collect$$libinit$$00000000          0x00000484   Section        2  libinit.o(.ARM.Collect$$libinit$$00000000)
    .ARM.Collect$$libinit$$00000002          0x00000486   Section        0  libinit2.o(.ARM.Collect$$libinit$$00000002)
    .ARM.Collect$$libinit$$00000004          0x00000486   Section        0  libinit2.o(.ARM.Collect$$libinit$$00000004)
    .ARM.Collect$$libinit$$0000000A          0x00000486   Section        0  libinit2.o(.ARM.Collect$$libinit$$0000000A)
    .ARM.Collect$$libinit$$0000000C          0x00000486   Section        0  libinit2.o(.ARM.Collect$$libinit$$0000000C)
    .ARM.Collect$$libinit$$0000000E          0x00000486   Section        0  libinit2.o(.ARM.Collect$$libinit$$0000000E)
    .ARM.Collect$$libinit$$00000011          0x00000486   Section        0  libinit2.o(.ARM.Collect$$libinit$$00000011)
    .ARM.Collect$$libinit$$00000013          0x00000486   Section        0  libinit2.o(.ARM.Collect$$libinit$$00000013)
    .ARM.Collect$$libinit$$00000015          0x00000486   Section        0  libinit2.o(.ARM.Collect$$libinit$$00000015)
    .ARM.Collect$$libinit$$00000017          0x00000486   Section        0  libinit2.o(.ARM.Collect$$libinit$$00000017)
    .ARM.Collect$$libinit$$00000019          0x00000486   Section        0  libinit2.o(.ARM.Collect$$libinit$$00000019)
    .ARM.Collect$$libinit$$0000001B          0x00000486   Section        0  libinit2.o(.ARM.Collect$$libinit$$0000001B)
    .ARM.Collect$$libinit$$0000001D          0x00000486   Section        0  libinit2.o(.ARM.Collect$$libinit$$0000001D)
    .ARM.Collect$$libinit$$0000001F          0x00000486   Section        0  libinit2.o(.ARM.Collect$$libinit$$0000001F)
    .ARM.Collect$$libinit$$00000021          0x00000486   Section        0  libinit2.o(.ARM.Collect$$libinit$$00000021)
    .ARM.Collect$$libinit$$00000023          0x00000486   Section        0  libinit2.o(.ARM.Collect$$libinit$$00000023)
    .ARM.Collect$$libinit$$00000025          0x00000486   Section        0  libinit2.o(.ARM.Collect$$libinit$$00000025)
    .ARM.Collect$$libinit$$0000002C          0x00000486   Section        0  libinit2.o(.ARM.Collect$$libinit$$0000002C)
    .ARM.Collect$$libinit$$0000002E          0x00000486   Section        0  libinit2.o(.ARM.Collect$$libinit$$0000002E)
    .ARM.Collect$$libinit$$00000030          0x00000486   Section        0  libinit2.o(.ARM.Collect$$libinit$$00000030)
    .ARM.Collect$$libinit$$00000032          0x00000486   Section        0  libinit2.o(.ARM.Collect$$libinit$$00000032)
    .ARM.Collect$$libinit$$00000033          0x00000486   Section        2  libinit2.o(.ARM.Collect$$libinit$$00000033)
    .ARM.Collect$$libshutdown$$00000000      0x00000488   Section        2  libshutdown.o(.ARM.Collect$$libshutdown$$00000000)
    .ARM.Collect$$libshutdown$$00000003      0x0000048a   Section        0  libshutdown2.o(.ARM.Collect$$libshutdown$$00000003)
    .ARM.Collect$$libshutdown$$00000006      0x0000048a   Section        0  libshutdown2.o(.ARM.Collect$$libshutdown$$00000006)
    .ARM.Collect$$libshutdown$$00000009      0x0000048a   Section        0  libshutdown2.o(.ARM.Collect$$libshutdown$$00000009)
    .ARM.Collect$$libshutdown$$0000000B      0x0000048a   Section        0  libshutdown2.o(.ARM.Collect$$libshutdown$$0000000B)
    .ARM.Collect$$libshutdown$$0000000E      0x0000048a   Section        0  libshutdown2.o(.ARM.Collect$$libshutdown$$0000000E)
    .ARM.Collect$$libshutdown$$0000000F      0x0000048a   Section        2  libshutdown2.o(.ARM.Collect$$libshutdown$$0000000F)
    .ARM.Collect$$rtentry$$00000000          0x0000048c   Section        0  __rtentry.o(.ARM.Collect$$rtentry$$00000000)
    .ARM.Collect$$rtentry$$00000002          0x0000048c   Section        0  __rtentry2.o(.ARM.Collect$$rtentry$$00000002)
    .ARM.Collect$$rtentry$$00000004          0x0000048c   Section        6  __rtentry4.o(.ARM.Collect$$rtentry$$00000004)
    .ARM.Collect$$rtentry$$00000009          0x00000492   Section        0  __rtentry2.o(.ARM.Collect$$rtentry$$00000009)
    .ARM.Collect$$rtentry$$0000000A          0x00000492   Section        4  __rtentry2.o(.ARM.Collect$$rtentry$$0000000A)
    .ARM.Collect$$rtentry$$0000000C          0x00000496   Section        0  __rtentry2.o(.ARM.Collect$$rtentry$$0000000C)
    .ARM.Collect$$rtentry$$0000000D          0x00000496   Section        8  __rtentry2.o(.ARM.Collect$$rtentry$$0000000D)
    .ARM.Collect$$rtexit$$00000000           0x0000049e   Section        2  rtexit.o(.ARM.Collect$$rtexit$$00000000)
    .ARM.Collect$$rtexit$$00000002           0x000004a0   Section        0  rtexit2.o(.ARM.Collect$$rtexit$$00000002)
    .ARM.Collect$$rtexit$$00000003           0x000004a0   Section        4  rtexit2.o(.ARM.Collect$$rtexit$$00000003)
    .ARM.Collect$$rtexit$$00000004           0x000004a4   Section        6  rtexit2.o(.ARM.Collect$$rtexit$$00000004)
    .text                                    0x000004ac   Section       64  startup_mk60d10.o(.text)
    .text                                    0x000004ec   Section        0  system_mk60d10.o(.text)
    .text                                    0x00000714   Section        0  main.o(.text)
    .text                                    0x00000798   Section        0  isr.o(.text)
    GPIOA_ISR                                0x00000799   Thumb Code   192  isr.o(.text)
    .text                                    0x000008d0   Section        0  adc.o(.text)
    .text                                    0x00000edc   Section        0  common.o(.text)
    .text                                    0x00001100   Section        0  dac.o(.text)
    DAC_IRQHandler                           0x000015f7   Thumb Code   122  dac.o(.text)
    NVIC_EnableIRQ                           0x00001685   Thumb Code    22  dac.o(.text)
    .text                                    0x000016a4   Section        0  dma.o(.text)
    DMA_IRQHandler                           0x00001a3b   Thumb Code    30  dma.o(.text)
    .text                                    0x00001b18   Section        0  ftm.o(.text)
    _FTM_InitBasic                           0x00001b19   Thumb Code   110  ftm.o(.text)
    get_chl_pair_index                       0x00001b87   Thumb Code    40  ftm.o(.text)
    FTM_DualChlConfig                        0x00001baf   Thumb Code   180  ftm.o(.text)
    FTM_SetMode                              0x00001ce7   Thumb Code  1140  ftm.o(.text)
    .text                                    0x000029c4   Section        0  gpio.o(.text)
    PORT_IRQHandler                          0x00002ed3   Thumb Code    48  gpio.o(.text)
    NVIC_EnableIRQ                           0x00002f35   Thumb Code    22  gpio.o(.text)
    .text                                    0x00002f60   Section        0  lptmr.o(.text)
    .text                                    0x0000319c   Section        0  pit.o(.text)
    PIT_IRQHandler                           0x000032cd   Thumb Code    42  pit.o(.text)
    .text                                    0x0000333c   Section        0  rtc.o(.text)
    RTC_DateTimeToSecond                     0x000033a9   Thumb Code   122  rtc.o(.text)
    RTC_SecondToDateTime                     0x00003423   Thumb Code   148  rtc.o(.text)
    NVIC_EnableIRQ                           0x00003801   Thumb Code    22  rtc.o(.text)
    .text                                    0x00003820   Section        0  spi.o(.text)
    dspi_hal_set_baud                        0x00003821   Thumb Code   226  spi.o(.text)
    SPI_IRQHandler                           0x00003d17   Thumb Code    42  spi.o(.text)
    .text                                    0x00003d68   Section        0  uart.o(.text)
    UART_putstr                              0x00003e5d   Thumb Code    26  uart.o(.text)
    printn                                   0x00003e77   Thumb Code    48  uart.o(.text)
    UART_IRQ_Handler                         0x000045ad   Thumb Code   190  uart.o(.text)
    NVIC_EnableIRQ                           0x000046a7   Thumb Code    22  uart.o(.text)
    .text                                    0x000046c8   Section        0  wdog.o(.text)
    WDOG_Unlock                              0x000046c9   Thumb Code    20  wdog.o(.text)
    .text                                    0x00004828   Section        0  freecars.o(.text)
    .text                                    0x0000490c   Section        0  camera.o(.text)
    .text                                    0x00004c38   Section        0  servo.o(.text)
    .text                                    0x0000500c   Section        0  image_control.o(.text)
    .text                                    0x00005a94   Section       78  rt_memclr_w.o(.text)
    .text                                    0x00005ae2   Section        0  heapauxi.o(.text)
    .text                                    0x00005ae8   Section       74  sys_stackheap_outer.o(.text)
    .text                                    0x00005b32   Section        0  exit.o(.text)
    .text                                    0x00005b40   Section        8  libspace.o(.text)
    .text                                    0x00005b48   Section        0  sys_exit.o(.text)
    .text                                    0x00005b54   Section        2  use_no_semi.o(.text)
    .text                                    0x00005b56   Section        0  indicate_semi.o(.text)
    x$fpl$dadd                               0x00005b58   Section      336  daddsub_clz.o(x$fpl$dadd)
    _dadd1                                   0x00005b69   Thumb Code     0  daddsub_clz.o(x$fpl$dadd)
    x$fpl$dcmpinf                            0x00005ca8   Section       24  dcmpi.o(x$fpl$dcmpinf)
    x$fpl$ddiv                               0x00005cc0   Section      688  ddiv.o(x$fpl$ddiv)
    ddiv_entry                               0x00005cc7   Thumb Code     0  ddiv.o(x$fpl$ddiv)
    x$fpl$deqf                               0x00005f70   Section      120  deqf.o(x$fpl$deqf)
    x$fpl$dfix                               0x00005fe8   Section       94  dfix.o(x$fpl$dfix)
    x$fpl$dfixu                              0x00006048   Section       90  dfixu.o(x$fpl$dfixu)
    x$fpl$dflt                               0x000060a2   Section       46  dflt_clz.o(x$fpl$dflt)
    x$fpl$dfltu                              0x000060d0   Section       38  dflt_clz.o(x$fpl$dfltu)
    x$fpl$dleqf                              0x000060f8   Section      120  dleqf.o(x$fpl$dleqf)
    x$fpl$dmul                               0x00006170   Section      340  dmul.o(x$fpl$dmul)
    x$fpl$dnaninf                            0x000062c4   Section      156  dnaninf.o(x$fpl$dnaninf)
    x$fpl$dretinf                            0x00006360   Section       12  dretinf.o(x$fpl$dretinf)
    x$fpl$drleqf                             0x0000636c   Section      108  drleqf.o(x$fpl$drleqf)
    x$fpl$drsb                               0x000063d8   Section       22  daddsub_clz.o(x$fpl$drsb)
    x$fpl$dsub                               0x000063f0   Section      468  daddsub_clz.o(x$fpl$dsub)
    _dsub1                                   0x00006401   Thumb Code     0  daddsub_clz.o(x$fpl$dsub)
    x$fpl$f2d                                0x000065c4   Section       86  f2d.o(x$fpl$f2d)
    x$fpl$fadd                               0x0000661c   Section      196  faddsub_clz.o(x$fpl$fadd)
    _fadd1                                   0x0000662b   Thumb Code     0  faddsub_clz.o(x$fpl$fadd)
    x$fpl$fdiv                               0x000066e0   Section      388  fdiv.o(x$fpl$fdiv)
    _fdiv1                                   0x000066e1   Thumb Code     0  fdiv.o(x$fpl$fdiv)
    x$fpl$fflt                               0x00006864   Section       48  fflt_clz.o(x$fpl$fflt)
    x$fpl$fmul                               0x00006894   Section      258  fmul.o(x$fpl$fmul)
    x$fpl$fnaninf                            0x00006996   Section      140  fnaninf.o(x$fpl$fnaninf)
    x$fpl$fretinf                            0x00006a22   Section       10  fretinf.o(x$fpl$fretinf)
    x$fpl$fsub                               0x00006a2c   Section      234  faddsub_clz.o(x$fpl$fsub)
    _fsub1                                   0x00006a3b   Thumb Code     0  faddsub_clz.o(x$fpl$fsub)
    x$fpl$usenofp                            0x00006b16   Section        0  usenofp.o(x$fpl$usenofp)
    .constdata                               0x00006b18   Section       34  adc.o(.constdata)
    ADC_InstanceTable                        0x00006b18   Data           8  adc.o(.constdata)
    SIM_ADCClockGateTable                    0x00006b20   Data          24  adc.o(.constdata)
    ADC_IRQnTable                            0x00006b38   Data           2  adc.o(.constdata)
    .constdata                               0x00006b3c   Section       10  dac.o(.constdata)
    DAC_InstanceTable                        0x00006b3c   Data           8  dac.o(.constdata)
    DAC_IRQnTable                            0x00006b44   Data           2  dac.o(.constdata)
    .constdata                               0x00006b48   Section       20  dma.o(.constdata)
    DMAMUX_InstanceTable                     0x00006b48   Data           4  dma.o(.constdata)
    DMA_IRQnTable                            0x00006b4c   Data          16  dma.o(.constdata)
    .constdata                               0x00006b5c   Section       63  ftm.o(.constdata)
    FTM_InstanceTable                        0x00006b5c   Data          12  ftm.o(.constdata)
    FTM_ChlMaxTable                          0x00006b68   Data          12  ftm.o(.constdata)
    SIM_FTMClockGateTable                    0x00006b74   Data          36  ftm.o(.constdata)
    FTM_IRQnTable                            0x00006b98   Data           3  ftm.o(.constdata)
    .constdata                               0x00006b9c   Section       65  gpio.o(.constdata)
    GPIO_InstanceTable                       0x00006b9c   Data          20  gpio.o(.constdata)
    PORT_InstanceTable                       0x00006bb0   Data          20  gpio.o(.constdata)
    SIM_GPIOClockGateTable                   0x00006bc4   Data          20  gpio.o(.constdata)
    GPIO_IRQnTable                           0x00006bd8   Data           5  gpio.o(.constdata)
    .constdata                               0x00006be0   Section       16  lptmr.o(.constdata)
    LPTMR_IRQnTable                          0x00006be0   Data           1  lptmr.o(.constdata)
    SIM_LPTMRClockGateTable                  0x00006be4   Data          12  lptmr.o(.constdata)
    .constdata                               0x00006bf0   Section        4  pit.o(.constdata)
    PIT_IRQnTable                            0x00006bf0   Data           4  pit.o(.constdata)
    .constdata                               0x00006bf4   Section       52  rtc.o(.constdata)
    ULY                                      0x00006bf4   Data          13  rtc.o(.constdata)
    LY                                       0x00006c01   Data          13  rtc.o(.constdata)
    MONTH_DAYS                               0x00006c0e   Data          26  rtc.o(.constdata)
    .constdata                               0x00006c28   Section      132  spi.o(.constdata)
    SIM_SPIClockGateTable                    0x00006c34   Data          36  spi.o(.constdata)
    SPI_IRQnTable                            0x00006c58   Data           3  spi.o(.constdata)
    s_baudratePrescaler                      0x00006c5c   Data          16  spi.o(.constdata)
    s_baudrateScaler                         0x00006c6c   Data          64  spi.o(.constdata)
    .constdata                               0x00006cac   Section      132  uart.o(.constdata)
    UARTBase                                 0x00006cac   Data          24  uart.o(.constdata)
    ClkTbl                                   0x00006cc4   Data          72  uart.o(.constdata)
    UART_IRQnTable                           0x00006d0c   Data           6  uart.o(.constdata)
    UART_TIFOSizeTable                       0x00006d14   Data          28  uart.o(.constdata)
    .conststring                             0x00006d30   Section       17  uart.o(.conststring)
    .data                                    0x1fff0000   Section        4  system_mk60d10.o(.data)
    .data                                    0x1fff0004   Section        4  main.o(.data)
    .data                                    0x1fff0008   Section        8  isr.o(.data)
    .data                                    0x1fff0010   Section        8  adc.o(.data)
    ADC_CallBackTable                        0x1fff0010   Data           8  adc.o(.data)
    .data                                    0x1fff0018   Section        8  dac.o(.data)
    DAC_CallBackTable                        0x1fff0018   Data           8  dac.o(.data)
    .data                                    0x1fff0020   Section        4  dma.o(.data)
    DMAChlMAP                                0x1fff0020   Data           4  dma.o(.data)
    .data                                    0x1fff0024   Section        4  lptmr.o(.data)
    LPTMR_CallBackTable                      0x1fff0024   Data           4  lptmr.o(.data)
    .data                                    0x1fff0028   Section        4  pit.o(.data)
    fac_us                                   0x1fff0028   Data           4  pit.o(.data)
    .data                                    0x1fff002c   Section       56  rtc.o(.data)
    RTC_CallBackTable                        0x1fff002c   Data           4  rtc.o(.data)
    mdays                                    0x1fff0034   Data          48  rtc.o(.data)
    .data                                    0x1fff0064   Section       17  uart.o(.data)
    UART_DebugInstance                       0x1fff0064   Data           1  uart.o(.data)
    ntab                                     0x1fff0070   Data           4  uart.o(.data)
    is_fitst_init                            0x1fff0074   Data           1  uart.o(.data)
    .data                                    0x1fff0078   Section        4  wdog.o(.data)
    WDOG_CallBackTable                       0x1fff0078   Data           4  wdog.o(.data)
    .data                                    0x1fff007c   Section        1  freecars.o(.data)
    .data                                    0x1fff0080   Section       26  camera.o(.data)
    .data                                    0x1fff009c   Section       30  servo.o(.data)
    anglePid                                 0x1fff00b4   Data           6  servo.o(.data)
    .data                                    0x1fff00ba   Section        8  image_control.o(.data)
    leftFindFlag                             0x1fff00ba   Data           1  image_control.o(.data)
    rightFindFlag                            0x1fff00bb   Data           1  image_control.o(.data)
    leftCount                                0x1fff00bc   Data           2  image_control.o(.data)
    rightCount                               0x1fff00be   Data           2  image_control.o(.data)
    findLine                                 0x1fff00c0   Data           2  image_control.o(.data)
    .bss                                     0x1fff00c4   Section       64  dma.o(.bss)
    DMA_CallBackTable                        0x1fff00c4   Data          64  dma.o(.bss)
    .bss                                     0x1fff0104   Section       12  ftm.o(.bss)
    FTM_CallBackTable                        0x1fff0104   Data          12  ftm.o(.bss)
    .bss                                     0x1fff0110   Section       20  gpio.o(.bss)
    GPIO_CallBackTable                       0x1fff0110   Data          20  gpio.o(.bss)
    .bss                                     0x1fff0124   Section       16  pit.o(.bss)
    PIT_CallBackTable                        0x1fff0124   Data          16  pit.o(.bss)
    .bss                                     0x1fff0134   Section       12  spi.o(.bss)
    SPI_CallBackTable                        0x1fff0134   Data          12  spi.o(.bss)
    .bss                                     0x1fff0140   Section       48  uart.o(.bss)
    UART_CallBackTxTable                     0x1fff0140   Data          24  uart.o(.bss)
    UART_CallBackRxTable                     0x1fff0158   Data          24  uart.o(.bss)
    .bss                                     0x1fff0170   Section      248  freecars.o(.bss)
    .bss                                     0x1fff0268   Section       12  servo.o(.bss)
    angleParams                              0x1fff0268   Data          12  servo.o(.bss)
    .bss                                     0x1fff0274   Section      962  image_control.o(.bss)
    .bss                                     0x1fff0638   Section       96  libspace.o(.bss)
    HEAP                                     0x1fff0698   Section     2048  startup_mk60d10.o(HEAP)
    Heap_Mem                                 0x1fff0698   Data        2048  startup_mk60d10.o(HEAP)
    STACK                                    0x1fff0e98   Section     4096  startup_mk60d10.o(STACK)
    Stack_Mem                                0x1fff0e98   Data        4096  startup_mk60d10.o(STACK)
    __initial_sp                             0x1fff1e98   Data           0  startup_mk60d10.o(STACK)
    .bss                                     0x20000000   Section    32000  camera.o(.bss)

    Global Symbols

    Symbol Name                              Value     Ov Type        Size  Object(Section)

    BuildAttributes$$THM_ISAv4$E$P$D$K$B$S$7EM$PE$A:L22UL41UL21$X:L11$S22US41US21$IEEE1$IW$USESV6$~STKCKD$USESV7$~SHL$OSPACE$ROPI$EBA8$UX$STANDARDLIB$REQ8$PRES8$EABIv2 0x00000000   Number         0  anon$$obj.o ABSOLUTE
    __ARM_use_no_argv                        0x00000000   Number         0  main.o ABSOLUTE
    __Vectors                                0x00000000   Data           4  startup_mk60d10.o(RESET)
    __ARM_exceptions_init                     - Undefined Weak Reference
    __alloca_initialize                       - Undefined Weak Reference
    __arm_preinit_                            - Undefined Weak Reference
    __cpp_initialize__aeabi_                  - Undefined Weak Reference
    __cxa_finalize                            - Undefined Weak Reference
    __rt_locale                               - Undefined Weak Reference
    __sigvec_lookup                           - Undefined Weak Reference
    _atexit_init                              - Undefined Weak Reference
    _call_atexit_fns                          - Undefined Weak Reference
    _clock_init                               - Undefined Weak Reference
    _fp_trap_init                             - Undefined Weak Reference
    _fp_trap_shutdown                         - Undefined Weak Reference
    _get_lc_collate                           - Undefined Weak Reference
    _get_lc_ctype                             - Undefined Weak Reference
    _get_lc_monetary                          - Undefined Weak Reference
    _get_lc_numeric                           - Undefined Weak Reference
    _get_lc_time                              - Undefined Weak Reference
    _getenv_init                              - Undefined Weak Reference
    _handle_redirection                       - Undefined Weak Reference
    _init_alloc                               - Undefined Weak Reference
    _init_user_alloc                          - Undefined Weak Reference
    _initio                                   - Undefined Weak Reference
    _rand_init                                - Undefined Weak Reference
    _signal_finish                            - Undefined Weak Reference
    _signal_init                              - Undefined Weak Reference
    _terminate_alloc                          - Undefined Weak Reference
    _terminate_user_alloc                     - Undefined Weak Reference
    _terminateio                              - Undefined Weak Reference
    __Vectors_End                            0x00000400   Data           0  startup_mk60d10.o(RESET)
    __Vectors_Size                           0x00000400   Number         0  startup_mk60d10.o ABSOLUTE
    __main                                   0x00000411   Thumb Code     8  __main.o(!!!main)
    __scatterload                            0x00000419   Thumb Code     0  __scatter.o(!!!scatter)
    __scatterload_rt2                        0x00000419   Thumb Code    44  __scatter.o(!!!scatter)
    __scatterload_rt2_thumb_only             0x00000419   Thumb Code     0  __scatter.o(!!!scatter)
    __scatterload_null                       0x00000427   Thumb Code     0  __scatter.o(!!!scatter)
    __scatterload_copy                       0x0000044d   Thumb Code    26  __scatter_copy.o(!!handler_copy)
    __scatterload_zeroinit                   0x00000469   Thumb Code    28  __scatter_zi.o(!!handler_zi)
    __rt_lib_init                            0x00000485   Thumb Code     0  libinit.o(.ARM.Collect$$libinit$$00000000)
    __rt_lib_init_alloca_1                   0x00000487   Thumb Code     0  libinit2.o(.ARM.Collect$$libinit$$0000002E)
    __rt_lib_init_argv_1                     0x00000487   Thumb Code     0  libinit2.o(.ARM.Collect$$libinit$$0000002C)
    __rt_lib_init_atexit_1                   0x00000487   Thumb Code     0  libinit2.o(.ARM.Collect$$libinit$$0000001B)
    __rt_lib_init_clock_1                    0x00000487   Thumb Code     0  libinit2.o(.ARM.Collect$$libinit$$00000021)
    __rt_lib_init_cpp_1                      0x00000487   Thumb Code     0  libinit2.o(.ARM.Collect$$libinit$$00000032)
    __rt_lib_init_exceptions_1               0x00000487   Thumb Code     0  libinit2.o(.ARM.Collect$$libinit$$00000030)
    __rt_lib_init_fp_1                       0x00000487   Thumb Code     0  libinit2.o(.ARM.Collect$$libinit$$00000002)
    __rt_lib_init_fp_trap_1                  0x00000487   Thumb Code     0  libinit2.o(.ARM.Collect$$libinit$$0000001F)
    __rt_lib_init_getenv_1                   0x00000487   Thumb Code     0  libinit2.o(.ARM.Collect$$libinit$$00000023)
    __rt_lib_init_heap_1                     0x00000487   Thumb Code     0  libinit2.o(.ARM.Collect$$libinit$$0000000A)
    __rt_lib_init_lc_collate_1               0x00000487   Thumb Code     0  libinit2.o(.ARM.Collect$$libinit$$00000011)
    __rt_lib_init_lc_ctype_1                 0x00000487   Thumb Code     0  libinit2.o(.ARM.Collect$$libinit$$00000013)
    __rt_lib_init_lc_monetary_1              0x00000487   Thumb Code     0  libinit2.o(.ARM.Collect$$libinit$$00000015)
    __rt_lib_init_lc_numeric_1               0x00000487   Thumb Code     0  libinit2.o(.ARM.Collect$$libinit$$00000017)
    __rt_lib_init_lc_time_1                  0x00000487   Thumb Code     0  libinit2.o(.ARM.Collect$$libinit$$00000019)
    __rt_lib_init_preinit_1                  0x00000487   Thumb Code     0  libinit2.o(.ARM.Collect$$libinit$$00000004)
    __rt_lib_init_rand_1                     0x00000487   Thumb Code     0  libinit2.o(.ARM.Collect$$libinit$$0000000E)
    __rt_lib_init_return                     0x00000487   Thumb Code     0  libinit2.o(.ARM.Collect$$libinit$$00000033)
    __rt_lib_init_signal_1                   0x00000487   Thumb Code     0  libinit2.o(.ARM.Collect$$libinit$$0000001D)
    __rt_lib_init_stdio_1                    0x00000487   Thumb Code     0  libinit2.o(.ARM.Collect$$libinit$$00000025)
    __rt_lib_init_user_alloc_1               0x00000487   Thumb Code     0  libinit2.o(.ARM.Collect$$libinit$$0000000C)
    __rt_lib_shutdown                        0x00000489   Thumb Code     0  libshutdown.o(.ARM.Collect$$libshutdown$$00000000)
    __rt_lib_shutdown_fp_trap_1              0x0000048b   Thumb Code     0  libshutdown2.o(.ARM.Collect$$libshutdown$$00000006)
    __rt_lib_shutdown_heap_1                 0x0000048b   Thumb Code     0  libshutdown2.o(.ARM.Collect$$libshutdown$$0000000E)
    __rt_lib_shutdown_return                 0x0000048b   Thumb Code     0  libshutdown2.o(.ARM.Collect$$libshutdown$$0000000F)
    __rt_lib_shutdown_signal_1               0x0000048b   Thumb Code     0  libshutdown2.o(.ARM.Collect$$libshutdown$$00000009)
    __rt_lib_shutdown_stdio_1                0x0000048b   Thumb Code     0  libshutdown2.o(.ARM.Collect$$libshutdown$$00000003)
    __rt_lib_shutdown_user_alloc_1           0x0000048b   Thumb Code     0  libshutdown2.o(.ARM.Collect$$libshutdown$$0000000B)
    __rt_entry                               0x0000048d   Thumb Code     0  __rtentry.o(.ARM.Collect$$rtentry$$00000000)
    __rt_entry_presh_1                       0x0000048d   Thumb Code     0  __rtentry2.o(.ARM.Collect$$rtentry$$00000002)
    __rt_entry_sh                            0x0000048d   Thumb Code     0  __rtentry4.o(.ARM.Collect$$rtentry$$00000004)
    __rt_entry_li                            0x00000493   Thumb Code     0  __rtentry2.o(.ARM.Collect$$rtentry$$0000000A)
    __rt_entry_postsh_1                      0x00000493   Thumb Code     0  __rtentry2.o(.ARM.Collect$$rtentry$$00000009)
    __rt_entry_main                          0x00000497   Thumb Code     0  __rtentry2.o(.ARM.Collect$$rtentry$$0000000D)
    __rt_entry_postli_1                      0x00000497   Thumb Code     0  __rtentry2.o(.ARM.Collect$$rtentry$$0000000C)
    __rt_exit                                0x0000049f   Thumb Code     0  rtexit.o(.ARM.Collect$$rtexit$$00000000)
    __rt_exit_ls                             0x000004a1   Thumb Code     0  rtexit2.o(.ARM.Collect$$rtexit$$00000003)
    __rt_exit_prels_1                        0x000004a1   Thumb Code     0  rtexit2.o(.ARM.Collect$$rtexit$$00000002)
    __rt_exit_exit                           0x000004a5   Thumb Code     0  rtexit2.o(.ARM.Collect$$rtexit$$00000004)
    Reset_Handler                            0x000004ad   Thumb Code     8  startup_mk60d10.o(.text)
    HardFault_Handler                        0x000004b7   Thumb Code     2  startup_mk60d10.o(.text)
    MemManage_Handler                        0x000004b9   Thumb Code     2  startup_mk60d10.o(.text)
    BusFault_Handler                         0x000004bb   Thumb Code     2  startup_mk60d10.o(.text)
    UsageFault_Handler                       0x000004bd   Thumb Code     2  startup_mk60d10.o(.text)
    SVC_Handler                              0x000004bf   Thumb Code     2  startup_mk60d10.o(.text)
    DebugMon_Handler                         0x000004c1   Thumb Code     2  startup_mk60d10.o(.text)
    PendSV_Handler                           0x000004c3   Thumb Code     2  startup_mk60d10.o(.text)
    SysTick_Handler                          0x000004c5   Thumb Code     2  startup_mk60d10.o(.text)
    CAN0_Bus_Off_IRQHandler                  0x000004c7   Thumb Code     0  startup_mk60d10.o(.text)
    CAN0_Error_IRQHandler                    0x000004c7   Thumb Code     0  startup_mk60d10.o(.text)
    CAN0_ORed_Message_buffer_IRQHandler      0x000004c7   Thumb Code     0  startup_mk60d10.o(.text)
    CAN0_Rx_Warning_IRQHandler               0x000004c7   Thumb Code     0  startup_mk60d10.o(.text)
    CAN0_Tx_Warning_IRQHandler               0x000004c7   Thumb Code     0  startup_mk60d10.o(.text)
    CAN0_Wake_Up_IRQHandler                  0x000004c7   Thumb Code     0  startup_mk60d10.o(.text)
    CAN1_Bus_Off_IRQHandler                  0x000004c7   Thumb Code     0  startup_mk60d10.o(.text)
    CAN1_Error_IRQHandler                    0x000004c7   Thumb Code     0  startup_mk60d10.o(.text)
    CAN1_ORed_Message_buffer_IRQHandler      0x000004c7   Thumb Code     0  startup_mk60d10.o(.text)
    CAN1_Rx_Warning_IRQHandler               0x000004c7   Thumb Code     0  startup_mk60d10.o(.text)
    CAN1_Tx_Warning_IRQHandler               0x000004c7   Thumb Code     0  startup_mk60d10.o(.text)
    CAN1_Wake_Up_IRQHandler                  0x000004c7   Thumb Code     0  startup_mk60d10.o(.text)
    CMP0_IRQHandler                          0x000004c7   Thumb Code     0  startup_mk60d10.o(.text)
    CMP1_IRQHandler                          0x000004c7   Thumb Code     0  startup_mk60d10.o(.text)
    CMP2_IRQHandler                          0x000004c7   Thumb Code     0  startup_mk60d10.o(.text)
    CMT_IRQHandler                           0x000004c7   Thumb Code     0  startup_mk60d10.o(.text)
    DMA_Error_IRQHandler                     0x000004c7   Thumb Code     0  startup_mk60d10.o(.text)
    DefaultISR                               0x000004c7   Thumb Code     0  startup_mk60d10.o(.text)
    ENET_1588_Timer_IRQHandler               0x000004c7   Thumb Code     0  startup_mk60d10.o(.text)
    ENET_Error_IRQHandler                    0x000004c7   Thumb Code     0  startup_mk60d10.o(.text)
    ENET_Receive_IRQHandler                  0x000004c7   Thumb Code     0  startup_mk60d10.o(.text)
    ENET_Transmit_IRQHandler                 0x000004c7   Thumb Code     0  startup_mk60d10.o(.text)
    FTFL_IRQHandler                          0x000004c7   Thumb Code     0  startup_mk60d10.o(.text)
    I2C0_IRQHandler                          0x000004c7   Thumb Code     0  startup_mk60d10.o(.text)
    I2C1_IRQHandler                          0x000004c7   Thumb Code     0  startup_mk60d10.o(.text)
    I2S0_Rx_IRQHandler                       0x000004c7   Thumb Code     0  startup_mk60d10.o(.text)
    I2S0_Tx_IRQHandler                       0x000004c7   Thumb Code     0  startup_mk60d10.o(.text)
    LLW_IRQHandler                           0x000004c7   Thumb Code     0  startup_mk60d10.o(.text)
    LVD_LVW_IRQHandler                       0x000004c7   Thumb Code     0  startup_mk60d10.o(.text)
    MCG_IRQHandler                           0x000004c7   Thumb Code     0  startup_mk60d10.o(.text)
    MCM_IRQHandler                           0x000004c7   Thumb Code     0  startup_mk60d10.o(.text)
    PDB0_IRQHandler                          0x000004c7   Thumb Code     0  startup_mk60d10.o(.text)
    RNG_IRQHandler                           0x000004c7   Thumb Code     0  startup_mk60d10.o(.text)
    RTC_Seconds_IRQHandler                   0x000004c7   Thumb Code     0  startup_mk60d10.o(.text)
    Read_Collision_IRQHandler                0x000004c7   Thumb Code     0  startup_mk60d10.o(.text)
    Reserved102_IRQHandler                   0x000004c7   Thumb Code     0  startup_mk60d10.o(.text)
    Reserved108_IRQHandler                   0x000004c7   Thumb Code     0  startup_mk60d10.o(.text)
    Reserved109_IRQHandler                   0x000004c7   Thumb Code     0  startup_mk60d10.o(.text)
    Reserved111_IRQHandler                   0x000004c7   Thumb Code     0  startup_mk60d10.o(.text)
    Reserved112_IRQHandler                   0x000004c7   Thumb Code     0  startup_mk60d10.o(.text)
    Reserved113_IRQHandler                   0x000004c7   Thumb Code     0  startup_mk60d10.o(.text)
    Reserved114_IRQHandler                   0x000004c7   Thumb Code     0  startup_mk60d10.o(.text)
    Reserved115_IRQHandler                   0x000004c7   Thumb Code     0  startup_mk60d10.o(.text)
    Reserved116_IRQHandler                   0x000004c7   Thumb Code     0  startup_mk60d10.o(.text)
    Reserved117_IRQHandler                   0x000004c7   Thumb Code     0  startup_mk60d10.o(.text)
    Reserved118_IRQHandler                   0x000004c7   Thumb Code     0  startup_mk60d10.o(.text)
    Reserved119_IRQHandler                   0x000004c7   Thumb Code     0  startup_mk60d10.o(.text)
    Reserved59_IRQHandler                    0x000004c7   Thumb Code     0  startup_mk60d10.o(.text)
    Reserved95_IRQHandler                    0x000004c7   Thumb Code     0  startup_mk60d10.o(.text)
    SDHC_IRQHandler                          0x000004c7   Thumb Code     0  startup_mk60d10.o(.text)
    SWI_IRQHandler                           0x000004c7   Thumb Code     0  startup_mk60d10.o(.text)
    TSI0_IRQHandler                          0x000004c7   Thumb Code     0  startup_mk60d10.o(.text)
    UART0_ERR_IRQHandler                     0x000004c7   Thumb Code     0  startup_mk60d10.o(.text)
    UART0_LON_IRQHandler                     0x000004c7   Thumb Code     0  startup_mk60d10.o(.text)
    UART1_ERR_IRQHandler                     0x000004c7   Thumb Code     0  startup_mk60d10.o(.text)
    UART2_ERR_IRQHandler                     0x000004c7   Thumb Code     0  startup_mk60d10.o(.text)
    UART3_ERR_IRQHandler                     0x000004c7   Thumb Code     0  startup_mk60d10.o(.text)
    UART4_ERR_IRQHandler                     0x000004c7   Thumb Code     0  startup_mk60d10.o(.text)
    UART5_ERR_IRQHandler                     0x000004c7   Thumb Code     0  startup_mk60d10.o(.text)
    USB0_IRQHandler                          0x000004c7   Thumb Code     0  startup_mk60d10.o(.text)
    USBDCD_IRQHandler                        0x000004c7   Thumb Code     0  startup_mk60d10.o(.text)
    __user_initial_stackheap                 0x000004c9   Thumb Code     0  startup_mk60d10.o(.text)
    SystemInit                               0x000004ed   Thumb Code   196  system_mk60d10.o(.text)
    SystemCoreClockUpdate                    0x000005b1   Thumb Code   324  system_mk60d10.o(.text)
    SysInitialization                        0x00000715   Thumb Code    30  main.o(.text)
    main                                     0x00000733   Thumb Code    78  main.o(.text)
    ISR_Config                               0x00000859   Thumb Code    92  isr.o(.text)
    ADC_IsConversionCompleted                0x000008d1   Thumb Code    26  adc.o(.text)
    ADC_Calibration                          0x000008eb   Thumb Code   254  adc.o(.text)
    ADC_Init                                 0x000009e9   Thumb Code   662  adc.o(.text)
    ADC_EnableHardwareTrigger                0x00000c7f   Thumb Code    58  adc.o(.text)
    ADC_ChlMuxConfig                         0x00000cb9   Thumb Code    48  adc.o(.text)
    ADC_QuickInit                            0x00000ce9   Thumb Code   146  adc.o(.text)
    ADC_StartConversion                      0x00000d7b   Thumb Code    54  adc.o(.text)
    ADC_ReadValue                            0x00000db1   Thumb Code    16  adc.o(.text)
    ADC_QuickReadValue                       0x00000dc1   Thumb Code    54  adc.o(.text)
    ADC_ITDMAConfig                          0x00000df7   Thumb Code   170  adc.o(.text)
    ADC_CallbackInstall                      0x00000ea1   Thumb Code    10  adc.o(.text)
    ADC0_IRQHandler                          0x00000eab   Thumb Code    16  adc.o(.text)
    ADC1_IRQHandler                          0x00000ebb   Thumb Code    16  adc.o(.text)
    GetClock                                 0x00000edd   Thumb Code   104  common.o(.text)
    EnterSTOPMode                            0x00000f45   Thumb Code    54  common.o(.text)
    QuickInitEncode                          0x00000f7b   Thumb Code     6  common.o(.text)
    GetUID                                   0x00000f81   Thumb Code    16  common.o(.text)
    QuickInitDecode                          0x00000f91   Thumb Code    10  common.o(.text)
    DWT_DelayInit                            0x00000f9b   Thumb Code    30  common.o(.text)
    DWT_DelayUs                              0x00000fb9   Thumb Code    62  common.o(.text)
    DWT_DelayMs                              0x00000ff7   Thumb Code    18  common.o(.text)
    DelayInit                                0x00001009   Thumb Code     8  common.o(.text)
    DelayMs                                  0x00001011   Thumb Code    12  common.o(.text)
    DelayUs                                  0x0000101d   Thumb Code    12  common.o(.text)
    NMI_Handler                              0x00001029   Thumb Code     2  common.o(.text)
    NVIC_Init                                0x0000102b   Thumb Code   182  common.o(.text)
    DAC_Init                                 0x00001101   Thumb Code   566  dac.o(.text)
    DAC_GetBufferReadPointer                 0x00001337   Thumb Code    16  dac.o(.text)
    DAC_SetBufferReadPointer                 0x00001347   Thumb Code    54  dac.o(.text)
    DAC_SetBufferUpperLimit                  0x0000137d   Thumb Code    52  dac.o(.text)
    DAC_ITDMAConfig                          0x000013b1   Thumb Code   350  dac.o(.text)
    DAC_SoftwareStartConversion              0x0000150f   Thumb Code    26  dac.o(.text)
    DAC_SetWaterMark                         0x00001529   Thumb Code   146  dac.o(.text)
    DAC_SetBufferValue                       0x000015bb   Thumb Code    50  dac.o(.text)
    DAC_CallbackInstall                      0x000015ed   Thumb Code    10  dac.o(.text)
    DAC0_IRQHandler                          0x00001671   Thumb Code    10  dac.o(.text)
    DAC1_IRQHandler                          0x0000167b   Thumb Code    10  dac.o(.text)
    DMA_Init                                 0x000016a5   Thumb Code   372  dma.o(.text)
    DMA_ChlAlloc                             0x00001819   Thumb Code    46  dma.o(.text)
    DMA_ChlFree                              0x00001847   Thumb Code    16  dma.o(.text)
    DMA_GetMajorLoopCount                    0x00001857   Thumb Code    16  dma.o(.text)
    DMA_SetMajorLoopCounter                  0x00001867   Thumb Code    44  dma.o(.text)
    DMA_EnableRequest                        0x00001893   Thumb Code    10  dma.o(.text)
    DMA_DisableRequest                       0x0000189d   Thumb Code    10  dma.o(.text)
    DMA_EnableAutoDisableRequest             0x000018a7   Thumb Code    46  dma.o(.text)
    DMA_EnableMajorLink                      0x000018d5   Thumb Code    94  dma.o(.text)
    DMA_ITConfig                             0x00001933   Thumb Code   140  dma.o(.text)
    DMA_CallbackInstall                      0x000019bf   Thumb Code    10  dma.o(.text)
    DMA_IsMajorLoopComplete                  0x000019c9   Thumb Code    56  dma.o(.text)
    DMA_SetDestAddress                       0x00001a01   Thumb Code    10  dma.o(.text)
    DMA_GetDestAddress                       0x00001a0b   Thumb Code    12  dma.o(.text)
    DMA_SetSourceAddress                     0x00001a17   Thumb Code    10  dma.o(.text)
    DMA_GetSourceAddress                     0x00001a21   Thumb Code    12  dma.o(.text)
    DMA_CancelTransfer                       0x00001a2d   Thumb Code    14  dma.o(.text)
    DMA0_IRQHandler                          0x00001a59   Thumb Code    10  dma.o(.text)
    DMA1_IRQHandler                          0x00001a63   Thumb Code    10  dma.o(.text)
    DMA2_IRQHandler                          0x00001a6d   Thumb Code    10  dma.o(.text)
    DMA3_IRQHandler                          0x00001a77   Thumb Code    10  dma.o(.text)
    DMA4_IRQHandler                          0x00001a81   Thumb Code    40  dma.o(.text)
    DMA5_IRQHandler                          0x00001aa9   Thumb Code    10  dma.o(.text)
    DMA6_IRQHandler                          0x00001ab3   Thumb Code    10  dma.o(.text)
    DMA7_IRQHandler                          0x00001abd   Thumb Code    10  dma.o(.text)
    DMA8_IRQHandler                          0x00001ac7   Thumb Code    10  dma.o(.text)
    DMA9_IRQHandler                          0x00001ad1   Thumb Code    10  dma.o(.text)
    DMA10_IRQHandler                         0x00001adb   Thumb Code    10  dma.o(.text)
    DMA11_IRQHandler                         0x00001ae5   Thumb Code    10  dma.o(.text)
    DMA12_IRQHandler                         0x00001aef   Thumb Code    10  dma.o(.text)
    DMA13_IRQHandler                         0x00001af9   Thumb Code    10  dma.o(.text)
    DMA14_IRQHandler                         0x00001b03   Thumb Code    10  dma.o(.text)
    DMA15_IRQHandler                         0x00001b0d   Thumb Code    10  dma.o(.text)
    FTM_PWM_InvertPolarity                   0x00001c63   Thumb Code   132  ftm.o(.text)
    FTM_QD_QuickInit                         0x0000215b   Thumb Code   376  ftm.o(.text)
    FTM_QD_GetData                           0x000022d3   Thumb Code    30  ftm.o(.text)
    FTM_QD_ClearCount                        0x000022f1   Thumb Code    12  ftm.o(.text)
    FTM_PWM_ChangeDuty                       0x000022fd   Thumb Code   156  ftm.o(.text)
    FTM_PWM_QuickInit                        0x00002399   Thumb Code   450  ftm.o(.text)
    FTM_IC_QuickInit                         0x0000255b   Thumb Code   204  ftm.o(.text)
    FTM_IC_SetTriggerMode                    0x00002627   Thumb Code   194  ftm.o(.text)
    FTM_GetChlCounter                        0x000026e9   Thumb Code    18  ftm.o(.text)
    FTM_SetMoudleCounter                     0x000026fb   Thumb Code    10  ftm.o(.text)
    FTM_CallbackInstall                      0x00002705   Thumb Code    10  ftm.o(.text)
    FTM_ITDMAConfig                          0x0000270f   Thumb Code   370  ftm.o(.text)
    FTM0_IRQHandler                          0x00002881   Thumb Code   102  ftm.o(.text)
    FTM1_IRQHandler                          0x000028e7   Thumb Code   102  ftm.o(.text)
    FTM2_IRQHandler                          0x0000294d   Thumb Code   102  ftm.o(.text)
    PORT_PinMuxConfig                        0x000029c5   Thumb Code    74  gpio.o(.text)
    PORT_PinPullConfig                       0x00002a0f   Thumb Code   162  gpio.o(.text)
    PORT_PinOpenDrainConfig                  0x00002ab1   Thumb Code    72  gpio.o(.text)
    PORT_PinPassiveFilterConfig              0x00002af9   Thumb Code    72  gpio.o(.text)
    GPIO_PinConfig                           0x00002b41   Thumb Code    70  gpio.o(.text)
    GPIO_Init                                0x00002b87   Thumb Code   196  gpio.o(.text)
    GPIO_QuickInit                           0x00002c4b   Thumb Code    30  gpio.o(.text)
    GPIO_WriteBit                            0x00002c69   Thumb Code    68  gpio.o(.text)
    GPIO_SetBit                              0x00002cad   Thumb Code    24  gpio.o(.text)
    GPIO_ResetBit                            0x00002cc5   Thumb Code    24  gpio.o(.text)
    GPIO_ReadBit                             0x00002cdd   Thumb Code    50  gpio.o(.text)
    GPIO_ToggleBit                           0x00002d0f   Thumb Code    24  gpio.o(.text)
    GPIO_ReadPort                            0x00002d27   Thumb Code    12  gpio.o(.text)
    GPIO_WritePort                           0x00002d33   Thumb Code    10  gpio.o(.text)
    GPIO_ITDMAConfig                         0x00002d3d   Thumb Code   380  gpio.o(.text)
    GPIO_CallbackInstall                     0x00002eb9   Thumb Code    26  gpio.o(.text)
    PORTA_IRQHandler                         0x00002f03   Thumb Code    10  gpio.o(.text)
    PORTB_IRQHandler                         0x00002f0d   Thumb Code    10  gpio.o(.text)
    PORTC_IRQHandler                         0x00002f17   Thumb Code    10  gpio.o(.text)
    PORTD_IRQHandler                         0x00002f21   Thumb Code    10  gpio.o(.text)
    PORTE_IRQHandler                         0x00002f2b   Thumb Code    10  gpio.o(.text)
    LPTMR_TC_Init                            0x00002f61   Thumb Code    78  lptmr.o(.text)
    LPTMR_PC_Init                            0x00002faf   Thumb Code   178  lptmr.o(.text)
    LPTMR_ITDMAConfig                        0x00003061   Thumb Code    92  lptmr.o(.text)
    LPTMR_CallbackInstall                    0x000030bd   Thumb Code    26  lptmr.o(.text)
    LPTMR_PC_ReadCounter                     0x000030d7   Thumb Code    18  lptmr.o(.text)
    LPTMR_PC_QuickInit                       0x000030e9   Thumb Code   110  lptmr.o(.text)
    LPTMR_ClearCounter                       0x00003157   Thumb Code    24  lptmr.o(.text)
    LPTimer_IRQHandler                       0x0000316f   Thumb Code    28  lptmr.o(.text)
    PIT_Init                                 0x0000319d   Thumb Code    94  pit.o(.text)
    PIT_QuickInit                            0x000031fb   Thumb Code    20  pit.o(.text)
    PIT_ITDMAConfig                          0x0000320f   Thumb Code   114  pit.o(.text)
    PIT_ResetCounter                         0x00003281   Thumb Code    42  pit.o(.text)
    PIT_GetCounterValue                      0x000032ab   Thumb Code    12  pit.o(.text)
    PIT_CallbackInstall                      0x000032b7   Thumb Code    22  pit.o(.text)
    PIT0_IRQHandler                          0x000032f7   Thumb Code    10  pit.o(.text)
    PIT1_IRQHandler                          0x00003301   Thumb Code    10  pit.o(.text)
    PIT2_IRQHandler                          0x0000330b   Thumb Code    10  pit.o(.text)
    PIT3_IRQHandler                          0x00003315   Thumb Code    10  pit.o(.text)
    RTC_GetWeek                              0x0000333d   Thumb Code   108  rtc.o(.text)
    RTC_GetTime                              0x000034b7   Thumb Code    26  rtc.o(.text)
    RTC_IsTimeValid                          0x000034d1   Thumb Code    14  rtc.o(.text)
    RTC_SetAlarm                             0x000034df   Thumb Code    28  rtc.o(.text)
    RTC_SetCompensation                      0x000034fb   Thumb Code    54  rtc.o(.text)
    RTC_Init                                 0x00003531   Thumb Code   162  rtc.o(.text)
    RTC_QuickInit                            0x000035d3   Thumb Code    14  rtc.o(.text)
    RTC_GetTSR                               0x000035e1   Thumb Code     6  rtc.o(.text)
    RTC_GetTAR                               0x000035e7   Thumb Code     6  rtc.o(.text)
    RTC_SetTime                              0x000035ed   Thumb Code    46  rtc.o(.text)
    RTC_SetTSR                               0x0000361b   Thumb Code    26  rtc.o(.text)
    RTC_ITDMAConfig                          0x00003635   Thumb Code   128  rtc.o(.text)
    RTC_CallbackInstall                      0x000036b5   Thumb Code     8  rtc.o(.text)
    RTC_IRQHandler                           0x000036bd   Thumb Code    72  rtc.o(.text)
    RTCInit                                  0x00003705   Thumb Code   106  rtc.o(.text)
    setdelay                                 0x0000376f   Thumb Code    48  rtc.o(.text)
    checkdelay                               0x0000379f   Thumb Code    50  rtc.o(.text)
    GetSysMsTime                             0x000037d1   Thumb Code    24  rtc.o(.text)
    GetSys100UsTime                          0x000037e9   Thumb Code    24  rtc.o(.text)
    SPI_CTARConfig                           0x00003903   Thumb Code   346  spi.o(.text)
    SPI_Init                                 0x00003a5d   Thumb Code   148  spi.o(.text)
    SPI_QuickInit                            0x00003af1   Thumb Code    98  spi.o(.text)
    SPI_EnableTxFIFO                         0x00003b53   Thumb Code    66  spi.o(.text)
    SPI_EnableRxFIFO                         0x00003b95   Thumb Code    66  spi.o(.text)
    SPI_ITDMAConfig                          0x00003bd7   Thumb Code   196  spi.o(.text)
    SPI_CallbackInstall                      0x00003c9b   Thumb Code    10  spi.o(.text)
    SPI_ReadWriteByte                        0x00003ca5   Thumb Code   114  spi.o(.text)
    SPI0_IRQHandler                          0x00003d41   Thumb Code    10  spi.o(.text)
    SPI1_IRQHandler                          0x00003d4b   Thumb Code    10  spi.o(.text)
    SPI2_IRQHandler                          0x00003d55   Thumb Code    10  spi.o(.text)
    UART_GetTxFIFOSize                       0x00003d69   Thumb Code    22  uart.o(.text)
    UART_WriteByte                           0x00003d7f   Thumb Code   118  uart.o(.text)
    fputc                                    0x00003df5   Thumb Code    20  uart.o(.text)
    UART_ReadByte                            0x00003e09   Thumb Code    56  uart.o(.text)
    fgetc                                    0x00003e41   Thumb Code    28  uart.o(.text)
    UART_printf                              0x00003ea7   Thumb Code   110  uart.o(.text)
    UART_Init                                0x00003f15   Thumb Code   742  uart.o(.text)
    UART_DeInit                              0x000041fb   Thumb Code    76  uart.o(.text)
    UART_SelectDebugInstance                 0x00004247   Thumb Code     6  uart.o(.text)
    UART_EnableTxFIFO                        0x0000424d   Thumb Code    46  uart.o(.text)
    UART_EnableRxFIFO                        0x0000427b   Thumb Code    46  uart.o(.text)
    UART_GetRxFIFOSize                       0x000042a9   Thumb Code    22  uart.o(.text)
    UART_SetTxFIFOWatermark                  0x000042bf   Thumb Code    50  uart.o(.text)
    UART_SetRxFIFOWatermark                  0x000042f1   Thumb Code    50  uart.o(.text)
    UART_ITDMAConfig                         0x00004323   Thumb Code   408  uart.o(.text)
    UART_CallbackTxInstall                   0x000044bb   Thumb Code    48  uart.o(.text)
    UART_CallbackRxInstall                   0x000044eb   Thumb Code    48  uart.o(.text)
    UART_QuickInit                           0x0000451b   Thumb Code   146  uart.o(.text)
    UART0_RX_TX_IRQHandler                   0x0000466b   Thumb Code    10  uart.o(.text)
    UART1_RX_TX_IRQHandler                   0x00004675   Thumb Code    10  uart.o(.text)
    UART2_RX_TX_IRQHandler                   0x0000467f   Thumb Code    10  uart.o(.text)
    UART3_RX_TX_IRQHandler                   0x00004689   Thumb Code    10  uart.o(.text)
    UART4_RX_TX_IRQHandler                   0x00004693   Thumb Code    10  uart.o(.text)
    UART5_RX_TX_IRQHandler                   0x0000469d   Thumb Code    10  uart.o(.text)
    WDOG_Init                                0x000046dd   Thumb Code   112  wdog.o(.text)
    WDOG_QuickInit                           0x0000474d   Thumb Code    24  wdog.o(.text)
    WDOG_ITDMAConfig                         0x00004765   Thumb Code    84  wdog.o(.text)
    WDOG_CallbackInstall                     0x000047b9   Thumb Code     8  wdog.o(.text)
    WDOG_GetResetCounter                     0x000047c1   Thumb Code     6  wdog.o(.text)
    WDOG_ClearResetCounter                   0x000047c7   Thumb Code    10  wdog.o(.text)
    WDOG_GetCurrentCounter                   0x000047d1   Thumb Code    14  wdog.o(.text)
    WDOG_Refresh                             0x000047df   Thumb Code    32  wdog.o(.text)
    Watchdog_IRQHandler                      0x000047ff   Thumb Code    28  wdog.o(.text)
    FreeCars_Init                            0x00004829   Thumb Code    16  freecars.o(.text)
    sendCamImgToCamViewer                    0x00004839   Thumb Code    68  freecars.o(.text)
    sendDataToScope                          0x0000487d   Thumb Code    88  freecars.o(.text)
    push                                     0x000048d5   Thumb Code    44  freecars.o(.text)
    DMA_CameraInit                           0x0000490d   Thumb Code   100  camera.o(.text)
    sccb_wait                                0x00004971   Thumb Code    14  camera.o(.text)
    sccb_stop                                0x0000497f   Thumb Code    84  camera.o(.text)
    sccb_sendByte                            0x000049d3   Thumb Code   204  camera.o(.text)
    sccb_start                               0x00004a9f   Thumb Code    90  camera.o(.text)
    sccb_regWrite                            0x00004af9   Thumb Code    92  camera.o(.text)
    sccb_init                                0x00004b55   Thumb Code    14  camera.o(.text)
    SCCB_Config                              0x00004b63   Thumb Code    86  camera.o(.text)
    GPIO_CameraInit                          0x00004bb9   Thumb Code    78  camera.o(.text)
    Camera_Init                              0x00004c07   Thumb Code    24  camera.o(.text)
    calculatePidAngle                        0x00004c39   Thumb Code   228  servo.o(.text)
    calculateTurnAngle                       0x00004d1d   Thumb Code   624  servo.o(.text)
    servoPidInit                             0x00004f8d   Thumb Code    20  servo.o(.text)
    updateServoPid                           0x00004fa1   Thumb Code    12  servo.o(.text)
    Servo_Init                               0x00004fad   Thumb Code    56  servo.o(.text)
    CalculateThreshold                       0x0000500d   Thumb Code   530  image_control.o(.text)
    ImgBinarization                          0x0000521f   Thumb Code   130  image_control.o(.text)
    createPoint                              0x000052a1   Thumb Code   494  image_control.o(.text)
    findCenterLine                           0x0000548f   Thumb Code  1524  image_control.o(.text)
    __aeabi_memclr4                          0x00005a95   Thumb Code     0  rt_memclr_w.o(.text)
    __aeabi_memclr8                          0x00005a95   Thumb Code     0  rt_memclr_w.o(.text)
    __rt_memclr_w                            0x00005a95   Thumb Code    78  rt_memclr_w.o(.text)
    _memset_w                                0x00005a99   Thumb Code     0  rt_memclr_w.o(.text)
    __use_two_region_memory                  0x00005ae3   Thumb Code     2  heapauxi.o(.text)
    __rt_heap_escrow$2region                 0x00005ae5   Thumb Code     2  heapauxi.o(.text)
    __rt_heap_expand$2region                 0x00005ae7   Thumb Code     2  heapauxi.o(.text)
    __user_setup_stackheap                   0x00005ae9   Thumb Code    74  sys_stackheap_outer.o(.text)
    exit                                     0x00005b33   Thumb Code    12  exit.o(.text)
    __user_libspace                          0x00005b41   Thumb Code     8  libspace.o(.text)
    __user_perproc_libspace                  0x00005b41   Thumb Code     0  libspace.o(.text)
    __user_perthread_libspace                0x00005b41   Thumb Code     0  libspace.o(.text)
    _sys_exit                                0x00005b49   Thumb Code     8  sys_exit.o(.text)
    __I$use$semihosting                      0x00005b55   Thumb Code     0  use_no_semi.o(.text)
    __use_no_semihosting_swi                 0x00005b55   Thumb Code     2  use_no_semi.o(.text)
    __semihosting_library_function           0x00005b57   Thumb Code     0  indicate_semi.o(.text)
    __aeabi_dadd                             0x00005b59   Thumb Code     0  daddsub_clz.o(x$fpl$dadd)
    _dadd                                    0x00005b59   Thumb Code   332  daddsub_clz.o(x$fpl$dadd)
    __fpl_dcmp_Inf                           0x00005ca9   Thumb Code    24  dcmpi.o(x$fpl$dcmpinf)
    __aeabi_ddiv                             0x00005cc1   Thumb Code     0  ddiv.o(x$fpl$ddiv)
    _ddiv                                    0x00005cc1   Thumb Code   552  ddiv.o(x$fpl$ddiv)
    __aeabi_cdcmpeq                          0x00005f71   Thumb Code     0  deqf.o(x$fpl$deqf)
    _dcmpeq                                  0x00005f71   Thumb Code   120  deqf.o(x$fpl$deqf)
    __aeabi_d2iz                             0x00005fe9   Thumb Code     0  dfix.o(x$fpl$dfix)
    _dfix                                    0x00005fe9   Thumb Code    94  dfix.o(x$fpl$dfix)
    __aeabi_d2uiz                            0x00006049   Thumb Code     0  dfixu.o(x$fpl$dfixu)
    _dfixu                                   0x00006049   Thumb Code    90  dfixu.o(x$fpl$dfixu)
    __aeabi_i2d                              0x000060a3   Thumb Code     0  dflt_clz.o(x$fpl$dflt)
    _dflt                                    0x000060a3   Thumb Code    46  dflt_clz.o(x$fpl$dflt)
    __aeabi_ui2d                             0x000060d1   Thumb Code     0  dflt_clz.o(x$fpl$dfltu)
    _dfltu                                   0x000060d1   Thumb Code    38  dflt_clz.o(x$fpl$dfltu)
    __aeabi_cdcmple                          0x000060f9   Thumb Code     0  dleqf.o(x$fpl$dleqf)
    _dcmple                                  0x000060f9   Thumb Code   120  dleqf.o(x$fpl$dleqf)
    __fpl_dcmple_InfNaN                      0x0000615b   Thumb Code     0  dleqf.o(x$fpl$dleqf)
    __aeabi_dmul                             0x00006171   Thumb Code     0  dmul.o(x$fpl$dmul)
    _dmul                                    0x00006171   Thumb Code   332  dmul.o(x$fpl$dmul)
    __fpl_dnaninf                            0x000062c5   Thumb Code   156  dnaninf.o(x$fpl$dnaninf)
    __fpl_dretinf                            0x00006361   Thumb Code    12  dretinf.o(x$fpl$dretinf)
    __aeabi_cdrcmple                         0x0000636d   Thumb Code     0  drleqf.o(x$fpl$drleqf)
    _drcmple                                 0x0000636d   Thumb Code   108  drleqf.o(x$fpl$drleqf)
    __aeabi_drsub                            0x000063d9   Thumb Code     0  daddsub_clz.o(x$fpl$drsb)
    _drsb                                    0x000063d9   Thumb Code    22  daddsub_clz.o(x$fpl$drsb)
    __aeabi_dsub                             0x000063f1   Thumb Code     0  daddsub_clz.o(x$fpl$dsub)
    _dsub                                    0x000063f1   Thumb Code   464  daddsub_clz.o(x$fpl$dsub)
    __aeabi_f2d                              0x000065c5   Thumb Code     0  f2d.o(x$fpl$f2d)
    _f2d                                     0x000065c5   Thumb Code    86  f2d.o(x$fpl$f2d)
    __aeabi_fadd                             0x0000661d   Thumb Code     0  faddsub_clz.o(x$fpl$fadd)
    _fadd                                    0x0000661d   Thumb Code   196  faddsub_clz.o(x$fpl$fadd)
    __aeabi_fdiv                             0x000066e1   Thumb Code     0  fdiv.o(x$fpl$fdiv)
    _fdiv                                    0x000066e1   Thumb Code   384  fdiv.o(x$fpl$fdiv)
    __aeabi_i2f                              0x00006865   Thumb Code     0  fflt_clz.o(x$fpl$fflt)
    _fflt                                    0x00006865   Thumb Code    48  fflt_clz.o(x$fpl$fflt)
    __aeabi_fmul                             0x00006895   Thumb Code     0  fmul.o(x$fpl$fmul)
    _fmul                                    0x00006895   Thumb Code   258  fmul.o(x$fpl$fmul)
    __fpl_fnaninf                            0x00006997   Thumb Code   140  fnaninf.o(x$fpl$fnaninf)
    __fpl_fretinf                            0x00006a23   Thumb Code    10  fretinf.o(x$fpl$fretinf)
    __aeabi_fsub                             0x00006a2d   Thumb Code     0  faddsub_clz.o(x$fpl$fsub)
    _fsub                                    0x00006a2d   Thumb Code   234  faddsub_clz.o(x$fpl$fsub)
    __I$use$fp                               0x00006b16   Number         0  usenofp.o(x$fpl$usenofp)
    SPI_InstanceTable                        0x00006c28   Data          12  spi.o(.constdata)
    Region$$Table$$Base                      0x00006d44   Number         0  anon$$obj.o(Region$$Table)
    Region$$Table$$Limit                     0x00006d74   Number         0  anon$$obj.o(Region$$Table)
    SystemCoreClock                          0x1fff0000   Data           4  system_mk60d10.o(.data)
    center                                   0x1fff0004   Data           4  main.o(.data)
    avoidRamWayEffectTime                    0x1fff0008   Data           4  isr.o(.data)
    row                                      0x1fff000c   Data           2  isr.o(.data)
    ImgOK                                    0x1fff000e   Data           1  isr.o(.data)
    ImgDealOK                                0x1fff000f   Data           1  isr.o(.data)
    SysTimer                                 0x1fff0030   Data           4  rtc.o(.data)
    __stdout                                 0x1fff0068   Data           4  uart.o(.data)
    __stdin                                  0x1fff006c   Data           4  uart.o(.data)
    FreeCarsDataNum                          0x1fff007c   Data           1  freecars.o(.data)
    Image_Complete                           0x1fff0080   Data           1  camera.o(.data)
    Image_TxOk                               0x1fff0081   Data           1  camera.o(.data)
    Image_Deal                               0x1fff0084   Data           4  camera.o(.data)
    ov7620_reg                               0x1fff0088   Data          16  camera.o(.data)
    tick                                     0x1fff0098   Data           1  camera.o(.data)
    cfgnum                                   0x1fff0099   Data           1  camera.o(.data)
    Shift                                    0x1fff009c   Data           1  servo.o(.data)
    Servo_Error                              0x1fff00a0   Data           4  servo.o(.data)
    Servo_Middle                             0x1fff00a4   Data           4  servo.o(.data)
    Servo_Left                               0x1fff00a8   Data           4  servo.o(.data)
    Servo_Right                              0x1fff00ac   Data           4  servo.o(.data)
    Car_servo_PWM                            0x1fff00b0   Data           2  servo.o(.data)
    Car_centerLine                           0x1fff00b2   Data           2  servo.o(.data)
    uSendBuf                                 0x1fff0170   Data          40  freecars.o(.bss)
    SerialPortRx                             0x1fff0198   Data         108  freecars.o(.bss)
    UartData                                 0x1fff0208   Data          96  freecars.o(.bss)
    centerLine                               0x1fff0274   Data         322  image_control.o(.bss)
    leftLine                                 0x1fff03b6   Data         320  image_control.o(.bss)
    rightLine                                0x1fff04f6   Data         320  image_control.o(.bss)
    __libspace_start                         0x1fff0638   Data          96  libspace.o(.bss)
    __temporary_stack_top$libspace           0x1fff0698   Data           0  libspace.o(.bss)
    Image_Buff1                              0x20000000   Data       32000  camera.o(.bss)



==============================================================================

Memory Map of the image

  Image Entry point : 0x00000411

  Load Region LR_IROM1 (Base: 0x00000000, Size: 0x00006e38, Max: 0x00080000, ABSOLUTE)

    Execution Region ER_IROM1 (Base: 0x00000000, Size: 0x00006d74, Max: 0x00080000, ABSOLUTE)

    Base Addr    Size         Type   Attr      Idx    E Section Name        Object

    0x00000000   0x00000400   Data   RO            3    RESET               startup_mk60d10.o
    0x00000400   0x00000010   Code   RO            4    .ARM.__at_0x400     startup_mk60d10.o
    0x00000410   0x00000008   Code   RO          881  * !!!main             c_w.l(__main.o)
    0x00000418   0x00000034   Code   RO         1104    !!!scatter          c_w.l(__scatter.o)
    0x0000044c   0x0000001a   Code   RO         1106    !!handler_copy      c_w.l(__scatter_copy.o)
    0x00000466   0x00000002   PAD
    0x00000468   0x0000001c   Code   RO         1108    !!handler_zi        c_w.l(__scatter_zi.o)
    0x00000484   0x00000002   Code   RO          975    .ARM.Collect$$libinit$$00000000  c_w.l(libinit.o)
    0x00000486   0x00000000   Code   RO          982    .ARM.Collect$$libinit$$00000002  c_w.l(libinit2.o)
    0x00000486   0x00000000   Code   RO          984    .ARM.Collect$$libinit$$00000004  c_w.l(libinit2.o)
    0x00000486   0x00000000   Code   RO          987    .ARM.Collect$$libinit$$0000000A  c_w.l(libinit2.o)
    0x00000486   0x00000000   Code   RO          989    .ARM.Collect$$libinit$$0000000C  c_w.l(libinit2.o)
    0x00000486   0x00000000   Code   RO          991    .ARM.Collect$$libinit$$0000000E  c_w.l(libinit2.o)
    0x00000486   0x00000000   Code   RO          994    .ARM.Collect$$libinit$$00000011  c_w.l(libinit2.o)
    0x00000486   0x00000000   Code   RO          996    .ARM.Collect$$libinit$$00000013  c_w.l(libinit2.o)
    0x00000486   0x00000000   Code   RO          998    .ARM.Collect$$libinit$$00000015  c_w.l(libinit2.o)
    0x00000486   0x00000000   Code   RO         1000    .ARM.Collect$$libinit$$00000017  c_w.l(libinit2.o)
    0x00000486   0x00000000   Code   RO         1002    .ARM.Collect$$libinit$$00000019  c_w.l(libinit2.o)
    0x00000486   0x00000000   Code   RO         1004    .ARM.Collect$$libinit$$0000001B  c_w.l(libinit2.o)
    0x00000486   0x00000000   Code   RO         1006    .ARM.Collect$$libinit$$0000001D  c_w.l(libinit2.o)
    0x00000486   0x00000000   Code   RO         1008    .ARM.Collect$$libinit$$0000001F  c_w.l(libinit2.o)
    0x00000486   0x00000000   Code   RO         1010    .ARM.Collect$$libinit$$00000021  c_w.l(libinit2.o)
    0x00000486   0x00000000   Code   RO         1012    .ARM.Collect$$libinit$$00000023  c_w.l(libinit2.o)
    0x00000486   0x00000000   Code   RO         1014    .ARM.Collect$$libinit$$00000025  c_w.l(libinit2.o)
    0x00000486   0x00000000   Code   RO         1018    .ARM.Collect$$libinit$$0000002C  c_w.l(libinit2.o)
    0x00000486   0x00000000   Code   RO         1020    .ARM.Collect$$libinit$$0000002E  c_w.l(libinit2.o)
    0x00000486   0x00000000   Code   RO         1022    .ARM.Collect$$libinit$$00000030  c_w.l(libinit2.o)
    0x00000486   0x00000000   Code   RO         1024    .ARM.Collect$$libinit$$00000032  c_w.l(libinit2.o)
    0x00000486   0x00000002   Code   RO         1025    .ARM.Collect$$libinit$$00000033  c_w.l(libinit2.o)
    0x00000488   0x00000002   Code   RO         1045    .ARM.Collect$$libshutdown$$00000000  c_w.l(libshutdown.o)
    0x0000048a   0x00000000   Code   RO         1059    .ARM.Collect$$libshutdown$$00000003  c_w.l(libshutdown2.o)
    0x0000048a   0x00000000   Code   RO         1062    .ARM.Collect$$libshutdown$$00000006  c_w.l(libshutdown2.o)
    0x0000048a   0x00000000   Code   RO         1065    .ARM.Collect$$libshutdown$$00000009  c_w.l(libshutdown2.o)
    0x0000048a   0x00000000   Code   RO         1067    .ARM.Collect$$libshutdown$$0000000B  c_w.l(libshutdown2.o)
    0x0000048a   0x00000000   Code   RO         1070    .ARM.Collect$$libshutdown$$0000000E  c_w.l(libshutdown2.o)
    0x0000048a   0x00000002   Code   RO         1071    .ARM.Collect$$libshutdown$$0000000F  c_w.l(libshutdown2.o)
    0x0000048c   0x00000000   Code   RO          939    .ARM.Collect$$rtentry$$00000000  c_w.l(__rtentry.o)
    0x0000048c   0x00000000   Code   RO          952    .ARM.Collect$$rtentry$$00000002  c_w.l(__rtentry2.o)
    0x0000048c   0x00000006   Code   RO          964    .ARM.Collect$$rtentry$$00000004  c_w.l(__rtentry4.o)
    0x00000492   0x00000000   Code   RO          954    .ARM.Collect$$rtentry$$00000009  c_w.l(__rtentry2.o)
    0x00000492   0x00000004   Code   RO          955    .ARM.Collect$$rtentry$$0000000A  c_w.l(__rtentry2.o)
    0x00000496   0x00000000   Code   RO          957    .ARM.Collect$$rtentry$$0000000C  c_w.l(__rtentry2.o)
    0x00000496   0x00000008   Code   RO          958    .ARM.Collect$$rtentry$$0000000D  c_w.l(__rtentry2.o)
    0x0000049e   0x00000002   Code   RO          979    .ARM.Collect$$rtexit$$00000000  c_w.l(rtexit.o)
    0x000004a0   0x00000000   Code   RO         1027    .ARM.Collect$$rtexit$$00000002  c_w.l(rtexit2.o)
    0x000004a0   0x00000004   Code   RO         1028    .ARM.Collect$$rtexit$$00000003  c_w.l(rtexit2.o)
    0x000004a4   0x00000006   Code   RO         1029    .ARM.Collect$$rtexit$$00000004  c_w.l(rtexit2.o)
    0x000004aa   0x00000002   PAD
    0x000004ac   0x00000040   Code   RO            5    .text               startup_mk60d10.o
    0x000004ec   0x00000228   Code   RO           15    .text               system_mk60d10.o
    0x00000714   0x00000084   Code   RO           61    .text               main.o
    0x00000798   0x00000138   Code   RO          227    .text               isr.o
    0x000008d0   0x0000060c   Code   RO          265    .text               adc.o
    0x00000edc   0x00000224   Code   RO          292    .text               common.o
    0x00001100   0x000005a4   Code   RO          343    .text               dac.o
    0x000016a4   0x00000472   Code   RO          369    .text               dma.o
    0x00001b16   0x00000002   PAD
    0x00001b18   0x00000eac   Code   RO          397    .text               ftm.o
    0x000029c4   0x0000059c   Code   RO          420    .text               gpio.o
    0x00002f60   0x0000023c   Code   RO          468    .text               lptmr.o
    0x0000319c   0x000001a0   Code   RO          491    .text               pit.o
    0x0000333c   0x000004e4   Code   RO          515    .text               rtc.o
    0x00003820   0x00000548   Code   RO          562    .text               spi.o
    0x00003d68   0x00000960   Code   RO          614    .text               uart.o
    0x000046c8   0x00000160   Code   RO          667    .text               wdog.o
    0x00004828   0x000000e4   Code   RO          689    .text               freecars.o
    0x0000490c   0x0000032c   Code   RO          717    .text               camera.o
    0x00004c38   0x000003d4   Code   RO          772    .text               servo.o
    0x0000500c   0x00000a88   Code   RO          811    .text               image_control.o
    0x00005a94   0x0000004e   Code   RO          877    .text               c_w.l(rt_memclr_w.o)
    0x00005ae2   0x00000006   Code   RO          879    .text               c_w.l(heapauxi.o)
    0x00005ae8   0x0000004a   Code   RO          966    .text               c_w.l(sys_stackheap_outer.o)
    0x00005b32   0x0000000c   Code   RO          968    .text               c_w.l(exit.o)
    0x00005b3e   0x00000002   PAD
    0x00005b40   0x00000008   Code   RO          976    .text               c_w.l(libspace.o)
    0x00005b48   0x0000000c   Code   RO         1037    .text               c_w.l(sys_exit.o)
    0x00005b54   0x00000002   Code   RO         1048    .text               c_w.l(use_no_semi.o)
    0x00005b56   0x00000000   Code   RO         1050    .text               c_w.l(indicate_semi.o)
    0x00005b56   0x00000002   PAD
    0x00005b58   0x00000150   Code   RO          883    x$fpl$dadd          fz_ws.l(daddsub_clz.o)
    0x00005ca8   0x00000018   Code   RO          940    x$fpl$dcmpinf       fz_ws.l(dcmpi.o)
    0x00005cc0   0x000002b0   Code   RO          890    x$fpl$ddiv          fz_ws.l(ddiv.o)
    0x00005f70   0x00000078   Code   RO          893    x$fpl$deqf          fz_ws.l(deqf.o)
    0x00005fe8   0x0000005e   Code   RO          895    x$fpl$dfix          fz_ws.l(dfix.o)
    0x00006046   0x00000002   PAD
    0x00006048   0x0000005a   Code   RO          899    x$fpl$dfixu         fz_ws.l(dfixu.o)
    0x000060a2   0x0000002e   Code   RO          904    x$fpl$dflt          fz_ws.l(dflt_clz.o)
    0x000060d0   0x00000026   Code   RO          903    x$fpl$dfltu         fz_ws.l(dflt_clz.o)
    0x000060f6   0x00000002   PAD
    0x000060f8   0x00000078   Code   RO          909    x$fpl$dleqf         fz_ws.l(dleqf.o)
    0x00006170   0x00000154   Code   RO          911    x$fpl$dmul          fz_ws.l(dmul.o)
    0x000062c4   0x0000009c   Code   RO          942    x$fpl$dnaninf       fz_ws.l(dnaninf.o)
    0x00006360   0x0000000c   Code   RO          944    x$fpl$dretinf       fz_ws.l(dretinf.o)
    0x0000636c   0x0000006c   Code   RO          913    x$fpl$drleqf        fz_ws.l(drleqf.o)
    0x000063d8   0x00000016   Code   RO          884    x$fpl$drsb          fz_ws.l(daddsub_clz.o)
    0x000063ee   0x00000002   PAD
    0x000063f0   0x000001d4   Code   RO          885    x$fpl$dsub          fz_ws.l(daddsub_clz.o)
    0x000065c4   0x00000056   Code   RO          915    x$fpl$f2d           fz_ws.l(f2d.o)
    0x0000661a   0x00000002   PAD
    0x0000661c   0x000000c4   Code   RO          917    x$fpl$fadd          fz_ws.l(faddsub_clz.o)
    0x000066e0   0x00000184   Code   RO          924    x$fpl$fdiv          fz_ws.l(fdiv.o)
    0x00006864   0x00000030   Code   RO          932    x$fpl$fflt          fz_ws.l(fflt_clz.o)
    0x00006894   0x00000102   Code   RO          937    x$fpl$fmul          fz_ws.l(fmul.o)
    0x00006996   0x0000008c   Code   RO          946    x$fpl$fnaninf       fz_ws.l(fnaninf.o)
    0x00006a22   0x0000000a   Code   RO          948    x$fpl$fretinf       fz_ws.l(fretinf.o)
    0x00006a2c   0x000000ea   Code   RO          919    x$fpl$fsub          fz_ws.l(faddsub_clz.o)
    0x00006b16   0x00000000   Code   RO          950    x$fpl$usenofp       fz_ws.l(usenofp.o)
    0x00006b16   0x00000002   PAD
    0x00006b18   0x00000022   Data   RO          266    .constdata          adc.o
    0x00006b3a   0x00000002   PAD
    0x00006b3c   0x0000000a   Data   RO          344    .constdata          dac.o
    0x00006b46   0x00000002   PAD
    0x00006b48   0x00000014   Data   RO          371    .constdata          dma.o
    0x00006b5c   0x0000003f   Data   RO          399    .constdata          ftm.o
    0x00006b9b   0x00000001   PAD
    0x00006b9c   0x00000041   Data   RO          422    .constdata          gpio.o
    0x00006bdd   0x00000003   PAD
    0x00006be0   0x00000010   Data   RO          469    .constdata          lptmr.o
    0x00006bf0   0x00000004   Data   RO          493    .constdata          pit.o
    0x00006bf4   0x00000034   Data   RO          516    .constdata          rtc.o
    0x00006c28   0x00000084   Data   RO          564    .constdata          spi.o
    0x00006cac   0x00000084   Data   RO          616    .constdata          uart.o
    0x00006d30   0x00000011   Data   RO          617    .conststring        uart.o
    0x00006d41   0x00000003   PAD
    0x00006d44   0x00000030   Data   RO         1102    Region$$Table       anon$$obj.o


    Execution Region RW_IRAM2 (Base: 0x1fff0000, Size: 0x00001e98, Max: 0x00010000, ABSOLUTE)

    Base Addr    Size         Type   Attr      Idx    E Section Name        Object

    0x1fff0000   0x00000004   Data   RW           16    .data               system_mk60d10.o
    0x1fff0004   0x00000004   Data   RW           63    .data               main.o
    0x1fff0008   0x00000008   Data   RW          229    .data               isr.o
    0x1fff0010   0x00000008   Data   RW          267    .data               adc.o
    0x1fff0018   0x00000008   Data   RW          345    .data               dac.o
    0x1fff0020   0x00000004   Data   RW          372    .data               dma.o
    0x1fff0024   0x00000004   Data   RW          470    .data               lptmr.o
    0x1fff0028   0x00000004   Data   RW          494    .data               pit.o
    0x1fff002c   0x00000038   Data   RW          517    .data               rtc.o
    0x1fff0064   0x00000011   Data   RW          618    .data               uart.o
    0x1fff0075   0x00000003   PAD
    0x1fff0078   0x00000004   Data   RW          668    .data               wdog.o
    0x1fff007c   0x00000001   Data   RW          692    .data               freecars.o
    0x1fff007d   0x00000003   PAD
    0x1fff0080   0x0000001a   Data   RW          719    .data               camera.o
    0x1fff009a   0x00000002   PAD
    0x1fff009c   0x0000001e   Data   RW          774    .data               servo.o
    0x1fff00ba   0x00000008   Data   RW          813    .data               image_control.o
    0x1fff00c2   0x00000002   PAD
    0x1fff00c4   0x00000040   Zero   RW          370    .bss                dma.o
    0x1fff0104   0x0000000c   Zero   RW          398    .bss                ftm.o
    0x1fff0110   0x00000014   Zero   RW          421    .bss                gpio.o
    0x1fff0124   0x00000010   Zero   RW          492    .bss                pit.o
    0x1fff0134   0x0000000c   Zero   RW          563    .bss                spi.o
    0x1fff0140   0x00000030   Zero   RW          615    .bss                uart.o
    0x1fff0170   0x000000f8   Zero   RW          690    .bss                freecars.o
    0x1fff0268   0x0000000c   Zero   RW          773    .bss                servo.o
    0x1fff0274   0x000003c2   Zero   RW          812    .bss                image_control.o
    0x1fff0636   0x00000002   PAD
    0x1fff0638   0x00000060   Zero   RW          977    .bss                c_w.l(libspace.o)
    0x1fff0698   0x00000800   Zero   RW            2    HEAP                startup_mk60d10.o
    0x1fff0e98   0x00001000   Zero   RW            1    STACK               startup_mk60d10.o


    Execution Region RW_IRAM1 (Base: 0x20000000, Size: 0x00007d00, Max: 0x00010000, ABSOLUTE)

    Base Addr    Size         Type   Attr      Idx    E Section Name        Object

    0x20000000   0x00007d00   Zero   RW          718    .bss                camera.o


==============================================================================

Image component sizes


      Code (inc. data)   RO Data    RW Data    ZI Data      Debug   Object Name

      1548         36         34          8          0      26798   adc.o
       812         26          0         26      32000       4916   camera.o
       548         32          0          0          0      26549   common.o
      1444         34         10          8          0       5065   dac.o
      1138         30         20          4         64      29025   dma.o
       228         12          0          1        248       2800   freecars.o
      3756         72         63          0         12       6730   ftm.o
      1436         62         65          0         20       6063   gpio.o
      2696         84          0          8        962       4564   image_control.o
       312         28          0          8          0       1129   isr.o
       572         18         16          4          0       2900   lptmr.o
       132         24          0          4          0      20398   main.o
       416         30          4          4         16       3086   pit.o
      1252         44         52         56          0       5622   rtc.o
       980         40          0         30         12       3219   servo.o
      1352         44        132          0         12       6764   spi.o
        80         42       1024          0       6144       1144   startup_mk60d10.o
       552         40          0          4          0     240969   system_mk60d10.o
      2400         70        149         17         48       8734   uart.o
       352         14          0          4          0       2949   wdog.o

    ----------------------------------------------------------------------
     22008        782       1628        196      39540     409424   Object Totals
         0          0         48          0          0          0   (incl. Generated)
         2          0         11         10          2          0   (incl. Padding)

    ----------------------------------------------------------------------

      Code (inc. data)   RO Data    RW Data    ZI Data      Debug   Library Member Name

         8          0          0          0          0         68   __main.o
         0          0          0          0          0          0   __rtentry.o
        12          0          0          0          0          0   __rtentry2.o
         6          0          0          0          0          0   __rtentry4.o
        52          8          0          0          0          0   __scatter.o
        26          0          0          0          0          0   __scatter_copy.o
        28          0          0          0          0          0   __scatter_zi.o
        12          0          0          0          0         72   exit.o
         6          0          0          0          0        152   heapauxi.o
         0          0          0          0          0          0   indicate_semi.o
         2          0          0          0          0          0   libinit.o
         2          0          0          0          0          0   libinit2.o
         2          0          0          0          0          0   libshutdown.o
         2          0          0          0          0          0   libshutdown2.o
         8          4          0          0         96         68   libspace.o
        78          0          0          0          0         80   rt_memclr_w.o
         2          0          0          0          0          0   rtexit.o
        10          0          0          0          0          0   rtexit2.o
        12          4          0          0          0         68   sys_exit.o
        74          0          0          0          0         80   sys_stackheap_outer.o
         2          0          0          0          0         68   use_no_semi.o
       826         16          0          0          0        348   daddsub_clz.o
        24          0          0          0          0         68   dcmpi.o
       688        140          0          0          0        208   ddiv.o
       120          4          0          0          0         92   deqf.o
        94          4          0          0          0         92   dfix.o
        90          4          0          0          0         92   dfixu.o
        84          0          0          0          0        136   dflt_clz.o
       120          4          0          0          0         92   dleqf.o
       340         12          0          0          0        104   dmul.o
       156          4          0          0          0         92   dnaninf.o
        12          0          0          0          0         68   dretinf.o
       108          0          0          0          0         80   drleqf.o
        86          4          0          0          0         84   f2d.o
       430          8          0          0          0        168   faddsub_clz.o
       388         76          0          0          0         96   fdiv.o
        48          0          0          0          0         68   fflt_clz.o
       258          4          0          0          0         84   fmul.o
       140          4          0          0          0         84   fnaninf.o
        10          0          0          0          0         68   fretinf.o
         0          0          0          0          0          0   usenofp.o

    ----------------------------------------------------------------------
      4384        300          0          0         96       2780   Library Totals
        18          0          0          0          0          0   (incl. Padding)

    ----------------------------------------------------------------------

      Code (inc. data)   RO Data    RW Data    ZI Data      Debug   Library Name

       344         16          0          0         96        656   c_w.l
      4022        284          0          0          0       2124   fz_ws.l

    ----------------------------------------------------------------------
      4384        300          0          0         96       2780   Library Totals

    ----------------------------------------------------------------------

==============================================================================


      Code (inc. data)   RO Data    RW Data    ZI Data      Debug   

     26392       1082       1628        196      39636     408716   Grand Totals
     26392       1082       1628        196      39636     408716   ELF Image Totals
     26392       1082       1628        196          0          0   ROM Totals

==============================================================================

    Total RO  Size (Code + RO Data)                28020 (  27.36kB)
    Total RW  Size (RW Data + ZI Data)             39832 (  38.90kB)
    Total ROM Size (Code + RO Data + RW Data)      28216 (  27.55kB)

==============================================================================

