Component: ARM Compiler 5.05 update 1 (build 106) Tool: armlink [4d0efa]

==============================================================================

Section Cross References

    startup_mk60d10.o(STACK) refers (Special) to heapauxi.o(.text) for __use_two_region_memory
    startup_mk60d10.o(HEAP) refers (Special) to heapauxi.o(.text) for __use_two_region_memory
    startup_mk60d10.o(RESET) refers (Special) to heapauxi.o(.text) for __use_two_region_memory
    startup_mk60d10.o(RESET) refers to startup_mk60d10.o(STACK) for __initial_sp
    startup_mk60d10.o(RESET) refers to startup_mk60d10.o(.text) for Reset_Handler
    startup_mk60d10.o(RESET) refers to common.o(.text) for NMI_Handler
    startup_mk60d10.o(RESET) refers to dma.o(.text) for DMA0_IRQHandler
    startup_mk60d10.o(RESET) refers to wdog.o(.text) for Watchdog_IRQHandler
    startup_mk60d10.o(RESET) refers to spi.o(.text) for SPI0_IRQHandler
    startup_mk60d10.o(RESET) refers to uart.o(.text) for UART0_RX_TX_IRQHandler
    startup_mk60d10.o(RESET) refers to adc.o(.text) for ADC0_IRQHandler
    startup_mk60d10.o(RESET) refers to ftm.o(.text) for FTM0_IRQHandler
    startup_mk60d10.o(RESET) refers to rtc.o(.text) for RTC_IRQHandler
    startup_mk60d10.o(RESET) refers to pit.o(.text) for PIT0_IRQHandler
    startup_mk60d10.o(RESET) refers to dac.o(.text) for DAC0_IRQHandler
    startup_mk60d10.o(RESET) refers to lptmr.o(.text) for LPTimer_IRQHandler
    startup_mk60d10.o(RESET) refers to gpio.o(.text) for PORTA_IRQHandler
    startup_mk60d10.o(.ARM.__at_0x400) refers (Special) to heapauxi.o(.text) for __use_two_region_memory
    startup_mk60d10.o(.text) refers (Special) to heapauxi.o(.text) for __use_two_region_memory
    startup_mk60d10.o(.text) refers to system_mk60d10.o(.text) for SystemInit
    startup_mk60d10.o(.text) refers to __main.o(!!!main) for __main
    startup_mk60d10.o(.text) refers to startup_mk60d10.o(HEAP) for Heap_Mem
    startup_mk60d10.o(.text) refers to startup_mk60d10.o(STACK) for Stack_Mem
    system_mk60d10.o(.text) refers to system_mk60d10.o(.data) for SystemCoreClock
    main.o(.text) refers to common.o(.text) for DelayInit
    main.o(.text) refers to encoder.o(.text) for Encoder_Init
    main.o(.text) refers to motor.o(.text) for Motor_Init
    main.o(.text) refers to freecars.o(.text) for FreeCars_Init
    main.o(.text) refers to pit.o(.text) for PIT_QuickInit
    main.o(.text) refers to isr.o(.text) for ISR_Config
    isr.o(.text) refers to pit.o(.text) for PIT_ITDMAConfig
    isr.o(.text) refers to encoder.o(.text) for Left_SpeedControl
    isr.o(.text) refers to dflt_clz.o(x$fpl$dflt) for __aeabi_i2d
    isr.o(.text) refers to ddiv.o(x$fpl$ddiv) for __aeabi_ddiv
    isr.o(.text) refers to freecars.o(.text) for UartDebug
    isr.o(.text) refers to uart.o(.text) for UART_CallbackRxInstall
    isr.o(.text) refers to common.o(.text) for NVIC_Init
    isr.o(.text) refers to encoder.o(.bss) for LeftSpeedCtr
    isr.o(.text) refers to freecars.o(.bss) for SerialPortRx
    adc.o(.text) refers to adc.o(.constdata) for ADC_InstanceTable
    adc.o(.text) refers to gpio.o(.text) for PORT_PinMuxConfig
    adc.o(.text) refers to adc.o(.data) for ADC_CallBackTable
    common.o(.text) refers to system_mk60d10.o(.text) for SystemCoreClockUpdate
    common.o(.text) refers to system_mk60d10.o(.data) for SystemCoreClock
    cpuidy.o(.text) refers to cpuidy.o(.data) for CPUIDY_FamIDTable
    cpuidy.o(.text) refers to cpuidy.o(.constdata) for CPUIDY_PinCountTable
    cpuidy.o(.data) refers to cpuidy.o(.conststring) for .conststring
    dac.o(.text) refers to dac.o(.constdata) for DAC_InstanceTable
    dac.o(.text) refers to dac.o(.data) for DAC_CallBackTable
    dma.o(.text) refers to dma.o(.constdata) for DMAMUX_InstanceTable
    dma.o(.text) refers to dma.o(.data) for DMAChlMAP
    dma.o(.text) refers to dma.o(.bss) for DMA_CallBackTable
    ftm.o(.text) refers to ftm.o(.constdata) for SIM_FTMClockGateTable
    ftm.o(.text) refers to gpio.o(.text) for PORT_PinMuxConfig
    ftm.o(.text) refers to common.o(.text) for GetClock
    ftm.o(.text) refers to ftm.o(.bss) for FTM_CallBackTable
    gpio.o(.text) refers to gpio.o(.constdata) for SIM_GPIOClockGateTable
    gpio.o(.text) refers to gpio.o(.bss) for GPIO_CallBackTable
    i2c.o(.text) refers to gpio.o(.text) for GPIO_QuickInit
    i2c.o(.text) refers to common.o(.text) for DelayUs
    i2c.o(.text) refers to i2c.o(.bss) for i2c
    lptmr.o(.text) refers to gpio.o(.text) for PORT_PinMuxConfig
    lptmr.o(.text) refers to lptmr.o(.constdata) for SIM_LPTMRClockGateTable
    lptmr.o(.text) refers to lptmr.o(.data) for LPTMR_CallBackTable
    pit.o(.text) refers to common.o(.text) for GetClock
    pit.o(.text) refers to pit.o(.data) for fac_us
    pit.o(.text) refers to pit.o(.constdata) for PIT_IRQnTable
    pit.o(.text) refers to pit.o(.bss) for PIT_CallBackTable
    rtc.o(.text) refers to rtc.o(.data) for mdays
    rtc.o(.text) refers to rtc.o(.constdata) for MONTH_DAYS
[...]
    Removing main.o(.constdata), (552 bytes).
    Removing isr.o(.rev16_text), (4 bytes).
    Removing isr.o(.revsh_text), (4 bytes).
    Removing isr.o(.constdata), (552 bytes).
    Removing isr.o(.data), (8 bytes).
    Removing adc.o(.rev16_text), (4 bytes).
    Removing adc.o(.revsh_text), (4 bytes).
    Removing common.o(.rev16_text), (4 bytes).
    Removing common.o(.revsh_text), (4 bytes).
    Removing cpuidy.o(.rev16_text), (4 bytes).
    Removing cpuidy.o(.revsh_text), (4 bytes).
    Removing cpuidy.o(.text), (180 bytes).
    Removing cpuidy.o(.constdata), (320 bytes).
    Removing cpuidy.o(.conststring), (55 bytes).
    Removing cpuidy.o(.data), (32 bytes).
    Removing dac.o(.rev16_text), (4 bytes).
    Removing dac.o(.revsh_text), (4 bytes).
    Removing dma.o(.rev16_text), (4 bytes).
    Removing dma.o(.revsh_text), (4 bytes).
    Removing ftm.o(.rev16_text), (4 bytes).
    Removing ftm.o(.revsh_text), (4 bytes).
    Removing gpio.o(.rev16_text), (4 bytes).
    Removing gpio.o(.revsh_text), (4 bytes).
    Removing i2c.o(.rev16_text), (4 bytes).
    Removing i2c.o(.revsh_text), (4 bytes).
    Removing i2c.o(.text), (1632 bytes).
    Removing i2c.o(.bss), (12 bytes).
    Removing lptmr.o(.rev16_text), (4 bytes).
    Removing lptmr.o(.revsh_text), (4 bytes).
    Removing pit.o(.rev16_text), (4 bytes).
    Removing pit.o(.revsh_text), (4 bytes).
    Removing rtc.o(.rev16_text), (4 bytes).
    Removing rtc.o(.revsh_text), (4 bytes).
    Removing sd.o(.rev16_text), (4 bytes).
    Removing sd.o(.revsh_text), (4 bytes).
    Removing sd.o(.text), (1740 bytes).
    Removing sd.o(.bss), (52 bytes).
    Removing sd.o(.constdata), (12 bytes).
    Removing spi.o(.rev16_text), (4 bytes).
    Removing spi.o(.revsh_text), (4 bytes).
    Removing systick.o(.rev16_text), (4 bytes).
    Removing systick.o(.revsh_text), (4 bytes).
    Removing systick.o(.text), (316 bytes).
    Removing systick.o(.data), (8 bytes).
    Removing uart.o(.rev16_text), (4 bytes).
    Removing uart.o(.revsh_text), (4 bytes).
    Removing vref.o(.rev16_text), (4 bytes).
    Removing vref.o(.revsh_text), (4 bytes).
    Removing vref.o(.text), (116 bytes).
    Removing wdog.o(.rev16_text), (4 bytes).
    Removing wdog.o(.revsh_text), (4 bytes).
    Removing freecars.o(.rev16_text), (4 bytes).
    Removing freecars.o(.revsh_text), (4 bytes).
    Removing freecars.o(.constdata), (552 bytes).
    Removing usart.o(.text), (16 bytes).
    Removing mymath.o(.text), (316 bytes).
    Removing mymath.o(.data), (180 bytes).
    Removing fuzzzyspeed.o(.rev16_text), (4 bytes).
    Removing fuzzzyspeed.o(.revsh_text), (4 bytes).
    Removing fuzzzyspeed.o(.text), (1908 bytes).
    Removing fuzzzyspeed.o(.constdata), (570 bytes).
    Removing fuzzzyspeed.o(.data), (188 bytes).

67 unused section(s) (total 9621 bytes) removed from the image.

==============================================================================

Image Symbol Table

    Local Symbols

    Symbol Name                              Value     Ov Type        Size  Object(Section)

    RESET                                    0x00000000   Section     1024  startup_mk60d10.o(RESET)
    ../clib/angel/boardlib.s                 0x00000000   Number         0  boardinit1.o ABSOLUTE
    ../clib/angel/boardlib.s                 0x00000000   Number         0  boardshut.o ABSOLUTE
    ../clib/angel/boardlib.s                 0x00000000   Number         0  boardinit3.o ABSOLUTE
    ../clib/angel/boardlib.s                 0x00000000   Number         0  boardinit2.o ABSOLUTE
    ../clib/angel/handlers.s                 0x00000000   Number         0  __scatter_copy.o ABSOLUTE
    ../clib/angel/handlers.s                 0x00000000   Number         0  __scatter_zi.o ABSOLUTE
    ../clib/angel/kernel.s                   0x00000000   Number         0  __rtentry4.o ABSOLUTE
    ../clib/angel/kernel.s                   0x00000000   Number         0  __rtentry2.o ABSOLUTE
    ../clib/angel/kernel.s                   0x00000000   Number         0  rtexit2.o ABSOLUTE
    ../clib/angel/kernel.s                   0x00000000   Number         0  rtexit.o ABSOLUTE
    ../clib/angel/kernel.s                   0x00000000   Number         0  __rtentry.o ABSOLUTE
    ../clib/angel/rt.s                       0x00000000   Number         0  rt_raise.o ABSOLUTE
    ../clib/angel/scatter.s                  0x00000000   Number         0  __scatter.o ABSOLUTE
    ../clib/angel/startup.s                  0x00000000   Number         0  __main.o ABSOLUTE
    ../clib/angel/sys.s                      0x00000000   Number         0  indicate_semi.o ABSOLUTE
    ../clib/angel/sys.s                      0x00000000   Number         0  sys_stackheap_outer.o ABSOLUTE
    ../clib/angel/sys.s                      0x00000000   Number         0  use_no_semi.o ABSOLUTE
    ../clib/angel/sys.s                      0x00000000   Number         0  libspace.o ABSOLUTE
    ../clib/angel/sysapp.c                   0x00000000   Number         0  sys_command.o ABSOLUTE
    ../clib/angel/sysapp.c                   0x00000000   Number         0  sys_exit.o ABSOLUTE
    ../clib/angel/sysapp.c                   0x00000000   Number         0  sys_wrch.o ABSOLUTE
    ../clib/armsys.c                         0x00000000   Number         0  argv_veneer.o ABSOLUTE
    ../clib/armsys.c                         0x00000000   Number         0  no_argv.o ABSOLUTE
    ../clib/armsys.c                         0x00000000   Number         0  _get_argv_nomalloc.o ABSOLUTE
    ../clib/armsys.c                         0x00000000   Number         0  argv_veneer.o ABSOLUTE
    ../clib/heapalloc.c                      0x00000000   Number         0  hrguard.o ABSOLUTE
    ../clib/heapaux.c                        0x00000000   Number         0  heapauxi.o ABSOLUTE
    ../clib/libinit.s                        0x00000000   Number         0  libshutdown2.o ABSOLUTE
    ../clib/libinit.s                        0x00000000   Number         0  libshutdown.o ABSOLUTE
    ../clib/libinit.s                        0x00000000   Number         0  libinit2.o ABSOLUTE
    ../clib/libinit.s                        0x00000000   Number         0  libinit.o ABSOLUTE
    ../clib/signal.c                         0x00000000   Number         0  defsig_rtmem_inner.o ABSOLUTE
    ../clib/signal.c                         0x00000000   Number         0  defsig_exit.o ABSOLUTE
    ../clib/signal.c                         0x00000000   Number         0  defsig_rtmem_formal.o ABSOLUTE
    ../clib/signal.c                         0x00000000   Number         0  defsig_rtmem_outer.o ABSOLUTE
    ../clib/signal.c                         0x00000000   Number         0  defsig_cppl_inner.o ABSOLUTE
    ../clib/signal.c                         0x00000000   Number         0  defsig_abrt_inner.o ABSOLUTE
    ../clib/signal.c                         0x00000000   Number         0  defsig_general.o ABSOLUTE
    ../clib/signal.c                         0x00000000   Number         0  __raise.o ABSOLUTE
    ../clib/signal.c                         0x00000000   Number         0  defsig_segv_inner.o ABSOLUTE
    ../clib/signal.c                         0x00000000   Number         0  defsig_other.o ABSOLUTE
    ../clib/signal.c                         0x00000000   Number         0  defsig_pvfn_inner.o ABSOLUTE
    ../clib/signal.c                         0x00000000   Number         0  defsig_stak_inner.o ABSOLUTE
    ../clib/signal.c                         0x00000000   Number         0  defsig_rtred_inner.o ABSOLUTE
    ../clib/signal.c                         0x00000000   Number         0  defsig_fpe_inner.o ABSOLUTE
    ../clib/signal.s                         0x00000000   Number         0  defsig.o ABSOLUTE
    ../clib/stdlib.c                         0x00000000   Number         0  exit.o ABSOLUTE
    ../fplib/d2f.s                           0x00000000   Number         0  d2f.o ABSOLUTE
    ../fplib/daddsub.s                       0x00000000   Number         0  daddsub_clz.o ABSOLUTE
    ../fplib/dcmpi.s                         0x00000000   Number         0  dcmpi.o ABSOLUTE
    ../fplib/ddiv.s                          0x00000000   Number         0  ddiv.o ABSOLUTE
    ../fplib/dfix.s                          0x00000000   Number         0  dfix.o ABSOLUTE
    ../fplib/dflt.s                          0x00000000   Number         0  dflt_clz.o ABSOLUTE
    ../fplib/dleqf.s                         0x00000000   Number         0  dleqf.o ABSOLUTE
    ../fplib/dmul.s                          0x00000000   Number         0  dmul.o ABSOLUTE
    ../fplib/dnaninf.s                       0x00000000   Number         0  dnaninf.o ABSOLUTE
    ../fplib/dretinf.s                       0x00000000   Number         0  dretinf.o ABSOLUTE
    ../fplib/drleqf.s                        0x00000000   Number         0  drleqf.o ABSOLUTE
    ../fplib/f2d.s                           0x00000000   Number         0  f2d.o ABSOLUTE
    ../fplib/faddsub.s                       0x00000000   Number         0  faddsub_clz.o ABSOLUTE
    ../fplib/fcmpi.s                         0x00000000   Number         0  fcmpi.o ABSOLUTE
    ../fplib/fdiv.s                          0x00000000   Number         0  fdiv.o ABSOLUTE
    ../fplib/ffix.s                          0x00000000   Number         0  ffix.o ABSOLUTE
    ../fplib/ffixu.s                         0x00000000   Number         0  ffixu.o ABSOLUTE
    ../fplib/fflt.s                          0x00000000   Number         0  fflt_clz.o ABSOLUTE
    ../fplib/fleqf.s                         0x00000000   Number         0  fleqf.o ABSOLUTE
    ../fplib/fmul.s                          0x00000000   Number         0  fmul.o ABSOLUTE
    ../fplib/fnaninf.s                       0x00000000   Number         0  fnaninf.o ABSOLUTE
    ../fplib/fpinit.s                        0x00000000   Number         0  fpinit.o ABSOLUTE
    ../fplib/fretinf.s                       0x00000000   Number         0  fretinf.o ABSOLUTE
    ../fplib/frleqf.s                        0x00000000   Number         0  frleqf.o ABSOLUTE
    ../fplib/usenofp.s                       0x00000000   Number         0  usenofp.o ABSOLUTE
    ..\SRC\ALGORITHM\FUZZYSPEED\fuzzzySpeed.c 0x00000000   Number         0  fuzzzyspeed.o ABSOLUTE
    ..\SRC\ALGORITHM\MYMATH\MyMath.c         0x00000000   Number         0  mymath.o ABSOLUTE
    ..\SRC\FWLIB\ADC\adc.c                   0x00000000   Number         0  adc.o ABSOLUTE
    ..\SRC\FWLIB\COMMON\common.c             0x00000000   Number         0  common.o ABSOLUTE
    ..\SRC\FWLIB\CPUIDY\cpuidy.c             0x00000000   Number         0  cpuidy.o ABSOLUTE
    ..\SRC\FWLIB\DAC\dac.c                   0x00000000   Number         0  dac.o ABSOLUTE
    ..\SRC\FWLIB\DMA\dma.c                   0x00000000   Number         0  dma.o ABSOLUTE
    ..\SRC\FWLIB\FTM\ftm.c                   0x00000000   Number         0  ftm.o ABSOLUTE
    ..\SRC\FWLIB\GPIO\gpio.c                 0x00000000   Number         0  gpio.o ABSOLUTE
    ..\SRC\FWLIB\I2C\i2c.c                   0x00000000   Number         0  i2c.o ABSOLUTE
    ..\SRC\FWLIB\LPTMR\lptmr.c               0x00000000   Number         0  lptmr.o ABSOLUTE
    ..\SRC\FWLIB\PIT\pit.c                   0x00000000   Number         0  pit.o ABSOLUTE
    ..\SRC\FWLIB\RTC\rtc.c                   0x00000000   Number         0  rtc.o ABSOLUTE
    ..\SRC\FWLIB\SD\sd.c                     0x00000000   Number         0  sd.o ABSOLUTE
    ..\SRC\FWLIB\SPI\spi.c                   0x00000000   Number         0  spi.o ABSOLUTE
    ..\SRC\FWLIB\SYSTICK\SysTick.c           0x00000000   Number         0  systick.o ABSOLUTE
    ..\SRC\FWLIB\UART\uart.c                 0x00000000   Number         0  uart.o ABSOLUTE
    ..\SRC\FWLIB\VREF\vref.c                 0x00000000   Number         0  vref.o ABSOLUTE
    ..\SRC\FWLIB\WDOG\wdog.c                 0x00000000   Number         0  wdog.o ABSOLUTE
    ..\SRC\HARDWARE\ENCODER\encoder.c        0x00000000   Number         0  encoder.o ABSOLUTE
    ..\SRC\HARDWARE\FREECARS\FreeCars.c      0x00000000   Number         0  freecars.o ABSOLUTE
    ..\SRC\HARDWARE\MOTOR\motor.c            0x00000000   Number         0  motor.o ABSOLUTE
    ..\SRC\HARDWARE\USART\usart.c            0x00000000   Number         0  usart.o ABSOLUTE
    ..\SRC\STARTUP\DeviceSupport\startup_MK60D10.s 0x00000000   Number         0  startup_mk60d10.o ABSOLUTE
    ..\SRC\STARTUP\DeviceSupport\system_MK60D10.c 0x00000000   Number         0  system_mk60d10.o ABSOLUTE
    ..\SRC\USER\isr.c                        0x00000000   Number         0  isr.o ABSOLUTE
    ..\SRC\USER\main.c                       0x00000000   Number         0  main.o ABSOLUTE
    ..\\SRC\\ALGORITHM\\FUZZYSPEED\\fuzzzySpeed.c 0x00000000   Number         0  fuzzzyspeed.o ABSOLUTE
    ..\\SRC\\FWLIB\\ADC\\adc.c               0x00000000   Number         0  adc.o ABSOLUTE
    ..\\SRC\\FWLIB\\COMMON\\common.c         0x00000000   Number         0  common.o ABSOLUTE
    ..\\SRC\\FWLIB\\CPUIDY\\cpuidy.c         0x00000000   Number         0  cpuidy.o ABSOLUTE
    ..\\SRC\\FWLIB\\DAC\\dac.c               0x00000000   Number         0  dac.o ABSOLUTE
    ..\\SRC\\FWLIB\\DMA\\dma.c               0x00000000   Number         0  dma.o ABSOLUTE
    ..\\SRC\\FWLIB\\FTM\\ftm.c               0x00000000   Number         0  ftm.o ABSOLUTE
    ..\\SRC\\FWLIB\\GPIO\\gpio.c             0x00000000   Number         0  gpio.o ABSOLUTE
    ..\\SRC\\FWLIB\\I2C\\i2c.c               0x00000000   Number         0  i2c.o ABSOLUTE
    ..\\SRC\\FWLIB\\LPTMR\\lptmr.c           0x00000000   Number         0  lptmr.o ABSOLUTE
    ..\\SRC\\FWLIB\\PIT\\pit.c               0x00000000   Number         0  pit.o ABSOLUTE
    ..\\SRC\\FWLIB\\RTC\\rtc.c               0x00000000   Number         0  rtc.o ABSOLUTE
    ..\\SRC\\FWLIB\\SD\\sd.c                 0x00000000   Number         0  sd.o ABSOLUTE
    ..\\SRC\\FWLIB\\SPI\\spi.c               0x00000000   Number         0  spi.o ABSOLUTE
    ..\\SRC\\FWLIB\\SYSTICK\\SysTick.c       0x00000000   Number         0  systick.o ABSOLUTE
    ..\\SRC\\FWLIB\\UART\\uart.c             0x00000000   Number         0  uart.o ABSOLUTE
    ..\\SRC\\FWLIB\\VREF\\vref.c             0x00000000   Number         0  vref.o ABSOLUTE
    ..\\SRC\\FWLIB\\WDOG\\wdog.c             0x00000000   Number         0  wdog.o ABSOLUTE
    ..\\SRC\\HARDWARE\\FREECARS\\FreeCars.c  0x00000000   Number         0  freecars.o ABSOLUTE
    ..\\SRC\\STARTUP\\DeviceSupport\\system_MK60D10.c 0x00000000   Number         0  system_mk60d10.o ABSOLUTE
    ..\\SRC\\USER\\isr.c                     0x00000000   Number         0  isr.o ABSOLUTE
    ..\\SRC\\USER\\main.c                    0x00000000   Number         0  main.o ABSOLUTE
    dc.s                                     0x00000000   Number         0  dc.o ABSOLUTE
    .ARM.__at_0x400                          0x00000400   Section       16  startup_mk60d10.o(.ARM.__at_0x400)
    !!!main                                  0x00000410   Section        8  __main.o(!!!main)
    !!!scatter                               0x00000418   Section       52  __scatter.o(!!!scatter)
    !!handler_copy                           0x0000044c   Section       26  __scatter_copy.o(!!handler_copy)
    !!handler_zi                             0x00000468   Section       28  __scatter_zi.o(!!handler_zi)
    .ARM.Collect$$libinit$$00000000          0x00000484   Section        2  libinit.o(.ARM.Collect$$libinit$$00000000)
    .ARM.Collect$$libinit$$00000002          0x00000486   Section        0  libinit2.o(.ARM.Collect$$libinit$$00000002)
    .ARM.Collect$$libinit$$00000004          0x00000486   Section        0  libinit2.o(.ARM.Collect$$libinit$$00000004)
    .ARM.Collect$$libinit$$0000000A          0x00000486   Section        0  libinit2.o(.ARM.Collect$$libinit$$0000000A)
    .ARM.Collect$$libinit$$0000000C          0x00000486   Section        0  libinit2.o(.ARM.Collect$$libinit$$0000000C)
    .ARM.Collect$$libinit$$0000000E          0x00000486   Section        0  libinit2.o(.ARM.Collect$$libinit$$0000000E)
    .ARM.Collect$$libinit$$00000011          0x00000486   Section        0  libinit2.o(.ARM.Collect$$libinit$$00000011)
    .ARM.Collect$$libinit$$00000013          0x00000486   Section        0  libinit2.o(.ARM.Collect$$libinit$$00000013)
    .ARM.Collect$$libinit$$00000015          0x00000486   Section        0  libinit2.o(.ARM.Collect$$libinit$$00000015)
    .ARM.Collect$$libinit$$00000017          0x00000486   Section        0  libinit2.o(.ARM.Collect$$libinit$$00000017)
    .ARM.Collect$$libinit$$00000019          0x00000486   Section        0  libinit2.o(.ARM.Collect$$libinit$$00000019)
    .ARM.Collect$$libinit$$0000001B          0x00000486   Section        0  libinit2.o(.ARM.Collect$$libinit$$0000001B)
    .ARM.Collect$$libinit$$0000001D          0x00000486   Section        0  libinit2.o(.ARM.Collect$$libinit$$0000001D)
    .ARM.Collect$$libinit$$0000001F          0x00000486   Section        0  libinit2.o(.ARM.Collect$$libinit$$0000001F)
    .ARM.Collect$$libinit$$00000021          0x00000486   Section        0  libinit2.o(.ARM.Collect$$libinit$$00000021)
    .ARM.Collect$$libinit$$00000023          0x00000486   Section        0  libinit2.o(.ARM.Collect$$libinit$$00000023)
    .ARM.Collect$$libinit$$00000025          0x00000486   Section        0  libinit2.o(.ARM.Collect$$libinit$$00000025)
    .ARM.Collect$$libinit$$0000002C          0x00000486   Section        0  libinit2.o(.ARM.Collect$$libinit$$0000002C)
    .ARM.Collect$$libinit$$0000002E          0x00000486   Section        0  libinit2.o(.ARM.Collect$$libinit$$0000002E)
    .ARM.Collect$$libinit$$00000030          0x00000486   Section        0  libinit2.o(.ARM.Collect$$libinit$$00000030)
    .ARM.Collect$$libinit$$00000032          0x00000486   Section        0  libinit2.o(.ARM.Collect$$libinit$$00000032)
    .ARM.Collect$$libinit$$00000033          0x00000486   Section        2  libinit2.o(.ARM.Collect$$libinit$$00000033)
    .ARM.Collect$$libshutdown$$00000000      0x00000488   Section        2  libshutdown.o(.ARM.Collect$$libshutdown$$00000000)
    .ARM.Collect$$libshutdown$$00000003      0x0000048a   Section        0  libshutdown2.o(.ARM.Collect$$libshutdown$$00000003)
    .ARM.Collect$$libshutdown$$00000006      0x0000048a   Section        0  libshutdown2.o(.ARM.Collect$$libshutdown$$00000006)
    .ARM.Collect$$libshutdown$$00000009      0x0000048a   Section        0  libshutdown2.o(.ARM.Collect$$libshutdown$$00000009)
    .ARM.Collect$$libshutdown$$0000000B      0x0000048a   Section        0  libshutdown2.o(.ARM.Collect$$libshutdown$$0000000B)
    .ARM.Collect$$libshutdown$$0000000E      0x0000048a   Section        0  libshutdown2.o(.ARM.Collect$$libshutdown$$0000000E)
    .ARM.Collect$$libshutdown$$0000000F      0x0000048a   Section        2  libshutdown2.o(.ARM.Collect$$libshutdown$$0000000F)
    .ARM.Collect$$rtentry$$00000000          0x0000048c   Section        0  __rtentry.o(.ARM.Collect$$rtentry$$00000000)
    .ARM.Collect$$rtentry$$00000002          0x0000048c   Section        0  __rtentry2.o(.ARM.Collect$$rtentry$$00000002)
    .ARM.Collect$$rtentry$$00000004          0x0000048c   Section        6  __rtentry4.o(.ARM.Collect$$rtentry$$00000004)
    .ARM.Collect$$rtentry$$00000009          0x00000492   Section        0  __rtentry2.o(.ARM.Collect$$rtentry$$00000009)
    .ARM.Collect$$rtentry$$0000000A          0x00000492   Section        4  __rtentry2.o(.ARM.Collect$$rtentry$$0000000A)
    .ARM.Collect$$rtentry$$0000000C          0x00000496   Section        0  __rtentry2.o(.ARM.Collect$$rtentry$$0000000C)
    .ARM.Collect$$rtentry$$0000000D          0x00000496   Section        8  __rtentry2.o(.ARM.Collect$$rtentry$$0000000D)
    .ARM.Collect$$rtexit$$00000000           0x0000049e   Section        2  rtexit.o(.ARM.Collect$$rtexit$$00000000)
    .ARM.Collect$$rtexit$$00000002           0x000004a0   Section        0  rtexit2.o(.ARM.Collect$$rtexit$$00000002)
    .ARM.Collect$$rtexit$$00000003           0x000004a0   Section        4  rtexit2.o(.ARM.Collect$$rtexit$$00000003)
    .ARM.Collect$$rtexit$$00000004           0x000004a4   Section        6  rtexit2.o(.ARM.Collect$$rtexit$$00000004)
    .text                                    0x000004ac   Section       64  startup_mk60d10.o(.text)
    .text                                    0x000004ec   Section        0  system_mk60d10.o(.text)
    .text                                    0x00000714   Section        0  main.o(.text)
    .text                                    0x0000074c   Section        0  isr.o(.text)
    PIT0_ISR                                 0x0000074d   Thumb Code    42  isr.o(.text)
    UART2_RX_ISR                             0x00000777   Thumb Code   470  isr.o(.text)
    .text                                    0x000009ac   Section        0  adc.o(.text)
    .text                                    0x00000fb8   Section        0  common.o(.text)
    .text                                    0x000011dc   Section        0  dac.o(.text)
    DAC_IRQHandler                           0x000016d3   Thumb Code   122  dac.o(.text)
    NVIC_EnableIRQ                           0x00001761   Thumb Code    22  dac.o(.text)
    .text                                    0x00001780   Section        0  dma.o(.text)
    DMA_IRQHandler                           0x00001b17   Thumb Code    30  dma.o(.text)
    .text                                    0x00001bf4   Section        0  ftm.o(.text)
    _FTM_InitBasic                           0x00001bf5   Thumb Code   110  ftm.o(.text)
    get_chl_pair_index                       0x00001c63   Thumb Code    40  ftm.o(.text)
    FTM_DualChlConfig                        0x00001c8b   Thumb Code   180  ftm.o(.text)
    FTM_SetMode                              0x00001dc3   Thumb Code  1140  ftm.o(.text)
    .text                                    0x00002aa0   Section        0  gpio.o(.text)
    PORT_IRQHandler                          0x00002faf   Thumb Code    48  gpio.o(.text)
    NVIC_EnableIRQ                           0x00003011   Thumb Code    22  gpio.o(.text)
    .text                                    0x0000303c   Section        0  lptmr.o(.text)
    .text                                    0x00003278   Section        0  pit.o(.text)
    PIT_IRQHandler                           0x000033a9   Thumb Code    42  pit.o(.text)
    .text                                    0x00003418   Section        0  rtc.o(.text)
    RTC_DateTimeToSecond                     0x00003485   Thumb Code   122  rtc.o(.text)
    RTC_SecondToDateTime                     0x000034ff   Thumb Code   148  rtc.o(.text)
    NVIC_EnableIRQ                           0x000038dd   Thumb Code    22  rtc.o(.text)
    .text                                    0x000038fc   Section        0  spi.o(.text)
    dspi_hal_set_baud                        0x000038fd   Thumb Code   226  spi.o(.text)
    SPI_IRQHandler                           0x00003df3   Thumb Code    42  spi.o(.text)
    .text                                    0x00003e44   Section        0  uart.o(.text)
    UART_putstr                              0x00003f39   Thumb Code    26  uart.o(.text)
    printn                                   0x00003f53   Thumb Code    48  uart.o(.text)
    UART_IRQ_Handler                         0x00004689   Thumb Code   190  uart.o(.text)
    NVIC_EnableIRQ                           0x00004783   Thumb Code    22  uart.o(.text)
    .text                                    0x000047a4   Section        0  wdog.o(.text)
    WDOG_Unlock                              0x000047a5   Thumb Code    20  wdog.o(.text)
    .text                                    0x00004904   Section        0  freecars.o(.text)
    .text                                    0x00004a78   Section        0  encoder.o(.text)
    .text                                    0x00004d94   Section        0  motor.o(.text)
    .text                                    0x00004e70   Section        0  heapauxi.o(.text)
    .text                                    0x00004e76   Section       74  sys_stackheap_outer.o(.text)
    .text                                    0x00004ec0   Section        0  exit.o(.text)
    .text                                    0x00004ecc   Section        8  libspace.o(.text)
    .text                                    0x00004ed4   Section        0  sys_exit.o(.text)
    .text                                    0x00004ee0   Section        2  use_no_semi.o(.text)
    .text                                    0x00004ee2   Section        0  indicate_semi.o(.text)
    x$fpl$d2f                                0x00004ee4   Section       98  d2f.o(x$fpl$d2f)
    x$fpl$ddiv                               0x00004f48   Section      688  ddiv.o(x$fpl$ddiv)
    ddiv_entry                               0x00004f4f   Thumb Code     0  ddiv.o(x$fpl$ddiv)
    x$fpl$dflt                               0x000051f8   Section       46  dflt_clz.o(x$fpl$dflt)
    x$fpl$dmul                               0x00005228   Section      340  dmul.o(x$fpl$dmul)
    x$fpl$dnaninf                            0x0000537c   Section      156  dnaninf.o(x$fpl$dnaninf)
    x$fpl$dretinf                            0x00005418   Section       12  dretinf.o(x$fpl$dretinf)
    x$fpl$f2d                                0x00005424   Section       86  f2d.o(x$fpl$f2d)
    x$fpl$fadd                               0x0000547c   Section      196  faddsub_clz.o(x$fpl$fadd)
    _fadd1                                   0x0000548b   Thumb Code     0  faddsub_clz.o(x$fpl$fadd)
    x$fpl$fcmpinf                            0x00005540   Section       24  fcmpi.o(x$fpl$fcmpinf)
    x$fpl$ffix                               0x00005558   Section       54  ffix.o(x$fpl$ffix)
    x$fpl$fflt                               0x00005590   Section       48  fflt_clz.o(x$fpl$fflt)
    x$fpl$fleqf                              0x000055c0   Section      104  fleqf.o(x$fpl$fleqf)
    x$fpl$fmul                               0x00005628   Section      258  fmul.o(x$fpl$fmul)
    x$fpl$fnaninf                            0x0000572a   Section      140  fnaninf.o(x$fpl$fnaninf)
    x$fpl$fretinf                            0x000057b6   Section       10  fretinf.o(x$fpl$fretinf)
    x$fpl$frleqf                             0x000057c0   Section       98  frleqf.o(x$fpl$frleqf)
    x$fpl$fsub                               0x00005824   Section      234  faddsub_clz.o(x$fpl$fsub)
    _fsub1                                   0x00005833   Thumb Code     0  faddsub_clz.o(x$fpl$fsub)
    x$fpl$usenofp                            0x0000590e   Section        0  usenofp.o(x$fpl$usenofp)
    .constdata                               0x00005910   Section       34  adc.o(.constdata)
    ADC_InstanceTable                        0x00005910   Data           8  adc.o(.constdata)
    SIM_ADCClockGateTable                    0x00005918   Data          24  adc.o(.constdata)
    ADC_IRQnTable                            0x00005930   Data           2  adc.o(.constdata)
    .constdata                               0x00005934   Section       10  dac.o(.constdata)
    DAC_InstanceTable                        0x00005934   Data           8  dac.o(.constdata)
    DAC_IRQnTable                            0x0000593c   Data           2  dac.o(.constdata)
    .constdata                               0x00005940   Section       20  dma.o(.constdata)
    DMAMUX_InstanceTable                     0x00005940   Data           4  dma.o(.constdata)
    DMA_IRQnTable                            0x00005944   Data          16  dma.o(.constdata)
    .constdata                               0x00005954   Section       63  ftm.o(.constdata)
    FTM_InstanceTable                        0x00005954   Data          12  ftm.o(.constdata)
    FTM_ChlMaxTable                          0x00005960   Data          12  ftm.o(.constdata)
    SIM_FTMClockGateTable                    0x0000596c   Data          36  ftm.o(.constdata)
    FTM_IRQnTable                            0x00005990   Data           3  ftm.o(.constdata)
    .constdata                               0x00005994   Section       65  gpio.o(.constdata)
    GPIO_InstanceTable                       0x00005994   Data          20  gpio.o(.constdata)
    PORT_InstanceTable                       0x000059a8   Data          20  gpio.o(.constdata)
    SIM_GPIOClockGateTable                   0x000059bc   Data          20  gpio.o(.constdata)
    GPIO_IRQnTable                           0x000059d0   Data           5  gpio.o(.constdata)
    .constdata                               0x000059d8   Section       16  lptmr.o(.constdata)
    LPTMR_IRQnTable                          0x000059d8   Data           1  lptmr.o(.constdata)
    SIM_LPTMRClockGateTable                  0x000059dc   Data          12  lptmr.o(.constdata)
    .constdata                               0x000059e8   Section        4  pit.o(.constdata)
    PIT_IRQnTable                            0x000059e8   Data           4  pit.o(.constdata)
    .constdata                               0x000059ec   Section       52  rtc.o(.constdata)
    ULY                                      0x000059ec   Data          13  rtc.o(.constdata)
    LY                                       0x000059f9   Data          13  rtc.o(.constdata)
    MONTH_DAYS                               0x00005a06   Data          26  rtc.o(.constdata)
    .constdata                               0x00005a20   Section      132  spi.o(.constdata)
    SIM_SPIClockGateTable                    0x00005a2c   Data          36  spi.o(.constdata)
    SPI_IRQnTable                            0x00005a50   Data           3  spi.o(.constdata)
    s_baudratePrescaler                      0x00005a54   Data          16  spi.o(.constdata)
    s_baudrateScaler                         0x00005a64   Data          64  spi.o(.constdata)
    .constdata                               0x00005aa4   Section      132  uart.o(.constdata)
    UARTBase                                 0x00005aa4   Data          24  uart.o(.constdata)
    ClkTbl                                   0x00005abc   Data          72  uart.o(.constdata)
    UART_IRQnTable                           0x00005b04   Data           6  uart.o(.constdata)
    UART_TIFOSizeTable                       0x00005b0c   Data          28  uart.o(.constdata)
    .conststring                             0x00005b28   Section       17  uart.o(.conststring)
    .data                                    0x1fff0000   Section        4  system_mk60d10.o(.data)
    .data                                    0x1fff0004   Section        8  adc.o(.data)
    ADC_CallBackTable                        0x1fff0004   Data           8  adc.o(.data)
    .data                                    0x1fff000c   Section        8  dac.o(.data)
    DAC_CallBackTable                        0x1fff000c   Data           8  dac.o(.data)
    .data                                    0x1fff0014   Section        4  dma.o(.data)
    DMAChlMAP                                0x1fff0014   Data           4  dma.o(.data)
    .data                                    0x1fff0018   Section        4  lptmr.o(.data)
    LPTMR_CallBackTable                      0x1fff0018   Data           4  lptmr.o(.data)
    .data                                    0x1fff001c   Section        4  pit.o(.data)
    fac_us                                   0x1fff001c   Data           4  pit.o(.data)
    .data                                    0x1fff0020   Section       56  rtc.o(.data)
    RTC_CallBackTable                        0x1fff0020   Data           4  rtc.o(.data)
    mdays                                    0x1fff0028   Data          48  rtc.o(.data)
    .data                                    0x1fff0058   Section       17  uart.o(.data)
    UART_DebugInstance                       0x1fff0058   Data           1  uart.o(.data)
    ntab                                     0x1fff0064   Data           4  uart.o(.data)
    is_fitst_init                            0x1fff0068   Data           1  uart.o(.data)
    .data                                    0x1fff006c   Section        4  wdog.o(.data)
    WDOG_CallBackTable                       0x1fff006c   Data           4  wdog.o(.data)
    .data                                    0x1fff0070   Section        1  freecars.o(.data)
    .data                                    0x1fff0074   Section       56  encoder.o(.data)
    .bss                                     0x1fff00ac   Section       64  dma.o(.bss)
    DMA_CallBackTable                        0x1fff00ac   Data          64  dma.o(.bss)
    .bss                                     0x1fff00ec   Section       12  ftm.o(.bss)
    FTM_CallBackTable                        0x1fff00ec   Data          12  ftm.o(.bss)
    .bss                                     0x1fff00f8   Section       20  gpio.o(.bss)
    GPIO_CallBackTable                       0x1fff00f8   Data          20  gpio.o(.bss)
    .bss                                     0x1fff010c   Section       16  pit.o(.bss)
    PIT_CallBackTable                        0x1fff010c   Data          16  pit.o(.bss)
    .bss                                     0x1fff011c   Section       12  spi.o(.bss)
    SPI_CallBackTable                        0x1fff011c   Data          12  spi.o(.bss)
    .bss                                     0x1fff0128   Section       48  uart.o(.bss)
    UART_CallBackTxTable                     0x1fff0128   Data          24  uart.o(.bss)
    UART_CallBackRxTable                     0x1fff0140   Data          24  uart.o(.bss)
    .bss                                     0x1fff0158   Section      224  freecars.o(.bss)
    .bss                                     0x1fff0238   Section       72  encoder.o(.bss)
    .bss                                     0x1fff0280   Section       96  libspace.o(.bss)
    HEAP                                     0x1fff02e0   Section     2048  startup_mk60d10.o(HEAP)
    Heap_Mem                                 0x1fff02e0   Data        2048  startup_mk60d10.o(HEAP)
    STACK                                    0x20000000   Section     4096  startup_mk60d10.o(STACK)
    Stack_Mem                                0x20000000   Data        4096  startup_mk60d10.o(STACK)
    __initial_sp                             0x20001000   Data           0  startup_mk60d10.o(STACK)

    Global Symbols

    Symbol Name                              Value     Ov Type        Size  Object(Section)

    BuildAttributes$$THM_ISAv4$E$P$D$K$B$S$7EM$PE$A:L22UL41UL21$X:L11$S22US41US21$IEEE1$IW$USESV6$~STKCKD$USESV7$~SHL$OSPACE$ROPI$EBA8$UX$STANDARDLIB$REQ8$PRES8$EABIv2 0x00000000   Number         0  anon$$obj.o ABSOLUTE
    __ARM_use_no_argv                        0x00000000   Number         0  main.o ABSOLUTE
    __Vectors                                0x00000000   Data           4  startup_mk60d10.o(RESET)
    __ARM_exceptions_init                     - Undefined Weak Reference
    __alloca_initialize                       - Undefined Weak Reference
    __arm_preinit_                            - Undefined Weak Reference
    __cpp_initialize__aeabi_                  - Undefined Weak Reference
    __cxa_finalize                            - Undefined Weak Reference
    __rt_locale                               - Undefined Weak Reference
    __sigvec_lookup                           - Undefined Weak Reference
    _atexit_init                              - Undefined Weak Reference
    _call_atexit_fns                          - Undefined Weak Reference
    _clock_init                               - Undefined Weak Reference
    _fp_trap_init                             - Undefined Weak Reference
    _fp_trap_shutdown                         - Undefined Weak Reference
    _get_lc_collate                           - Undefined Weak Reference
    _get_lc_ctype                             - Undefined Weak Reference
    _get_lc_monetary                          - Undefined Weak Reference
    _get_lc_numeric                           - Undefined Weak Reference
    _get_lc_time                              - Undefined Weak Reference
    _getenv_init                              - Undefined Weak Reference
    _handle_redirection                       - Undefined Weak Reference
    _init_alloc                               - Undefined Weak Reference
    _init_user_alloc                          - Undefined Weak Reference
    _initio                                   - Undefined Weak Reference
    _rand_init                                - Undefined Weak Reference
    _signal_finish                            - Undefined Weak Reference
    _signal_init                              - Undefined Weak Reference
    _terminate_alloc                          - Undefined Weak Reference
    _terminate_user_alloc                     - Undefined Weak Reference
    _terminateio                              - Undefined Weak Reference
    __Vectors_End                            0x00000400   Data           0  startup_mk60d10.o(RESET)
    __Vectors_Size                           0x00000400   Number         0  startup_mk60d10.o ABSOLUTE
    __main                                   0x00000411   Thumb Code     8  __main.o(!!!main)
    __scatterload                            0x00000419   Thumb Code     0  __scatter.o(!!!scatter)
    __scatterload_rt2                        0x00000419   Thumb Code    44  __scatter.o(!!!scatter)
    __scatterload_rt2_thumb_only             0x00000419   Thumb Code     0  __scatter.o(!!!scatter)
    __scatterload_null                       0x00000427   Thumb Code     0  __scatter.o(!!!scatter)
    __scatterload_copy                       0x0000044d   Thumb Code    26  __scatter_copy.o(!!handler_copy)
    __scatterload_zeroinit                   0x00000469   Thumb Code    28  __scatter_zi.o(!!handler_zi)
    __rt_lib_init                            0x00000485   Thumb Code     0  libinit.o(.ARM.Collect$$libinit$$00000000)
    __rt_lib_init_alloca_1                   0x00000487   Thumb Code     0  libinit2.o(.ARM.Collect$$libinit$$0000002E)
    __rt_lib_init_argv_1                     0x00000487   Thumb Code     0  libinit2.o(.ARM.Collect$$libinit$$0000002C)
    __rt_lib_init_atexit_1                   0x00000487   Thumb Code     0  libinit2.o(.ARM.Collect$$libinit$$0000001B)
    __rt_lib_init_clock_1                    0x00000487   Thumb Code     0  libinit2.o(.ARM.Collect$$libinit$$00000021)
    __rt_lib_init_cpp_1                      0x00000487   Thumb Code     0  libinit2.o(.ARM.Collect$$libinit$$00000032)
    __rt_lib_init_exceptions_1               0x00000487   Thumb Code     0  libinit2.o(.ARM.Collect$$libinit$$00000030)
    __rt_lib_init_fp_1                       0x00000487   Thumb Code     0  libinit2.o(.ARM.Collect$$libinit$$00000002)
    __rt_lib_init_fp_trap_1                  0x00000487   Thumb Code     0  libinit2.o(.ARM.Collect$$libinit$$0000001F)
    __rt_lib_init_getenv_1                   0x00000487   Thumb Code     0  libinit2.o(.ARM.Collect$$libinit$$00000023)
    __rt_lib_init_heap_1                     0x00000487   Thumb Code     0  libinit2.o(.ARM.Collect$$libinit$$0000000A)
    __rt_lib_init_lc_collate_1               0x00000487   Thumb Code     0  libinit2.o(.ARM.Collect$$libinit$$00000011)
    __rt_lib_init_lc_ctype_1                 0x00000487   Thumb Code     0  libinit2.o(.ARM.Collect$$libinit$$00000013)
    __rt_lib_init_lc_monetary_1              0x00000487   Thumb Code     0  libinit2.o(.ARM.Collect$$libinit$$00000015)
    __rt_lib_init_lc_numeric_1               0x00000487   Thumb Code     0  libinit2.o(.ARM.Collect$$libinit$$00000017)
    __rt_lib_init_lc_time_1                  0x00000487   Thumb Code     0  libinit2.o(.ARM.Collect$$libinit$$00000019)
    __rt_lib_init_preinit_1                  0x00000487   Thumb Code     0  libinit2.o(.ARM.Collect$$libinit$$00000004)
    __rt_lib_init_rand_1                     0x00000487   Thumb Code     0  libinit2.o(.ARM.Collect$$libinit$$0000000E)
    __rt_lib_init_return                     0x00000487   Thumb Code     0  libinit2.o(.ARM.Collect$$libinit$$00000033)
    __rt_lib_init_signal_1                   0x00000487   Thumb Code     0  libinit2.o(.ARM.Collect$$libinit$$0000001D)
    __rt_lib_init_stdio_1                    0x00000487   Thumb Code     0  libinit2.o(.ARM.Collect$$libinit$$00000025)
    __rt_lib_init_user_alloc_1               0x00000487   Thumb Code     0  libinit2.o(.ARM.Collect$$libinit$$0000000C)
    __rt_lib_shutdown                        0x00000489   Thumb Code     0  libshutdown.o(.ARM.Collect$$libshutdown$$00000000)
    __rt_lib_shutdown_fp_trap_1              0x0000048b   Thumb Code     0  libshutdown2.o(.ARM.Collect$$libshutdown$$00000006)
    __rt_lib_shutdown_heap_1                 0x0000048b   Thumb Code     0  libshutdown2.o(.ARM.Collect$$libshutdown$$0000000E)
    __rt_lib_shutdown_return                 0x0000048b   Thumb Code     0  libshutdown2.o(.ARM.Collect$$libshutdown$$0000000F)
    __rt_lib_shutdown_signal_1               0x0000048b   Thumb Code     0  libshutdown2.o(.ARM.Collect$$libshutdown$$00000009)
    __rt_lib_shutdown_stdio_1                0x0000048b   Thumb Code     0  libshutdown2.o(.ARM.Collect$$libshutdown$$00000003)
    __rt_lib_shutdown_user_alloc_1           0x0000048b   Thumb Code     0  libshutdown2.o(.ARM.Collect$$libshutdown$$0000000B)
    __rt_entry                               0x0000048d   Thumb Code     0  __rtentry.o(.ARM.Collect$$rtentry$$00000000)
    __rt_entry_presh_1                       0x0000048d   Thumb Code     0  __rtentry2.o(.ARM.Collect$$rtentry$$00000002)
    __rt_entry_sh                            0x0000048d   Thumb Code     0  __rtentry4.o(.ARM.Collect$$rtentry$$00000004)
    __rt_entry_li                            0x00000493   Thumb Code     0  __rtentry2.o(.ARM.Collect$$rtentry$$0000000A)
    __rt_entry_postsh_1                      0x00000493   Thumb Code     0  __rtentry2.o(.ARM.Collect$$rtentry$$00000009)
    __rt_entry_main                          0x00000497   Thumb Code     0  __rtentry2.o(.ARM.Collect$$rtentry$$0000000D)
    __rt_entry_postli_1                      0x00000497   Thumb Code     0  __rtentry2.o(.ARM.Collect$$rtentry$$0000000C)
    __rt_exit                                0x0000049f   Thumb Code     0  rtexit.o(.ARM.Collect$$rtexit$$00000000)
    __rt_exit_ls                             0x000004a1   Thumb Code     0  rtexit2.o(.ARM.Collect$$rtexit$$00000003)
    __rt_exit_prels_1                        0x000004a1   Thumb Code     0  rtexit2.o(.ARM.Collect$$rtexit$$00000002)
    __rt_exit_exit                           0x000004a5   Thumb Code     0  rtexit2.o(.ARM.Collect$$rtexit$$00000004)
    Reset_Handler                            0x000004ad   Thumb Code     8  startup_mk60d10.o(.text)
    HardFault_Handler                        0x000004b7   Thumb Code     2  startup_mk60d10.o(.text)
    MemManage_Handler                        0x000004b9   Thumb Code     2  startup_mk60d10.o(.text)
    BusFault_Handler                         0x000004bb   Thumb Code     2  startup_mk60d10.o(.text)
    UsageFault_Handler                       0x000004bd   Thumb Code     2  startup_mk60d10.o(.text)
    SVC_Handler                              0x000004bf   Thumb Code     2  startup_mk60d10.o(.text)
    DebugMon_Handler                         0x000004c1   Thumb Code     2  startup_mk60d10.o(.text)
    PendSV_Handler                           0x000004c3   Thumb Code     2  startup_mk60d10.o(.text)
    SysTick_Handler                          0x000004c5   Thumb Code     2  startup_mk60d10.o(.text)
    CAN0_Bus_Off_IRQHandler                  0x000004c7   Thumb Code     0  startup_mk60d10.o(.text)
    CAN0_Error_IRQHandler                    0x000004c7   Thumb Code     0  startup_mk60d10.o(.text)
    CAN0_ORed_Message_buffer_IRQHandler      0x000004c7   Thumb Code     0  startup_mk60d10.o(.text)
    CAN0_Rx_Warning_IRQHandler               0x000004c7   Thumb Code     0  startup_mk60d10.o(.text)
    CAN0_Tx_Warning_IRQHandler               0x000004c7   Thumb Code     0  startup_mk60d10.o(.text)
    CAN0_Wake_Up_IRQHandler                  0x000004c7   Thumb Code     0  startup_mk60d10.o(.text)
    CAN1_Bus_Off_IRQHandler                  0x000004c7   Thumb Code     0  startup_mk60d10.o(.text)
    CAN1_Error_IRQHandler                    0x000004c7   Thumb Code     0  startup_mk60d10.o(.text)
    CAN1_ORed_Message_buffer_IRQHandler      0x000004c7   Thumb Code     0  startup_mk60d10.o(.text)
    CAN1_Rx_Warning_IRQHandler               0x000004c7   Thumb Code     0  startup_mk60d10.o(.text)
    CAN1_Tx_Warning_IRQHandler               0x000004c7   Thumb Code     0  startup_mk60d10.o(.text)
    CAN1_Wake_Up_IRQHandler                  0x000004c7   Thumb Code     0  startup_mk60d10.o(.text)
    CMP0_IRQHandler                          0x000004c7   Thumb Code     0  startup_mk60d10.o(.text)
    CMP1_IRQHandler                          0x000004c7   Thumb Code     0  startup_mk60d10.o(.text)
    CMP2_IRQHandler                          0x000004c7   Thumb Code     0  startup_mk60d10.o(.text)
    CMT_IRQHandler                           0x000004c7   Thumb Code     0  startup_mk60d10.o(.text)
    DMA_Error_IRQHandler                     0x000004c7   Thumb Code     0  startup_mk60d10.o(.text)
    DefaultISR                               0x000004c7   Thumb Code     0  startup_mk60d10.o(.text)
    ENET_1588_Timer_IRQHandler               0x000004c7   Thumb Code     0  startup_mk60d10.o(.text)
    ENET_Error_IRQHandler                    0x000004c7   Thumb Code     0  startup_mk60d10.o(.text)
    ENET_Receive_IRQHandler                  0x000004c7   Thumb Code     0  startup_mk60d10.o(.text)
    ENET_Transmit_IRQHandler                 0x000004c7   Thumb Code     0  startup_mk60d10.o(.text)
    FTFL_IRQHandler                          0x000004c7   Thumb Code     0  startup_mk60d10.o(.text)
    I2C0_IRQHandler                          0x000004c7   Thumb Code     0  startup_mk60d10.o(.text)
    I2C1_IRQHandler                          0x000004c7   Thumb Code     0  startup_mk60d10.o(.text)
    I2S0_Rx_IRQHandler                       0x000004c7   Thumb Code     0  startup_mk60d10.o(.text)
    I2S0_Tx_IRQHandler                       0x000004c7   Thumb Code     0  startup_mk60d10.o(.text)
    LLW_IRQHandler                           0x000004c7   Thumb Code     0  startup_mk60d10.o(.text)
    LVD_LVW_IRQHandler                       0x000004c7   Thumb Code     0  startup_mk60d10.o(.text)
    MCG_IRQHandler                           0x000004c7   Thumb Code     0  startup_mk60d10.o(.text)
    MCM_IRQHandler                           0x000004c7   Thumb Code     0  startup_mk60d10.o(.text)
    PDB0_IRQHandler                          0x000004c7   Thumb Code     0  startup_mk60d10.o(.text)
    RNG_IRQHandler                           0x000004c7   Thumb Code     0  startup_mk60d10.o(.text)
    RTC_Seconds_IRQHandler                   0x000004c7   Thumb Code     0  startup_mk60d10.o(.text)
    Read_Collision_IRQHandler                0x000004c7   Thumb Code     0  startup_mk60d10.o(.text)
    Reserved102_IRQHandler                   0x000004c7   Thumb Code     0  startup_mk60d10.o(.text)
    Reserved108_IRQHandler                   0x000004c7   Thumb Code     0  startup_mk60d10.o(.text)
    Reserved109_IRQHandler                   0x000004c7   Thumb Code     0  startup_mk60d10.o(.text)
    Reserved111_IRQHandler                   0x000004c7   Thumb Code     0  startup_mk60d10.o(.text)
    Reserved112_IRQHandler                   0x000004c7   Thumb Code     0  startup_mk60d10.o(.text)
    Reserved113_IRQHandler                   0x000004c7   Thumb Code     0  startup_mk60d10.o(.text)
    Reserved114_IRQHandler                   0x000004c7   Thumb Code     0  startup_mk60d10.o(.text)
    Reserved115_IRQHandler                   0x000004c7   Thumb Code     0  startup_mk60d10.o(.text)
    Reserved116_IRQHandler                   0x000004c7   Thumb Code     0  startup_mk60d10.o(.text)
    Reserved117_IRQHandler                   0x000004c7   Thumb Code     0  startup_mk60d10.o(.text)
    Reserved118_IRQHandler                   0x000004c7   Thumb Code     0  startup_mk60d10.o(.text)
    Reserved119_IRQHandler                   0x000004c7   Thumb Code     0  startup_mk60d10.o(.text)
    Reserved59_IRQHandler                    0x000004c7   Thumb Code     0  startup_mk60d10.o(.text)
    Reserved95_IRQHandler                    0x000004c7   Thumb Code     0  startup_mk60d10.o(.text)
    SDHC_IRQHandler                          0x000004c7   Thumb Code     0  startup_mk60d10.o(.text)
    SWI_IRQHandler                           0x000004c7   Thumb Code     0  startup_mk60d10.o(.text)
    TSI0_IRQHandler                          0x000004c7   Thumb Code     0  startup_mk60d10.o(.text)
    UART0_ERR_IRQHandler                     0x000004c7   Thumb Code     0  startup_mk60d10.o(.text)
    UART0_LON_IRQHandler                     0x000004c7   Thumb Code     0  startup_mk60d10.o(.text)
    UART1_ERR_IRQHandler                     0x000004c7   Thumb Code     0  startup_mk60d10.o(.text)
    UART2_ERR_IRQHandler                     0x000004c7   Thumb Code     0  startup_mk60d10.o(.text)
    UART3_ERR_IRQHandler                     0x000004c7   Thumb Code     0  startup_mk60d10.o(.text)
    UART4_ERR_IRQHandler                     0x000004c7   Thumb Code     0  startup_mk60d10.o(.text)
    UART5_ERR_IRQHandler                     0x000004c7   Thumb Code     0  startup_mk60d10.o(.text)
    USB0_IRQHandler                          0x000004c7   Thumb Code     0  startup_mk60d10.o(.text)
    USBDCD_IRQHandler                        0x000004c7   Thumb Code     0  startup_mk60d10.o(.text)
    __user_initial_stackheap                 0x000004c9   Thumb Code     0  startup_mk60d10.o(.text)
    SystemInit                               0x000004ed   Thumb Code   196  system_mk60d10.o(.text)
    SystemCoreClockUpdate                    0x000005b1   Thumb Code   324  system_mk60d10.o(.text)
    SysInitialization                        0x00000715   Thumb Code    36  main.o(.text)
    main                                     0x00000739   Thumb Code    20  main.o(.text)
    ISR_Config                               0x0000094d   Thumb Code    64  isr.o(.text)
    ADC_IsConversionCompleted                0x000009ad   Thumb Code    26  adc.o(.text)
    ADC_Calibration                          0x000009c7   Thumb Code   254  adc.o(.text)
    ADC_Init                                 0x00000ac5   Thumb Code   662  adc.o(.text)
    ADC_EnableHardwareTrigger                0x00000d5b   Thumb Code    58  adc.o(.text)
    ADC_ChlMuxConfig                         0x00000d95   Thumb Code    48  adc.o(.text)
    ADC_QuickInit                            0x00000dc5   Thumb Code   146  adc.o(.text)
    ADC_StartConversion                      0x00000e57   Thumb Code    54  adc.o(.text)
    ADC_ReadValue                            0x00000e8d   Thumb Code    16  adc.o(.text)
    ADC_QuickReadValue                       0x00000e9d   Thumb Code    54  adc.o(.text)
    ADC_ITDMAConfig                          0x00000ed3   Thumb Code   170  adc.o(.text)
    ADC_CallbackInstall                      0x00000f7d   Thumb Code    10  adc.o(.text)
    ADC0_IRQHandler                          0x00000f87   Thumb Code    16  adc.o(.text)
    ADC1_IRQHandler                          0x00000f97   Thumb Code    16  adc.o(.text)
    GetClock                                 0x00000fb9   Thumb Code   104  common.o(.text)
    EnterSTOPMode                            0x00001021   Thumb Code    54  common.o(.text)
    QuickInitEncode                          0x00001057   Thumb Code     6  common.o(.text)
    GetUID                                   0x0000105d   Thumb Code    16  common.o(.text)
    QuickInitDecode                          0x0000106d   Thumb Code    10  common.o(.text)
    DWT_DelayInit                            0x00001077   Thumb Code    30  common.o(.text)
    DWT_DelayUs                              0x00001095   Thumb Code    62  common.o(.text)
    DWT_DelayMs                              0x000010d3   Thumb Code    18  common.o(.text)
    DelayInit                                0x000010e5   Thumb Code     8  common.o(.text)
    DelayMs                                  0x000010ed   Thumb Code    12  common.o(.text)
    DelayUs                                  0x000010f9   Thumb Code    12  common.o(.text)
    NMI_Handler                              0x00001105   Thumb Code     2  common.o(.text)
    NVIC_Init                                0x00001107   Thumb Code   182  common.o(.text)
    DAC_Init                                 0x000011dd   Thumb Code   566  dac.o(.text)
    DAC_GetBufferReadPointer                 0x00001413   Thumb Code    16  dac.o(.text)
    DAC_SetBufferReadPointer                 0x00001423   Thumb Code    54  dac.o(.text)
    DAC_SetBufferUpperLimit                  0x00001459   Thumb Code    52  dac.o(.text)
    DAC_ITDMAConfig                          0x0000148d   Thumb Code   350  dac.o(.text)
    DAC_SoftwareStartConversion              0x000015eb   Thumb Code    26  dac.o(.text)
    DAC_SetWaterMark                         0x00001605   Thumb Code   146  dac.o(.text)
    DAC_SetBufferValue                       0x00001697   Thumb Code    50  dac.o(.text)
    DAC_CallbackInstall                      0x000016c9   Thumb Code    10  dac.o(.text)
    DAC0_IRQHandler                          0x0000174d   Thumb Code    10  dac.o(.text)
    DAC1_IRQHandler                          0x00001757   Thumb Code    10  dac.o(.text)
    DMA_Init                                 0x00001781   Thumb Code   372  dma.o(.text)
    DMA_ChlAlloc                             0x000018f5   Thumb Code    46  dma.o(.text)
    DMA_ChlFree                              0x00001923   Thumb Code    16  dma.o(.text)
    DMA_GetMajorLoopCount                    0x00001933   Thumb Code    16  dma.o(.text)
    DMA_SetMajorLoopCounter                  0x00001943   Thumb Code    44  dma.o(.text)
    DMA_EnableRequest                        0x0000196f   Thumb Code    10  dma.o(.text)
    DMA_DisableRequest                       0x00001979   Thumb Code    10  dma.o(.text)
    DMA_EnableAutoDisableRequest             0x00001983   Thumb Code    46  dma.o(.text)
    DMA_EnableMajorLink                      0x000019b1   Thumb Code    94  dma.o(.text)
    DMA_ITConfig                             0x00001a0f   Thumb Code   140  dma.o(.text)
    DMA_CallbackInstall                      0x00001a9b   Thumb Code    10  dma.o(.text)
    DMA_IsMajorLoopComplete                  0x00001aa5   Thumb Code    56  dma.o(.text)
    DMA_SetDestAddress                       0x00001add   Thumb Code    10  dma.o(.text)
    DMA_GetDestAddress                       0x00001ae7   Thumb Code    12  dma.o(.text)
    DMA_SetSourceAddress                     0x00001af3   Thumb Code    10  dma.o(.text)
    DMA_GetSourceAddress                     0x00001afd   Thumb Code    12  dma.o(.text)
    DMA_CancelTransfer                       0x00001b09   Thumb Code    14  dma.o(.text)
    DMA0_IRQHandler                          0x00001b35   Thumb Code    10  dma.o(.text)
    DMA1_IRQHandler                          0x00001b3f   Thumb Code    10  dma.o(.text)
    DMA2_IRQHandler                          0x00001b49   Thumb Code    10  dma.o(.text)
    DMA3_IRQHandler                          0x00001b53   Thumb Code    10  dma.o(.text)
    DMA4_IRQHandler                          0x00001b5d   Thumb Code    40  dma.o(.text)
    DMA5_IRQHandler                          0x00001b85   Thumb Code    10  dma.o(.text)
    DMA6_IRQHandler                          0x00001b8f   Thumb Code    10  dma.o(.text)
    DMA7_IRQHandler                          0x00001b99   Thumb Code    10  dma.o(.text)
    DMA8_IRQHandler                          0x00001ba3   Thumb Code    10  dma.o(.text)
    DMA9_IRQHandler                          0x00001bad   Thumb Code    10  dma.o(.text)
    DMA10_IRQHandler                         0x00001bb7   Thumb Code    10  dma.o(.text)
    DMA11_IRQHandler                         0x00001bc1   Thumb Code    10  dma.o(.text)
    DMA12_IRQHandler                         0x00001bcb   Thumb Code    10  dma.o(.text)
    DMA13_IRQHandler                         0x00001bd5   Thumb Code    10  dma.o(.text)
    DMA14_IRQHandler                         0x00001bdf   Thumb Code    10  dma.o(.text)
    DMA15_IRQHandler                         0x00001be9   Thumb Code    10  dma.o(.text)
    FTM_PWM_InvertPolarity                   0x00001d3f   Thumb Code   132  ftm.o(.text)
    FTM_QD_QuickInit                         0x00002237   Thumb Code   376  ftm.o(.text)
    FTM_QD_GetData                           0x000023af   Thumb Code    30  ftm.o(.text)
    FTM_QD_ClearCount                        0x000023cd   Thumb Code    12  ftm.o(.text)
    FTM_PWM_ChangeDuty                       0x000023d9   Thumb Code   156  ftm.o(.text)
    FTM_PWM_QuickInit                        0x00002475   Thumb Code   450  ftm.o(.text)
    FTM_IC_QuickInit                         0x00002637   Thumb Code   204  ftm.o(.text)
    FTM_IC_SetTriggerMode                    0x00002703   Thumb Code   194  ftm.o(.text)
    FTM_GetChlCounter                        0x000027c5   Thumb Code    18  ftm.o(.text)
    FTM_SetMoudleCounter                     0x000027d7   Thumb Code    10  ftm.o(.text)
    FTM_CallbackInstall                      0x000027e1   Thumb Code    10  ftm.o(.text)
    FTM_ITDMAConfig                          0x000027eb   Thumb Code   370  ftm.o(.text)
    FTM0_IRQHandler                          0x0000295d   Thumb Code   102  ftm.o(.text)
    FTM1_IRQHandler                          0x000029c3   Thumb Code   102  ftm.o(.text)
    FTM2_IRQHandler                          0x00002a29   Thumb Code   102  ftm.o(.text)
    PORT_PinMuxConfig                        0x00002aa1   Thumb Code    74  gpio.o(.text)
    PORT_PinPullConfig                       0x00002aeb   Thumb Code   162  gpio.o(.text)
    PORT_PinOpenDrainConfig                  0x00002b8d   Thumb Code    72  gpio.o(.text)
    PORT_PinPassiveFilterConfig              0x00002bd5   Thumb Code    72  gpio.o(.text)
    GPIO_PinConfig                           0x00002c1d   Thumb Code    70  gpio.o(.text)
    GPIO_Init                                0x00002c63   Thumb Code   196  gpio.o(.text)
    GPIO_QuickInit                           0x00002d27   Thumb Code    30  gpio.o(.text)
    GPIO_WriteBit                            0x00002d45   Thumb Code    68  gpio.o(.text)
    GPIO_SetBit                              0x00002d89   Thumb Code    24  gpio.o(.text)
    GPIO_ResetBit                            0x00002da1   Thumb Code    24  gpio.o(.text)
    GPIO_ReadBit                             0x00002db9   Thumb Code    50  gpio.o(.text)
    GPIO_ToggleBit                           0x00002deb   Thumb Code    24  gpio.o(.text)
    GPIO_ReadPort                            0x00002e03   Thumb Code    12  gpio.o(.text)
    GPIO_WritePort                           0x00002e0f   Thumb Code    10  gpio.o(.text)
    GPIO_ITDMAConfig                         0x00002e19   Thumb Code   380  gpio.o(.text)
    GPIO_CallbackInstall                     0x00002f95   Thumb Code    26  gpio.o(.text)
    PORTA_IRQHandler                         0x00002fdf   Thumb Code    10  gpio.o(.text)
    PORTB_IRQHandler                         0x00002fe9   Thumb Code    10  gpio.o(.text)
    PORTC_IRQHandler                         0x00002ff3   Thumb Code    10  gpio.o(.text)
    PORTD_IRQHandler                         0x00002ffd   Thumb Code    10  gpio.o(.text)
    PORTE_IRQHandler                         0x00003007   Thumb Code    10  gpio.o(.text)
    LPTMR_TC_Init                            0x0000303d   Thumb Code    78  lptmr.o(.text)
    LPTMR_PC_Init                            0x0000308b   Thumb Code   178  lptmr.o(.text)
    LPTMR_ITDMAConfig                        0x0000313d   Thumb Code    92  lptmr.o(.text)
    LPTMR_CallbackInstall                    0x00003199   Thumb Code    26  lptmr.o(.text)
    LPTMR_PC_ReadCounter                     0x000031b3   Thumb Code    18  lptmr.o(.text)
    LPTMR_PC_QuickInit                       0x000031c5   Thumb Code   110  lptmr.o(.text)
    LPTMR_ClearCounter                       0x00003233   Thumb Code    24  lptmr.o(.text)
    LPTimer_IRQHandler                       0x0000324b   Thumb Code    28  lptmr.o(.text)
    PIT_Init                                 0x00003279   Thumb Code    94  pit.o(.text)
    PIT_QuickInit                            0x000032d7   Thumb Code    20  pit.o(.text)
    PIT_ITDMAConfig                          0x000032eb   Thumb Code   114  pit.o(.text)
    PIT_ResetCounter                         0x0000335d   Thumb Code    42  pit.o(.text)
    PIT_GetCounterValue                      0x00003387   Thumb Code    12  pit.o(.text)
    PIT_CallbackInstall                      0x00003393   Thumb Code    22  pit.o(.text)
    PIT0_IRQHandler                          0x000033d3   Thumb Code    10  pit.o(.text)
    PIT1_IRQHandler                          0x000033dd   Thumb Code    10  pit.o(.text)
    PIT2_IRQHandler                          0x000033e7   Thumb Code    10  pit.o(.text)
    PIT3_IRQHandler                          0x000033f1   Thumb Code    10  pit.o(.text)
    RTC_GetWeek                              0x00003419   Thumb Code   108  rtc.o(.text)
    RTC_GetTime                              0x00003593   Thumb Code    26  rtc.o(.text)
    RTC_IsTimeValid                          0x000035ad   Thumb Code    14  rtc.o(.text)
    RTC_SetAlarm                             0x000035bb   Thumb Code    28  rtc.o(.text)
    RTC_SetCompensation                      0x000035d7   Thumb Code    54  rtc.o(.text)
    RTC_Init                                 0x0000360d   Thumb Code   162  rtc.o(.text)
    RTC_QuickInit                            0x000036af   Thumb Code    14  rtc.o(.text)
    RTC_GetTSR                               0x000036bd   Thumb Code     6  rtc.o(.text)
    RTC_GetTAR                               0x000036c3   Thumb Code     6  rtc.o(.text)
    RTC_SetTime                              0x000036c9   Thumb Code    46  rtc.o(.text)
    RTC_SetTSR                               0x000036f7   Thumb Code    26  rtc.o(.text)
    RTC_ITDMAConfig                          0x00003711   Thumb Code   128  rtc.o(.text)
    RTC_CallbackInstall                      0x00003791   Thumb Code     8  rtc.o(.text)
    RTC_IRQHandler                           0x00003799   Thumb Code    72  rtc.o(.text)
    RTCInit                                  0x000037e1   Thumb Code   106  rtc.o(.text)
    setdelay                                 0x0000384b   Thumb Code    48  rtc.o(.text)
    checkdelay                               0x0000387b   Thumb Code    50  rtc.o(.text)
    GetSysMsTime                             0x000038ad   Thumb Code    24  rtc.o(.text)
    GetSys100UsTime                          0x000038c5   Thumb Code    24  rtc.o(.text)
    SPI_CTARConfig                           0x000039df   Thumb Code   346  spi.o(.text)
    SPI_Init                                 0x00003b39   Thumb Code   148  spi.o(.text)
    SPI_QuickInit                            0x00003bcd   Thumb Code    98  spi.o(.text)
    SPI_EnableTxFIFO                         0x00003c2f   Thumb Code    66  spi.o(.text)
    SPI_EnableRxFIFO                         0x00003c71   Thumb Code    66  spi.o(.text)
    SPI_ITDMAConfig                          0x00003cb3   Thumb Code   196  spi.o(.text)
    SPI_CallbackInstall                      0x00003d77   Thumb Code    10  spi.o(.text)
    SPI_ReadWriteByte                        0x00003d81   Thumb Code   114  spi.o(.text)
    SPI0_IRQHandler                          0x00003e1d   Thumb Code    10  spi.o(.text)
    SPI1_IRQHandler                          0x00003e27   Thumb Code    10  spi.o(.text)
    SPI2_IRQHandler                          0x00003e31   Thumb Code    10  spi.o(.text)
    UART_GetTxFIFOSize                       0x00003e45   Thumb Code    22  uart.o(.text)
    UART_WriteByte                           0x00003e5b   Thumb Code   118  uart.o(.text)
    fputc                                    0x00003ed1   Thumb Code    20  uart.o(.text)
    UART_ReadByte                            0x00003ee5   Thumb Code    56  uart.o(.text)
    fgetc                                    0x00003f1d   Thumb Code    28  uart.o(.text)
    UART_printf                              0x00003f83   Thumb Code   110  uart.o(.text)
    UART_Init                                0x00003ff1   Thumb Code   742  uart.o(.text)
    UART_DeInit                              0x000042d7   Thumb Code    76  uart.o(.text)
    UART_SelectDebugInstance                 0x00004323   Thumb Code     6  uart.o(.text)
    UART_EnableTxFIFO                        0x00004329   Thumb Code    46  uart.o(.text)
    UART_EnableRxFIFO                        0x00004357   Thumb Code    46  uart.o(.text)
    UART_GetRxFIFOSize                       0x00004385   Thumb Code    22  uart.o(.text)
    UART_SetTxFIFOWatermark                  0x0000439b   Thumb Code    50  uart.o(.text)
    UART_SetRxFIFOWatermark                  0x000043cd   Thumb Code    50  uart.o(.text)
    UART_ITDMAConfig                         0x000043ff   Thumb Code   408  uart.o(.text)
    UART_CallbackTxInstall                   0x00004597   Thumb Code    48  uart.o(.text)
    UART_CallbackRxInstall                   0x000045c7   Thumb Code    48  uart.o(.text)
    UART_QuickInit                           0x000045f7   Thumb Code   146  uart.o(.text)
    UART0_RX_TX_IRQHandler                   0x00004747   Thumb Code    10  uart.o(.text)
    UART1_RX_TX_IRQHandler                   0x00004751   Thumb Code    10  uart.o(.text)
    UART2_RX_TX_IRQHandler                   0x0000475b   Thumb Code    10  uart.o(.text)
    UART3_RX_TX_IRQHandler                   0x00004765   Thumb Code    10  uart.o(.text)
    UART4_RX_TX_IRQHandler                   0x0000476f   Thumb Code    10  uart.o(.text)
    UART5_RX_TX_IRQHandler                   0x00004779   Thumb Code    10  uart.o(.text)
    WDOG_Init                                0x000047b9   Thumb Code   112  wdog.o(.text)
    WDOG_QuickInit                           0x00004829   Thumb Code    24  wdog.o(.text)
    WDOG_ITDMAConfig                         0x00004841   Thumb Code    84  wdog.o(.text)
    WDOG_CallbackInstall                     0x00004895   Thumb Code     8  wdog.o(.text)
    WDOG_GetResetCounter                     0x0000489d   Thumb Code     6  wdog.o(.text)
    WDOG_ClearResetCounter                   0x000048a3   Thumb Code    10  wdog.o(.text)
    WDOG_GetCurrentCounter                   0x000048ad   Thumb Code    14  wdog.o(.text)
    WDOG_Refresh                             0x000048bb   Thumb Code    32  wdog.o(.text)
    Watchdog_IRQHandler                      0x000048db   Thumb Code    28  wdog.o(.text)
    FreeCars_Init                            0x00004905   Thumb Code    16  freecars.o(.text)
    sendDataToScope                          0x00004915   Thumb Code    88  freecars.o(.text)
    push                                     0x0000496d   Thumb Code    44  freecars.o(.text)
    UartDebug                                0x00004999   Thumb Code   100  freecars.o(.text)
    UartCmd                                  0x000049fd   Thumb Code    98  freecars.o(.text)
    Encoder_Init                             0x00004a79   Thumb Code    28  encoder.o(.text)
    EncoderLeft_GetData                      0x00004a95   Thumb Code    20  encoder.o(.text)
    EncoderRight_GetData                     0x00004aa9   Thumb Code    20  encoder.o(.text)
    PID_Init                                 0x00004abd   Thumb Code    38  encoder.o(.text)
    Left_SpeedControl                        0x00004ae3   Thumb Code   296  encoder.o(.text)
    Right_SpeedControl                       0x00004c0b   Thumb Code   288  encoder.o(.text)
    Motor_Init                               0x00004d95   Thumb Code    54  motor.o(.text)
    MotorLeft_Control                        0x00004dcb   Thumb Code    78  motor.o(.text)
    MotorRight_Control                       0x00004e19   Thumb Code    74  motor.o(.text)
    __use_two_region_memory                  0x00004e71   Thumb Code     2  heapauxi.o(.text)
    __rt_heap_escrow$2region                 0x00004e73   Thumb Code     2  heapauxi.o(.text)
    __rt_heap_expand$2region                 0x00004e75   Thumb Code     2  heapauxi.o(.text)
    __user_setup_stackheap                   0x00004e77   Thumb Code    74  sys_stackheap_outer.o(.text)
    exit                                     0x00004ec1   Thumb Code    12  exit.o(.text)
    __user_libspace                          0x00004ecd   Thumb Code     8  libspace.o(.text)
    __user_perproc_libspace                  0x00004ecd   Thumb Code     0  libspace.o(.text)
    __user_perthread_libspace                0x00004ecd   Thumb Code     0  libspace.o(.text)
    _sys_exit                                0x00004ed5   Thumb Code     8  sys_exit.o(.text)
    __I$use$semihosting                      0x00004ee1   Thumb Code     0  use_no_semi.o(.text)
    __use_no_semihosting_swi                 0x00004ee1   Thumb Code     2  use_no_semi.o(.text)
    __semihosting_library_function           0x00004ee3   Thumb Code     0  indicate_semi.o(.text)
    __aeabi_d2f                              0x00004ee5   Thumb Code     0  d2f.o(x$fpl$d2f)
    _d2f                                     0x00004ee5   Thumb Code    98  d2f.o(x$fpl$d2f)
    __aeabi_ddiv                             0x00004f49   Thumb Code     0  ddiv.o(x$fpl$ddiv)
    _ddiv                                    0x00004f49   Thumb Code   552  ddiv.o(x$fpl$ddiv)
    __aeabi_i2d                              0x000051f9   Thumb Code     0  dflt_clz.o(x$fpl$dflt)
    _dflt                                    0x000051f9   Thumb Code    46  dflt_clz.o(x$fpl$dflt)
    __aeabi_dmul                             0x00005229   Thumb Code     0  dmul.o(x$fpl$dmul)
    _dmul                                    0x00005229   Thumb Code   332  dmul.o(x$fpl$dmul)
    __fpl_dnaninf                            0x0000537d   Thumb Code   156  dnaninf.o(x$fpl$dnaninf)
    __fpl_dretinf                            0x00005419   Thumb Code    12  dretinf.o(x$fpl$dretinf)
    __aeabi_f2d                              0x00005425   Thumb Code     0  f2d.o(x$fpl$f2d)
    _f2d                                     0x00005425   Thumb Code    86  f2d.o(x$fpl$f2d)
    __aeabi_fadd                             0x0000547d   Thumb Code     0  faddsub_clz.o(x$fpl$fadd)
    _fadd                                    0x0000547d   Thumb Code   196  faddsub_clz.o(x$fpl$fadd)
    __fpl_fcmp_Inf                           0x00005541   Thumb Code    24  fcmpi.o(x$fpl$fcmpinf)
    __aeabi_f2iz                             0x00005559   Thumb Code     0  ffix.o(x$fpl$ffix)
    _ffix                                    0x00005559   Thumb Code    54  ffix.o(x$fpl$ffix)
    __aeabi_i2f                              0x00005591   Thumb Code     0  fflt_clz.o(x$fpl$fflt)
    _fflt                                    0x00005591   Thumb Code    48  fflt_clz.o(x$fpl$fflt)
    __aeabi_cfcmple                          0x000055c1   Thumb Code     0  fleqf.o(x$fpl$fleqf)
    _fcmple                                  0x000055c1   Thumb Code   104  fleqf.o(x$fpl$fleqf)
    __fpl_fcmple_InfNaN                      0x00005613   Thumb Code     0  fleqf.o(x$fpl$fleqf)
    __aeabi_fmul                             0x00005629   Thumb Code     0  fmul.o(x$fpl$fmul)
    _fmul                                    0x00005629   Thumb Code   258  fmul.o(x$fpl$fmul)
    __fpl_fnaninf                            0x0000572b   Thumb Code   140  fnaninf.o(x$fpl$fnaninf)
    __fpl_fretinf                            0x000057b7   Thumb Code    10  fretinf.o(x$fpl$fretinf)
    __aeabi_cfrcmple                         0x000057c1   Thumb Code     0  frleqf.o(x$fpl$frleqf)
    _frcmple                                 0x000057c1   Thumb Code    98  frleqf.o(x$fpl$frleqf)
    __aeabi_fsub                             0x00005825   Thumb Code     0  faddsub_clz.o(x$fpl$fsub)
    _fsub                                    0x00005825   Thumb Code   234  faddsub_clz.o(x$fpl$fsub)
    __I$use$fp                               0x0000590e   Number         0  usenofp.o(x$fpl$usenofp)
    SPI_InstanceTable                        0x00005a20   Data          12  spi.o(.constdata)
    Region$$Table$$Base                      0x00005b3c   Number         0  anon$$obj.o(Region$$Table)
    Region$$Table$$Limit                     0x00005b6c   Number         0  anon$$obj.o(Region$$Table)
    SystemCoreClock                          0x1fff0000   Data           4  system_mk60d10.o(.data)
    SysTimer                                 0x1fff0024   Data           4  rtc.o(.data)
    __stdout                                 0x1fff005c   Data           4  uart.o(.data)
    __stdin                                  0x1fff0060   Data           4  uart.o(.data)
    FreeCarsDataNum                          0x1fff0070   Data           1  freecars.o(.data)
    speedLeft                                0x1fff0074   Data           4  encoder.o(.data)
    dirLeft                                  0x1fff0078   Data           1  encoder.o(.data)
    speedRight                               0x1fff007c   Data           4  encoder.o(.data)
    dirRight                                 0x1fff0080   Data           1  encoder.o(.data)
    L_fPreDelta                              0x1fff0084   Data           4  encoder.o(.data)
    L_fDelta                                 0x1fff0088   Data           4  encoder.o(.data)
    L_fP                                     0x1fff008c   Data           4  encoder.o(.data)
    L_fI                                     0x1fff0090   Data           4  encoder.o(.data)
    L_fD                                     0x1fff0094   Data           4  encoder.o(.data)
    R_fPreDelta                              0x1fff0098   Data           4  encoder.o(.data)
    R_fDelta                                 0x1fff009c   Data           4  encoder.o(.data)
    R_fP                                     0x1fff00a0   Data           4  encoder.o(.data)
    R_fI                                     0x1fff00a4   Data           4  encoder.o(.data)
    R_fD                                     0x1fff00a8   Data           4  encoder.o(.data)
    uSendBuf                                 0x1fff0158   Data          40  freecars.o(.bss)
    SerialPortRx                             0x1fff0180   Data         108  freecars.o(.bss)
    UartData                                 0x1fff01f0   Data          72  freecars.o(.bss)
    LeftSpeedCtr                             0x1fff0238   Data          36  encoder.o(.bss)
    RightSpeedCtr                            0x1fff025c   Data          36  encoder.o(.bss)
    __libspace_start                         0x1fff0280   Data          96  libspace.o(.bss)
    __temporary_stack_top$libspace           0x1fff02e0   Data           0  libspace.o(.bss)



==============================================================================

Memory Map of the image

  Image Entry point : 0x00000411

  Load Region LR_IROM1 (Base: 0x00000000, Size: 0x00005c18, Max: 0x00080000, ABSOLUTE)

    Execution Region ER_IROM1 (Base: 0x00000000, Size: 0x00005b6c, Max: 0x00080000, ABSOLUTE)

    Base Addr    Size         Type   Attr      Idx    E Section Name        Object

    0x00000000   0x00000400   Data   RO            3    RESET               startup_mk60d10.o
    0x00000400   0x00000010   Code   RO            4    .ARM.__at_0x400     startup_mk60d10.o
    0x00000410   0x00000008   Code   RO          798  * !!!main             c_w.l(__main.o)
    0x00000418   0x00000034   Code   RO         1027    !!!scatter          c_w.l(__scatter.o)
    0x0000044c   0x0000001a   Code   RO         1029    !!handler_copy      c_w.l(__scatter_copy.o)
    0x00000466   0x00000002   PAD
    0x00000468   0x0000001c   Code   RO         1031    !!handler_zi        c_w.l(__scatter_zi.o)
    0x00000484   0x00000002   Code   RO          898    .ARM.Collect$$libinit$$00000000  c_w.l(libinit.o)
    0x00000486   0x00000000   Code   RO          905    .ARM.Collect$$libinit$$00000002  c_w.l(libinit2.o)
    0x00000486   0x00000000   Code   RO          907    .ARM.Collect$$libinit$$00000004  c_w.l(libinit2.o)
    0x00000486   0x00000000   Code   RO          910    .ARM.Collect$$libinit$$0000000A  c_w.l(libinit2.o)
    0x00000486   0x00000000   Code   RO          912    .ARM.Collect$$libinit$$0000000C  c_w.l(libinit2.o)
    0x00000486   0x00000000   Code   RO          914    .ARM.Collect$$libinit$$0000000E  c_w.l(libinit2.o)
    0x00000486   0x00000000   Code   RO          917    .ARM.Collect$$libinit$$00000011  c_w.l(libinit2.o)
    0x00000486   0x00000000   Code   RO          919    .ARM.Collect$$libinit$$00000013  c_w.l(libinit2.o)
    0x00000486   0x00000000   Code   RO          921    .ARM.Collect$$libinit$$00000015  c_w.l(libinit2.o)
    0x00000486   0x00000000   Code   RO          923    .ARM.Collect$$libinit$$00000017  c_w.l(libinit2.o)
    0x00000486   0x00000000   Code   RO          925    .ARM.Collect$$libinit$$00000019  c_w.l(libinit2.o)
    0x00000486   0x00000000   Code   RO          927    .ARM.Collect$$libinit$$0000001B  c_w.l(libinit2.o)
    0x00000486   0x00000000   Code   RO          929    .ARM.Collect$$libinit$$0000001D  c_w.l(libinit2.o)
    0x00000486   0x00000000   Code   RO          931    .ARM.Collect$$libinit$$0000001F  c_w.l(libinit2.o)
    0x00000486   0x00000000   Code   RO          933    .ARM.Collect$$libinit$$00000021  c_w.l(libinit2.o)
    0x00000486   0x00000000   Code   RO          935    .ARM.Collect$$libinit$$00000023  c_w.l(libinit2.o)
    0x00000486   0x00000000   Code   RO          937    .ARM.Collect$$libinit$$00000025  c_w.l(libinit2.o)
    0x00000486   0x00000000   Code   RO          941    .ARM.Collect$$libinit$$0000002C  c_w.l(libinit2.o)
    0x00000486   0x00000000   Code   RO          943    .ARM.Collect$$libinit$$0000002E  c_w.l(libinit2.o)
    0x00000486   0x00000000   Code   RO          945    .ARM.Collect$$libinit$$00000030  c_w.l(libinit2.o)
    0x00000486   0x00000000   Code   RO          947    .ARM.Collect$$libinit$$00000032  c_w.l(libinit2.o)
    0x00000486   0x00000002   Code   RO          948    .ARM.Collect$$libinit$$00000033  c_w.l(libinit2.o)
    0x00000488   0x00000002   Code   RO          968    .ARM.Collect$$libshutdown$$00000000  c_w.l(libshutdown.o)
    0x0000048a   0x00000000   Code   RO          982    .ARM.Collect$$libshutdown$$00000003  c_w.l(libshutdown2.o)
    0x0000048a   0x00000000   Code   RO          985    .ARM.Collect$$libshutdown$$00000006  c_w.l(libshutdown2.o)
    0x0000048a   0x00000000   Code   RO          988    .ARM.Collect$$libshutdown$$00000009  c_w.l(libshutdown2.o)
    0x0000048a   0x00000000   Code   RO          990    .ARM.Collect$$libshutdown$$0000000B  c_w.l(libshutdown2.o)
    0x0000048a   0x00000000   Code   RO          993    .ARM.Collect$$libshutdown$$0000000E  c_w.l(libshutdown2.o)
    0x0000048a   0x00000002   Code   RO          994    .ARM.Collect$$libshutdown$$0000000F  c_w.l(libshutdown2.o)
    0x0000048c   0x00000000   Code   RO          860    .ARM.Collect$$rtentry$$00000000  c_w.l(__rtentry.o)
    0x0000048c   0x00000000   Code   RO          875    .ARM.Collect$$rtentry$$00000002  c_w.l(__rtentry2.o)
    0x0000048c   0x00000006   Code   RO          887    .ARM.Collect$$rtentry$$00000004  c_w.l(__rtentry4.o)
    0x00000492   0x00000000   Code   RO          877    .ARM.Collect$$rtentry$$00000009  c_w.l(__rtentry2.o)
    0x00000492   0x00000004   Code   RO          878    .ARM.Collect$$rtentry$$0000000A  c_w.l(__rtentry2.o)
    0x00000496   0x00000000   Code   RO          880    .ARM.Collect$$rtentry$$0000000C  c_w.l(__rtentry2.o)
    0x00000496   0x00000008   Code   RO          881    .ARM.Collect$$rtentry$$0000000D  c_w.l(__rtentry2.o)
    0x0000049e   0x00000002   Code   RO          902    .ARM.Collect$$rtexit$$00000000  c_w.l(rtexit.o)
    0x000004a0   0x00000000   Code   RO          950    .ARM.Collect$$rtexit$$00000002  c_w.l(rtexit2.o)
    0x000004a0   0x00000004   Code   RO          951    .ARM.Collect$$rtexit$$00000003  c_w.l(rtexit2.o)
    0x000004a4   0x00000006   Code   RO          952    .ARM.Collect$$rtexit$$00000004  c_w.l(rtexit2.o)
    0x000004aa   0x00000002   PAD
    0x000004ac   0x00000040   Code   RO            5    .text               startup_mk60d10.o
    0x000004ec   0x00000228   Code   RO           15    .text               system_mk60d10.o
    0x00000714   0x00000038   Code   RO           61    .text               main.o
    0x0000074c   0x00000260   Code   RO          221    .text               isr.o
    0x000009ac   0x0000060c   Code   RO          259    .text               adc.o
    0x00000fb8   0x00000224   Code   RO          286    .text               common.o
    0x000011dc   0x000005a4   Code   RO          337    .text               dac.o
    0x00001780   0x00000472   Code   RO          363    .text               dma.o
    0x00001bf2   0x00000002   PAD
    0x00001bf4   0x00000eac   Code   RO          391    .text               ftm.o
    0x00002aa0   0x0000059c   Code   RO          414    .text               gpio.o
    0x0000303c   0x0000023c   Code   RO          462    .text               lptmr.o
    0x00003278   0x000001a0   Code   RO          485    .text               pit.o
    0x00003418   0x000004e4   Code   RO          509    .text               rtc.o
    0x000038fc   0x00000548   Code   RO          556    .text               spi.o
    0x00003e44   0x00000960   Code   RO          608    .text               uart.o
    0x000047a4   0x00000160   Code   RO          661    .text               wdog.o
    0x00004904   0x00000174   Code   RO          683    .text               freecars.o
    0x00004a78   0x0000031c   Code   RO          721    .text               encoder.o
    0x00004d94   0x000000dc   Code   RO          740    .text               motor.o
    0x00004e70   0x00000006   Code   RO          796    .text               c_w.l(heapauxi.o)
    0x00004e76   0x0000004a   Code   RO          889    .text               c_w.l(sys_stackheap_outer.o)
    0x00004ec0   0x0000000c   Code   RO          891    .text               c_w.l(exit.o)
    0x00004ecc   0x00000008   Code   RO          899    .text               c_w.l(libspace.o)
    0x00004ed4   0x0000000c   Code   RO          960    .text               c_w.l(sys_exit.o)
    0x00004ee0   0x00000002   Code   RO          971    .text               c_w.l(use_no_semi.o)
    0x00004ee2   0x00000000   Code   RO          973    .text               c_w.l(indicate_semi.o)
    0x00004ee2   0x00000002   PAD
    0x00004ee4   0x00000062   Code   RO          800    x$fpl$d2f           fz_ws.l(d2f.o)
    0x00004f46   0x00000002   PAD
    0x00004f48   0x000002b0   Code   RO          809    x$fpl$ddiv          fz_ws.l(ddiv.o)
    0x000051f8   0x0000002e   Code   RO          817    x$fpl$dflt          fz_ws.l(dflt_clz.o)
    0x00005226   0x00000002   PAD
    0x00005228   0x00000154   Code   RO          824    x$fpl$dmul          fz_ws.l(dmul.o)
    0x0000537c   0x0000009c   Code   RO          863    x$fpl$dnaninf       fz_ws.l(dnaninf.o)
    0x00005418   0x0000000c   Code   RO          865    x$fpl$dretinf       fz_ws.l(dretinf.o)
    0x00005424   0x00000056   Code   RO          828    x$fpl$f2d           fz_ws.l(f2d.o)
    0x0000547a   0x00000002   PAD
    0x0000547c   0x000000c4   Code   RO          830    x$fpl$fadd          fz_ws.l(faddsub_clz.o)
    0x00005540   0x00000018   Code   RO          867    x$fpl$fcmpinf       fz_ws.l(fcmpi.o)
    0x00005558   0x00000036   Code   RO          840    x$fpl$ffix          fz_ws.l(ffix.o)
    0x0000558e   0x00000002   PAD
    0x00005590   0x00000030   Code   RO          849    x$fpl$fflt          fz_ws.l(fflt_clz.o)
    0x000055c0   0x00000068   Code   RO          854    x$fpl$fleqf         fz_ws.l(fleqf.o)
    0x00005628   0x00000102   Code   RO          856    x$fpl$fmul          fz_ws.l(fmul.o)
    0x0000572a   0x0000008c   Code   RO          869    x$fpl$fnaninf       fz_ws.l(fnaninf.o)
    0x000057b6   0x0000000a   Code   RO          871    x$fpl$fretinf       fz_ws.l(fretinf.o)
    0x000057c0   0x00000062   Code   RO          858    x$fpl$frleqf        fz_ws.l(frleqf.o)
    0x00005822   0x00000002   PAD
    0x00005824   0x000000ea   Code   RO          832    x$fpl$fsub          fz_ws.l(faddsub_clz.o)
    0x0000590e   0x00000000   Code   RO          873    x$fpl$usenofp       fz_ws.l(usenofp.o)
    0x0000590e   0x00000002   PAD
    0x00005910   0x00000022   Data   RO          260    .constdata          adc.o
    0x00005932   0x00000002   PAD
    0x00005934   0x0000000a   Data   RO          338    .constdata          dac.o
    0x0000593e   0x00000002   PAD
    0x00005940   0x00000014   Data   RO          365    .constdata          dma.o
    0x00005954   0x0000003f   Data   RO          393    .constdata          ftm.o
    0x00005993   0x00000001   PAD
    0x00005994   0x00000041   Data   RO          416    .constdata          gpio.o
    0x000059d5   0x00000003   PAD
    0x000059d8   0x00000010   Data   RO          463    .constdata          lptmr.o
    0x000059e8   0x00000004   Data   RO          487    .constdata          pit.o
    0x000059ec   0x00000034   Data   RO          510    .constdata          rtc.o
    0x00005a20   0x00000084   Data   RO          558    .constdata          spi.o
    0x00005aa4   0x00000084   Data   RO          610    .constdata          uart.o
    0x00005b28   0x00000011   Data   RO          611    .conststring        uart.o
    0x00005b39   0x00000003   PAD
    0x00005b3c   0x00000030   Data   RO         1025    Region$$Table       anon$$obj.o


    Execution Region RW_IRAM2 (Base: 0x1fff0000, Size: 0x00000ae0, Max: 0x00010000, ABSOLUTE)

    Base Addr    Size         Type   Attr      Idx    E Section Name        Object

    0x1fff0000   0x00000004   Data   RW           16    .data               system_mk60d10.o
    0x1fff0004   0x00000008   Data   RW          261    .data               adc.o
    0x1fff000c   0x00000008   Data   RW          339    .data               dac.o
    0x1fff0014   0x00000004   Data   RW          366    .data               dma.o
    0x1fff0018   0x00000004   Data   RW          464    .data               lptmr.o
    0x1fff001c   0x00000004   Data   RW          488    .data               pit.o
    0x1fff0020   0x00000038   Data   RW          511    .data               rtc.o
    0x1fff0058   0x00000011   Data   RW          612    .data               uart.o
    0x1fff0069   0x00000003   PAD
    0x1fff006c   0x00000004   Data   RW          662    .data               wdog.o
    0x1fff0070   0x00000001   Data   RW          686    .data               freecars.o
    0x1fff0071   0x00000003   PAD
    0x1fff0074   0x00000038   Data   RW          723    .data               encoder.o
    0x1fff00ac   0x00000040   Zero   RW          364    .bss                dma.o
    0x1fff00ec   0x0000000c   Zero   RW          392    .bss                ftm.o
    0x1fff00f8   0x00000014   Zero   RW          415    .bss                gpio.o
    0x1fff010c   0x00000010   Zero   RW          486    .bss                pit.o
    0x1fff011c   0x0000000c   Zero   RW          557    .bss                spi.o
    0x1fff0128   0x00000030   Zero   RW          609    .bss                uart.o
    0x1fff0158   0x000000e0   Zero   RW          684    .bss                freecars.o
    0x1fff0238   0x00000048   Zero   RW          722    .bss                encoder.o
    0x1fff0280   0x00000060   Zero   RW          900    .bss                c_w.l(libspace.o)
    0x1fff02e0   0x00000800   Zero   RW            2    HEAP                startup_mk60d10.o


    Execution Region RW_IRAM1 (Base: 0x20000000, Size: 0x00001000, Max: 0x00010000, ABSOLUTE)

    Base Addr    Size         Type   Attr      Idx    E Section Name        Object

    0x20000000   0x00001000   Zero   RW            1    STACK               startup_mk60d10.o


==============================================================================

Image component sizes


      Code (inc. data)   RO Data    RW Data    ZI Data      Debug   Object Name

      1548         36         34          8          0      26794   adc.o
       548         32          0          0          0      26545   common.o
      1444         34         10          8          0       5053   dac.o
      1138         30         20          4         64      29009   dma.o
       796        106          0         56         72       3417   encoder.o
       372         40          0          1        224       2920   freecars.o
      3756         72         63          0         12       6718   ftm.o
      1436         62         65          0         20       6055   gpio.o
       608         32          0          0          0       1097   isr.o
       572         18         16          4          0       2888   lptmr.o
        56          0          0          0          0      19385   main.o
       220         14          0          0          0        906   motor.o
       416         30          4          4         16       3078   pit.o
      1252         44         52         56          0       5610   rtc.o
      1352         44        132          0         12       6752   spi.o
        80         42       1024          0       6144       1144   startup_mk60d10.o
       552         40          0          4          0     240957   system_mk60d10.o
      2400         70        149         17         48       8722   uart.o
       352         14          0          4          0       2945   wdog.o

    ----------------------------------------------------------------------
     18900        760       1628        172       6612     399995   Object Totals
         0          0         48          0          0          0   (incl. Generated)
         2          0         11          6          0          0   (incl. Padding)

    ----------------------------------------------------------------------

      Code (inc. data)   RO Data    RW Data    ZI Data      Debug   Library Member Name

         8          0          0          0          0         68   __main.o
         0          0          0          0          0          0   __rtentry.o
        12          0          0          0          0          0   __rtentry2.o
         6          0          0          0          0          0   __rtentry4.o
        52          8          0          0          0          0   __scatter.o
        26          0          0          0          0          0   __scatter_copy.o
        28          0          0          0          0          0   __scatter_zi.o
        12          0          0          0          0         72   exit.o
         6          0          0          0          0        152   heapauxi.o
         0          0          0          0          0          0   indicate_semi.o
         2          0          0          0          0          0   libinit.o
         2          0          0          0          0          0   libinit2.o
         2          0          0          0          0          0   libshutdown.o
         2          0          0          0          0          0   libshutdown2.o
         8          4          0          0         96         68   libspace.o
         2          0          0          0          0          0   rtexit.o
        10          0          0          0          0          0   rtexit2.o
        12          4          0          0          0         68   sys_exit.o
        74          0          0          0          0         80   sys_stackheap_outer.o
         2          0          0          0          0         68   use_no_semi.o
        98          4          0          0          0         92   d2f.o
       688        140          0          0          0        208   ddiv.o
        46          0          0          0          0         68   dflt_clz.o
       340         12          0          0          0        104   dmul.o
       156          4          0          0          0         92   dnaninf.o
        12          0          0          0          0         68   dretinf.o
        86          4          0          0          0         84   f2d.o
       430          8          0          0          0        168   faddsub_clz.o
        24          0          0          0          0         68   fcmpi.o
        54          4          0          0          0         84   ffix.o
        48          0          0          0          0         68   fflt_clz.o
       104          4          0          0          0         84   fleqf.o
       258          4          0          0          0         84   fmul.o
       140          4          0          0          0         84   fnaninf.o
        10          0          0          0          0         68   fretinf.o
        98          0          0          0          0         68   frleqf.o
         0          0          0          0          0          0   usenofp.o

    ----------------------------------------------------------------------
      2876        204          0          0         96       2068   Library Totals
        18          0          0          0          0          0   (incl. Padding)

    ----------------------------------------------------------------------

      Code (inc. data)   RO Data    RW Data    ZI Data      Debug   Library Name

       266         16          0          0         96        576   c_w.l
      2592        188          0          0          0       1492   fz_ws.l

    ----------------------------------------------------------------------
      2876        204          0          0         96       2068   Library Totals

    ----------------------------------------------------------------------

==============================================================================


      Code (inc. data)   RO Data    RW Data    ZI Data      Debug   

     21776        964       1628        172       6708     399043   Grand Totals
     21776        964       1628        172       6708     399043   ELF Image Totals
     21776        964       1628        172          0          0   ROM Totals

==============================================================================

    Total RO  Size (Code + RO Data)                23404 (  22.86kB)
    Total RW  Size (RW Data + ZI Data)              6880 (   6.72kB)
    Total ROM Size (Code + RO Data + RW Data)      23576 (  23.02kB)

==============================================================================

